ARM GAS  C:\Users\ylee818\AppData\Local\Temp\ccugIPnv.s 			page 1


   1              		.syntax unified
   2              		.cpu cortex-m3
   3              		.fpu softvfp
   4              		.eabi_attribute 20, 1
   5              		.eabi_attribute 21, 1
   6              		.eabi_attribute 23, 3
   7              		.eabi_attribute 24, 1
   8              		.eabi_attribute 25, 1
   9              		.eabi_attribute 26, 1
  10              		.eabi_attribute 30, 6
  11              		.eabi_attribute 34, 1
  12              		.eabi_attribute 18, 4
  13              		.thumb
  14              		.syntax unified
  15              		.file	"isr_eoc.c"
  16              		.text
  17              	.Ltext0:
  18              		.cfi_sections	.debug_frame
  19              		.section	.text.isr_eoc_Start,"ax",%progbits
  20              		.align	2
  21              		.global	isr_eoc_Start
  22              		.thumb
  23              		.thumb_func
  24              		.type	isr_eoc_Start, %function
  25              	isr_eoc_Start:
  26              	.LFB63:
  27              		.file 1 "Generated_Source\\PSoC5\\isr_eoc.c"
   1:Generated_Source\PSoC5/isr_eoc.c **** /*******************************************************************************
   2:Generated_Source\PSoC5/isr_eoc.c **** * File Name: isr_eoc.c  
   3:Generated_Source\PSoC5/isr_eoc.c **** * Version 1.71
   4:Generated_Source\PSoC5/isr_eoc.c **** *
   5:Generated_Source\PSoC5/isr_eoc.c **** *  Description:
   6:Generated_Source\PSoC5/isr_eoc.c **** *   API for controlling the state of an interrupt.
   7:Generated_Source\PSoC5/isr_eoc.c **** *
   8:Generated_Source\PSoC5/isr_eoc.c **** *
   9:Generated_Source\PSoC5/isr_eoc.c **** *  Note:
  10:Generated_Source\PSoC5/isr_eoc.c **** *
  11:Generated_Source\PSoC5/isr_eoc.c **** ********************************************************************************
  12:Generated_Source\PSoC5/isr_eoc.c **** * Copyright 2008-2015, Cypress Semiconductor Corporation.  All rights reserved.
  13:Generated_Source\PSoC5/isr_eoc.c **** * You may use this file only in accordance with the license, terms, conditions, 
  14:Generated_Source\PSoC5/isr_eoc.c **** * disclaimers, and limitations in the end user license agreement accompanying 
  15:Generated_Source\PSoC5/isr_eoc.c **** * the software package with which this file was provided.
  16:Generated_Source\PSoC5/isr_eoc.c **** *******************************************************************************/
  17:Generated_Source\PSoC5/isr_eoc.c **** 
  18:Generated_Source\PSoC5/isr_eoc.c **** 
  19:Generated_Source\PSoC5/isr_eoc.c **** #include <cydevice_trm.h>
  20:Generated_Source\PSoC5/isr_eoc.c **** #include <CyLib.h>
  21:Generated_Source\PSoC5/isr_eoc.c **** #include <isr_eoc.h>
  22:Generated_Source\PSoC5/isr_eoc.c **** 
  23:Generated_Source\PSoC5/isr_eoc.c **** 
  24:Generated_Source\PSoC5/isr_eoc.c **** #if !defined(isr_eoc__REMOVED) /* Check for removal by optimization */
  25:Generated_Source\PSoC5/isr_eoc.c **** 
  26:Generated_Source\PSoC5/isr_eoc.c **** /*******************************************************************************
  27:Generated_Source\PSoC5/isr_eoc.c **** *  Place your includes, defines and code here 
  28:Generated_Source\PSoC5/isr_eoc.c **** ********************************************************************************/
  29:Generated_Source\PSoC5/isr_eoc.c **** /* `#START isr_eoc_intc` */
  30:Generated_Source\PSoC5/isr_eoc.c **** #include <project.h>   
ARM GAS  C:\Users\ylee818\AppData\Local\Temp\ccugIPnv.s 			page 2


  31:Generated_Source\PSoC5/isr_eoc.c **** #include "defines.h"
  32:Generated_Source\PSoC5/isr_eoc.c **** extern uint16 adcvalue[8];
  33:Generated_Source\PSoC5/isr_eoc.c **** extern uint8 dataready_flag;
  34:Generated_Source\PSoC5/isr_eoc.c **** /* `#END` */
  35:Generated_Source\PSoC5/isr_eoc.c **** 
  36:Generated_Source\PSoC5/isr_eoc.c **** #ifndef CYINT_IRQ_BASE
  37:Generated_Source\PSoC5/isr_eoc.c **** #define CYINT_IRQ_BASE      16
  38:Generated_Source\PSoC5/isr_eoc.c **** #endif /* CYINT_IRQ_BASE */
  39:Generated_Source\PSoC5/isr_eoc.c **** #ifndef CYINT_VECT_TABLE
  40:Generated_Source\PSoC5/isr_eoc.c **** #define CYINT_VECT_TABLE    ((cyisraddress **) CYREG_NVIC_VECT_OFFSET)
  41:Generated_Source\PSoC5/isr_eoc.c **** #endif /* CYINT_VECT_TABLE */
  42:Generated_Source\PSoC5/isr_eoc.c **** 
  43:Generated_Source\PSoC5/isr_eoc.c **** /* Declared in startup, used to set unused interrupts to. */
  44:Generated_Source\PSoC5/isr_eoc.c **** CY_ISR_PROTO(IntDefaultHandler);
  45:Generated_Source\PSoC5/isr_eoc.c **** 
  46:Generated_Source\PSoC5/isr_eoc.c **** 
  47:Generated_Source\PSoC5/isr_eoc.c **** /*******************************************************************************
  48:Generated_Source\PSoC5/isr_eoc.c **** * Function Name: isr_eoc_Start
  49:Generated_Source\PSoC5/isr_eoc.c **** ********************************************************************************
  50:Generated_Source\PSoC5/isr_eoc.c **** *
  51:Generated_Source\PSoC5/isr_eoc.c **** * Summary:
  52:Generated_Source\PSoC5/isr_eoc.c **** *  Set up the interrupt and enable it. This function disables the interrupt, 
  53:Generated_Source\PSoC5/isr_eoc.c **** *  sets the default interrupt vector, sets the priority from the value in the
  54:Generated_Source\PSoC5/isr_eoc.c **** *  Design Wide Resources Interrupt Editor, then enables the interrupt to the 
  55:Generated_Source\PSoC5/isr_eoc.c **** *  interrupt controller.
  56:Generated_Source\PSoC5/isr_eoc.c **** *
  57:Generated_Source\PSoC5/isr_eoc.c **** * Parameters:  
  58:Generated_Source\PSoC5/isr_eoc.c **** *   None
  59:Generated_Source\PSoC5/isr_eoc.c **** *
  60:Generated_Source\PSoC5/isr_eoc.c **** * Return:
  61:Generated_Source\PSoC5/isr_eoc.c **** *   None
  62:Generated_Source\PSoC5/isr_eoc.c **** *
  63:Generated_Source\PSoC5/isr_eoc.c **** *******************************************************************************/
  64:Generated_Source\PSoC5/isr_eoc.c **** void isr_eoc_Start(void)
  65:Generated_Source\PSoC5/isr_eoc.c **** {
  28              		.loc 1 65 0
  29              		.cfi_startproc
  30              		@ args = 0, pretend = 0, frame = 0
  31              		@ frame_needed = 1, uses_anonymous_args = 0
  32 0000 80B5     		push	{r7, lr}
  33              		.cfi_def_cfa_offset 8
  34              		.cfi_offset 7, -8
  35              		.cfi_offset 14, -4
  36 0002 00AF     		add	r7, sp, #0
  37              		.cfi_def_cfa_register 7
  66:Generated_Source\PSoC5/isr_eoc.c ****     /* For all we know the interrupt is active. */
  67:Generated_Source\PSoC5/isr_eoc.c ****     isr_eoc_Disable();
  38              		.loc 1 67 0
  39 0004 FFF7FEFF 		bl	isr_eoc_Disable
  68:Generated_Source\PSoC5/isr_eoc.c **** 
  69:Generated_Source\PSoC5/isr_eoc.c ****     /* Set the ISR to point to the isr_eoc Interrupt. */
  70:Generated_Source\PSoC5/isr_eoc.c ****     isr_eoc_SetVector(&isr_eoc_Interrupt);
  40              		.loc 1 70 0
  41 0008 0448     		ldr	r0, .L2
  42 000a FFF7FEFF 		bl	isr_eoc_SetVector
  71:Generated_Source\PSoC5/isr_eoc.c **** 
  72:Generated_Source\PSoC5/isr_eoc.c ****     /* Set the priority. */
ARM GAS  C:\Users\ylee818\AppData\Local\Temp\ccugIPnv.s 			page 3


  73:Generated_Source\PSoC5/isr_eoc.c ****     isr_eoc_SetPriority((uint8)isr_eoc_INTC_PRIOR_NUMBER);
  43              		.loc 1 73 0
  44 000e 0720     		movs	r0, #7
  45 0010 FFF7FEFF 		bl	isr_eoc_SetPriority
  74:Generated_Source\PSoC5/isr_eoc.c **** 
  75:Generated_Source\PSoC5/isr_eoc.c ****     /* Enable it. */
  76:Generated_Source\PSoC5/isr_eoc.c ****     isr_eoc_Enable();
  46              		.loc 1 76 0
  47 0014 FFF7FEFF 		bl	isr_eoc_Enable
  77:Generated_Source\PSoC5/isr_eoc.c **** }
  48              		.loc 1 77 0
  49 0018 00BF     		nop
  50 001a 80BD     		pop	{r7, pc}
  51              	.L3:
  52              		.align	2
  53              	.L2:
  54 001c 00000000 		.word	isr_eoc_Interrupt
  55              		.cfi_endproc
  56              	.LFE63:
  57              		.size	isr_eoc_Start, .-isr_eoc_Start
  58              		.section	.text.isr_eoc_StartEx,"ax",%progbits
  59              		.align	2
  60              		.global	isr_eoc_StartEx
  61              		.thumb
  62              		.thumb_func
  63              		.type	isr_eoc_StartEx, %function
  64              	isr_eoc_StartEx:
  65              	.LFB64:
  78:Generated_Source\PSoC5/isr_eoc.c **** 
  79:Generated_Source\PSoC5/isr_eoc.c **** 
  80:Generated_Source\PSoC5/isr_eoc.c **** /*******************************************************************************
  81:Generated_Source\PSoC5/isr_eoc.c **** * Function Name: isr_eoc_StartEx
  82:Generated_Source\PSoC5/isr_eoc.c **** ********************************************************************************
  83:Generated_Source\PSoC5/isr_eoc.c **** *
  84:Generated_Source\PSoC5/isr_eoc.c **** * Summary:
  85:Generated_Source\PSoC5/isr_eoc.c **** *  Sets up the interrupt and enables it. This function disables the interrupt,
  86:Generated_Source\PSoC5/isr_eoc.c **** *  sets the interrupt vector based on the address passed in, sets the priority 
  87:Generated_Source\PSoC5/isr_eoc.c **** *  from the value in the Design Wide Resources Interrupt Editor, then enables 
  88:Generated_Source\PSoC5/isr_eoc.c **** *  the interrupt to the interrupt controller.
  89:Generated_Source\PSoC5/isr_eoc.c **** *  
  90:Generated_Source\PSoC5/isr_eoc.c **** *  When defining ISR functions, the CY_ISR and CY_ISR_PROTO macros should be 
  91:Generated_Source\PSoC5/isr_eoc.c **** *  used to provide consistent definition across compilers:
  92:Generated_Source\PSoC5/isr_eoc.c **** *  
  93:Generated_Source\PSoC5/isr_eoc.c **** *  Function definition example:
  94:Generated_Source\PSoC5/isr_eoc.c **** *   CY_ISR(MyISR)
  95:Generated_Source\PSoC5/isr_eoc.c **** *   {
  96:Generated_Source\PSoC5/isr_eoc.c **** *   }
  97:Generated_Source\PSoC5/isr_eoc.c **** *   Function prototype example:
  98:Generated_Source\PSoC5/isr_eoc.c **** *   CY_ISR_PROTO(MyISR);
  99:Generated_Source\PSoC5/isr_eoc.c **** *
 100:Generated_Source\PSoC5/isr_eoc.c **** * Parameters:  
 101:Generated_Source\PSoC5/isr_eoc.c **** *   address: Address of the ISR to set in the interrupt vector table.
 102:Generated_Source\PSoC5/isr_eoc.c **** *
 103:Generated_Source\PSoC5/isr_eoc.c **** * Return:
 104:Generated_Source\PSoC5/isr_eoc.c **** *   None
 105:Generated_Source\PSoC5/isr_eoc.c **** *
 106:Generated_Source\PSoC5/isr_eoc.c **** *******************************************************************************/
ARM GAS  C:\Users\ylee818\AppData\Local\Temp\ccugIPnv.s 			page 4


 107:Generated_Source\PSoC5/isr_eoc.c **** void isr_eoc_StartEx(cyisraddress address)
 108:Generated_Source\PSoC5/isr_eoc.c **** {
  66              		.loc 1 108 0
  67              		.cfi_startproc
  68              		@ args = 0, pretend = 0, frame = 8
  69              		@ frame_needed = 1, uses_anonymous_args = 0
  70 0000 80B5     		push	{r7, lr}
  71              		.cfi_def_cfa_offset 8
  72              		.cfi_offset 7, -8
  73              		.cfi_offset 14, -4
  74 0002 82B0     		sub	sp, sp, #8
  75              		.cfi_def_cfa_offset 16
  76 0004 00AF     		add	r7, sp, #0
  77              		.cfi_def_cfa_register 7
  78 0006 7860     		str	r0, [r7, #4]
 109:Generated_Source\PSoC5/isr_eoc.c ****     /* For all we know the interrupt is active. */
 110:Generated_Source\PSoC5/isr_eoc.c ****     isr_eoc_Disable();
  79              		.loc 1 110 0
  80 0008 FFF7FEFF 		bl	isr_eoc_Disable
 111:Generated_Source\PSoC5/isr_eoc.c **** 
 112:Generated_Source\PSoC5/isr_eoc.c ****     /* Set the ISR to point to the isr_eoc Interrupt. */
 113:Generated_Source\PSoC5/isr_eoc.c ****     isr_eoc_SetVector(address);
  81              		.loc 1 113 0
  82 000c 7868     		ldr	r0, [r7, #4]
  83 000e FFF7FEFF 		bl	isr_eoc_SetVector
 114:Generated_Source\PSoC5/isr_eoc.c **** 
 115:Generated_Source\PSoC5/isr_eoc.c ****     /* Set the priority. */
 116:Generated_Source\PSoC5/isr_eoc.c ****     isr_eoc_SetPriority((uint8)isr_eoc_INTC_PRIOR_NUMBER);
  84              		.loc 1 116 0
  85 0012 0720     		movs	r0, #7
  86 0014 FFF7FEFF 		bl	isr_eoc_SetPriority
 117:Generated_Source\PSoC5/isr_eoc.c **** 
 118:Generated_Source\PSoC5/isr_eoc.c ****     /* Enable it. */
 119:Generated_Source\PSoC5/isr_eoc.c ****     isr_eoc_Enable();
  87              		.loc 1 119 0
  88 0018 FFF7FEFF 		bl	isr_eoc_Enable
 120:Generated_Source\PSoC5/isr_eoc.c **** }
  89              		.loc 1 120 0
  90 001c 00BF     		nop
  91 001e 0837     		adds	r7, r7, #8
  92              		.cfi_def_cfa_offset 8
  93 0020 BD46     		mov	sp, r7
  94              		.cfi_def_cfa_register 13
  95              		@ sp needed
  96 0022 80BD     		pop	{r7, pc}
  97              		.cfi_endproc
  98              	.LFE64:
  99              		.size	isr_eoc_StartEx, .-isr_eoc_StartEx
 100              		.section	.text.isr_eoc_Stop,"ax",%progbits
 101              		.align	2
 102              		.global	isr_eoc_Stop
 103              		.thumb
 104              		.thumb_func
 105              		.type	isr_eoc_Stop, %function
 106              	isr_eoc_Stop:
 107              	.LFB65:
 121:Generated_Source\PSoC5/isr_eoc.c **** 
ARM GAS  C:\Users\ylee818\AppData\Local\Temp\ccugIPnv.s 			page 5


 122:Generated_Source\PSoC5/isr_eoc.c **** 
 123:Generated_Source\PSoC5/isr_eoc.c **** /*******************************************************************************
 124:Generated_Source\PSoC5/isr_eoc.c **** * Function Name: isr_eoc_Stop
 125:Generated_Source\PSoC5/isr_eoc.c **** ********************************************************************************
 126:Generated_Source\PSoC5/isr_eoc.c **** *
 127:Generated_Source\PSoC5/isr_eoc.c **** * Summary:
 128:Generated_Source\PSoC5/isr_eoc.c **** *   Disables and removes the interrupt.
 129:Generated_Source\PSoC5/isr_eoc.c **** *
 130:Generated_Source\PSoC5/isr_eoc.c **** * Parameters:  
 131:Generated_Source\PSoC5/isr_eoc.c **** *   None
 132:Generated_Source\PSoC5/isr_eoc.c **** *
 133:Generated_Source\PSoC5/isr_eoc.c **** * Return:
 134:Generated_Source\PSoC5/isr_eoc.c **** *   None
 135:Generated_Source\PSoC5/isr_eoc.c **** *
 136:Generated_Source\PSoC5/isr_eoc.c **** *******************************************************************************/
 137:Generated_Source\PSoC5/isr_eoc.c **** void isr_eoc_Stop(void)
 138:Generated_Source\PSoC5/isr_eoc.c **** {
 108              		.loc 1 138 0
 109              		.cfi_startproc
 110              		@ args = 0, pretend = 0, frame = 0
 111              		@ frame_needed = 1, uses_anonymous_args = 0
 112 0000 80B5     		push	{r7, lr}
 113              		.cfi_def_cfa_offset 8
 114              		.cfi_offset 7, -8
 115              		.cfi_offset 14, -4
 116 0002 00AF     		add	r7, sp, #0
 117              		.cfi_def_cfa_register 7
 139:Generated_Source\PSoC5/isr_eoc.c ****     /* Disable this interrupt. */
 140:Generated_Source\PSoC5/isr_eoc.c ****     isr_eoc_Disable();
 118              		.loc 1 140 0
 119 0004 FFF7FEFF 		bl	isr_eoc_Disable
 141:Generated_Source\PSoC5/isr_eoc.c **** 
 142:Generated_Source\PSoC5/isr_eoc.c ****     /* Set the ISR to point to the passive one. */
 143:Generated_Source\PSoC5/isr_eoc.c ****     isr_eoc_SetVector(&IntDefaultHandler);
 120              		.loc 1 143 0
 121 0008 0248     		ldr	r0, .L6
 122 000a FFF7FEFF 		bl	isr_eoc_SetVector
 144:Generated_Source\PSoC5/isr_eoc.c **** }
 123              		.loc 1 144 0
 124 000e 00BF     		nop
 125 0010 80BD     		pop	{r7, pc}
 126              	.L7:
 127 0012 00BF     		.align	2
 128              	.L6:
 129 0014 00000000 		.word	IntDefaultHandler
 130              		.cfi_endproc
 131              	.LFE65:
 132              		.size	isr_eoc_Stop, .-isr_eoc_Stop
 133              		.section	.text.isr_eoc_Interrupt,"ax",%progbits
 134              		.align	2
 135              		.global	isr_eoc_Interrupt
 136              		.thumb
 137              		.thumb_func
 138              		.type	isr_eoc_Interrupt, %function
 139              	isr_eoc_Interrupt:
 140              	.LFB66:
 145:Generated_Source\PSoC5/isr_eoc.c **** 
ARM GAS  C:\Users\ylee818\AppData\Local\Temp\ccugIPnv.s 			page 6


 146:Generated_Source\PSoC5/isr_eoc.c **** 
 147:Generated_Source\PSoC5/isr_eoc.c **** /*******************************************************************************
 148:Generated_Source\PSoC5/isr_eoc.c **** * Function Name: isr_eoc_Interrupt
 149:Generated_Source\PSoC5/isr_eoc.c **** ********************************************************************************
 150:Generated_Source\PSoC5/isr_eoc.c **** *
 151:Generated_Source\PSoC5/isr_eoc.c **** * Summary:
 152:Generated_Source\PSoC5/isr_eoc.c **** *   The default Interrupt Service Routine for isr_eoc.
 153:Generated_Source\PSoC5/isr_eoc.c **** *
 154:Generated_Source\PSoC5/isr_eoc.c **** *   Add custom code between the coments to keep the next version of this file
 155:Generated_Source\PSoC5/isr_eoc.c **** *   from over writting your code.
 156:Generated_Source\PSoC5/isr_eoc.c **** *
 157:Generated_Source\PSoC5/isr_eoc.c **** * Parameters:  
 158:Generated_Source\PSoC5/isr_eoc.c **** *
 159:Generated_Source\PSoC5/isr_eoc.c **** * Return:
 160:Generated_Source\PSoC5/isr_eoc.c **** *   None
 161:Generated_Source\PSoC5/isr_eoc.c **** *
 162:Generated_Source\PSoC5/isr_eoc.c **** *******************************************************************************/
 163:Generated_Source\PSoC5/isr_eoc.c **** CY_ISR(isr_eoc_Interrupt)
 164:Generated_Source\PSoC5/isr_eoc.c **** {
 141              		.loc 1 164 0
 142              		.cfi_startproc
 143              		@ args = 0, pretend = 0, frame = 0
 144              		@ frame_needed = 1, uses_anonymous_args = 0
 145 0000 80B5     		push	{r7, lr}
 146              		.cfi_def_cfa_offset 8
 147              		.cfi_offset 7, -8
 148              		.cfi_offset 14, -4
 149 0002 00AF     		add	r7, sp, #0
 150              		.cfi_def_cfa_register 7
 165:Generated_Source\PSoC5/isr_eoc.c ****     #ifdef isr_eoc_INTERRUPT_INTERRUPT_CALLBACK
 166:Generated_Source\PSoC5/isr_eoc.c ****         isr_eoc_Interrupt_InterruptCallback();
 167:Generated_Source\PSoC5/isr_eoc.c ****     #endif /* isr_eoc_INTERRUPT_INTERRUPT_CALLBACK */ 
 168:Generated_Source\PSoC5/isr_eoc.c **** 
 169:Generated_Source\PSoC5/isr_eoc.c ****     /*  Place your Interrupt code here. */
 170:Generated_Source\PSoC5/isr_eoc.c ****     /* `#START isr_eoc_Interrupt` */
 171:Generated_Source\PSoC5/isr_eoc.c ****     adcvalue[0] = ADC_GetResult16(0);
 151              		.loc 1 171 0
 152 0004 0020     		movs	r0, #0
 153 0006 FFF7FEFF 		bl	ADC_GetResult16
 154 000a 0346     		mov	r3, r0
 155 000c 9AB2     		uxth	r2, r3
 156 000e 1C4B     		ldr	r3, .L9
 157 0010 1A80     		strh	r2, [r3]	@ movhi
 172:Generated_Source\PSoC5/isr_eoc.c ****     adcvalue[1] = ADC_GetResult16(1);
 158              		.loc 1 172 0
 159 0012 0120     		movs	r0, #1
 160 0014 FFF7FEFF 		bl	ADC_GetResult16
 161 0018 0346     		mov	r3, r0
 162 001a 9AB2     		uxth	r2, r3
 163 001c 184B     		ldr	r3, .L9
 164 001e 5A80     		strh	r2, [r3, #2]	@ movhi
 173:Generated_Source\PSoC5/isr_eoc.c ****     adcvalue[2] = ADC_GetResult16(2);
 165              		.loc 1 173 0
 166 0020 0220     		movs	r0, #2
 167 0022 FFF7FEFF 		bl	ADC_GetResult16
 168 0026 0346     		mov	r3, r0
 169 0028 9AB2     		uxth	r2, r3
ARM GAS  C:\Users\ylee818\AppData\Local\Temp\ccugIPnv.s 			page 7


 170 002a 154B     		ldr	r3, .L9
 171 002c 9A80     		strh	r2, [r3, #4]	@ movhi
 174:Generated_Source\PSoC5/isr_eoc.c ****     adcvalue[3] = ADC_GetResult16(3);
 172              		.loc 1 174 0
 173 002e 0320     		movs	r0, #3
 174 0030 FFF7FEFF 		bl	ADC_GetResult16
 175 0034 0346     		mov	r3, r0
 176 0036 9AB2     		uxth	r2, r3
 177 0038 114B     		ldr	r3, .L9
 178 003a DA80     		strh	r2, [r3, #6]	@ movhi
 175:Generated_Source\PSoC5/isr_eoc.c ****     adcvalue[4] = ADC_GetResult16(4);
 179              		.loc 1 175 0
 180 003c 0420     		movs	r0, #4
 181 003e FFF7FEFF 		bl	ADC_GetResult16
 182 0042 0346     		mov	r3, r0
 183 0044 9AB2     		uxth	r2, r3
 184 0046 0E4B     		ldr	r3, .L9
 185 0048 1A81     		strh	r2, [r3, #8]	@ movhi
 176:Generated_Source\PSoC5/isr_eoc.c ****     adcvalue[5] = ADC_GetResult16(5);
 186              		.loc 1 176 0
 187 004a 0520     		movs	r0, #5
 188 004c FFF7FEFF 		bl	ADC_GetResult16
 189 0050 0346     		mov	r3, r0
 190 0052 9AB2     		uxth	r2, r3
 191 0054 0A4B     		ldr	r3, .L9
 192 0056 5A81     		strh	r2, [r3, #10]	@ movhi
 177:Generated_Source\PSoC5/isr_eoc.c ****     adcvalue[6] = ADC_GetResult16(6);
 193              		.loc 1 177 0
 194 0058 0620     		movs	r0, #6
 195 005a FFF7FEFF 		bl	ADC_GetResult16
 196 005e 0346     		mov	r3, r0
 197 0060 9AB2     		uxth	r2, r3
 198 0062 074B     		ldr	r3, .L9
 199 0064 9A81     		strh	r2, [r3, #12]	@ movhi
 178:Generated_Source\PSoC5/isr_eoc.c ****     adcvalue[7] = ADC_GetResult16(7);
 200              		.loc 1 178 0
 201 0066 0720     		movs	r0, #7
 202 0068 FFF7FEFF 		bl	ADC_GetResult16
 203 006c 0346     		mov	r3, r0
 204 006e 9AB2     		uxth	r2, r3
 205 0070 034B     		ldr	r3, .L9
 206 0072 DA81     		strh	r2, [r3, #14]	@ movhi
 179:Generated_Source\PSoC5/isr_eoc.c ****     dataready_flag = 1;
 207              		.loc 1 179 0
 208 0074 034B     		ldr	r3, .L9+4
 209 0076 0122     		movs	r2, #1
 210 0078 1A70     		strb	r2, [r3]
 180:Generated_Source\PSoC5/isr_eoc.c **** 
 181:Generated_Source\PSoC5/isr_eoc.c ****     /* `#END` */
 182:Generated_Source\PSoC5/isr_eoc.c **** }
 211              		.loc 1 182 0
 212 007a 00BF     		nop
 213 007c 80BD     		pop	{r7, pc}
 214              	.L10:
 215 007e 00BF     		.align	2
 216              	.L9:
 217 0080 00000000 		.word	adcvalue
ARM GAS  C:\Users\ylee818\AppData\Local\Temp\ccugIPnv.s 			page 8


 218 0084 00000000 		.word	dataready_flag
 219              		.cfi_endproc
 220              	.LFE66:
 221              		.size	isr_eoc_Interrupt, .-isr_eoc_Interrupt
 222              		.section	.text.isr_eoc_SetVector,"ax",%progbits
 223              		.align	2
 224              		.global	isr_eoc_SetVector
 225              		.thumb
 226              		.thumb_func
 227              		.type	isr_eoc_SetVector, %function
 228              	isr_eoc_SetVector:
 229              	.LFB67:
 183:Generated_Source\PSoC5/isr_eoc.c **** 
 184:Generated_Source\PSoC5/isr_eoc.c **** 
 185:Generated_Source\PSoC5/isr_eoc.c **** /*******************************************************************************
 186:Generated_Source\PSoC5/isr_eoc.c **** * Function Name: isr_eoc_SetVector
 187:Generated_Source\PSoC5/isr_eoc.c **** ********************************************************************************
 188:Generated_Source\PSoC5/isr_eoc.c **** *
 189:Generated_Source\PSoC5/isr_eoc.c **** * Summary:
 190:Generated_Source\PSoC5/isr_eoc.c **** *   Change the ISR vector for the Interrupt. Note calling isr_eoc_Start
 191:Generated_Source\PSoC5/isr_eoc.c **** *   will override any effect this method would have had. To set the vector 
 192:Generated_Source\PSoC5/isr_eoc.c **** *   before the component has been started use isr_eoc_StartEx instead.
 193:Generated_Source\PSoC5/isr_eoc.c **** * 
 194:Generated_Source\PSoC5/isr_eoc.c **** *   When defining ISR functions, the CY_ISR and CY_ISR_PROTO macros should be 
 195:Generated_Source\PSoC5/isr_eoc.c **** *   used to provide consistent definition across compilers:
 196:Generated_Source\PSoC5/isr_eoc.c **** *
 197:Generated_Source\PSoC5/isr_eoc.c **** *   Function definition example:
 198:Generated_Source\PSoC5/isr_eoc.c **** *   CY_ISR(MyISR)
 199:Generated_Source\PSoC5/isr_eoc.c **** *   {
 200:Generated_Source\PSoC5/isr_eoc.c **** *   }
 201:Generated_Source\PSoC5/isr_eoc.c **** *
 202:Generated_Source\PSoC5/isr_eoc.c **** *   Function prototype example:
 203:Generated_Source\PSoC5/isr_eoc.c **** *     CY_ISR_PROTO(MyISR);
 204:Generated_Source\PSoC5/isr_eoc.c **** *
 205:Generated_Source\PSoC5/isr_eoc.c **** * Parameters:
 206:Generated_Source\PSoC5/isr_eoc.c **** *   address: Address of the ISR to set in the interrupt vector table.
 207:Generated_Source\PSoC5/isr_eoc.c **** *
 208:Generated_Source\PSoC5/isr_eoc.c **** * Return:
 209:Generated_Source\PSoC5/isr_eoc.c **** *   None
 210:Generated_Source\PSoC5/isr_eoc.c **** *
 211:Generated_Source\PSoC5/isr_eoc.c **** *******************************************************************************/
 212:Generated_Source\PSoC5/isr_eoc.c **** void isr_eoc_SetVector(cyisraddress address)
 213:Generated_Source\PSoC5/isr_eoc.c **** {
 230              		.loc 1 213 0
 231              		.cfi_startproc
 232              		@ args = 0, pretend = 0, frame = 16
 233              		@ frame_needed = 1, uses_anonymous_args = 0
 234              		@ link register save eliminated.
 235 0000 80B4     		push	{r7}
 236              		.cfi_def_cfa_offset 4
 237              		.cfi_offset 7, -4
 238 0002 85B0     		sub	sp, sp, #20
 239              		.cfi_def_cfa_offset 24
 240 0004 00AF     		add	r7, sp, #0
 241              		.cfi_def_cfa_register 7
 242 0006 7860     		str	r0, [r7, #4]
 214:Generated_Source\PSoC5/isr_eoc.c ****     cyisraddress * ramVectorTable;
ARM GAS  C:\Users\ylee818\AppData\Local\Temp\ccugIPnv.s 			page 9


 215:Generated_Source\PSoC5/isr_eoc.c **** 
 216:Generated_Source\PSoC5/isr_eoc.c ****     ramVectorTable = (cyisraddress *) *CYINT_VECT_TABLE;
 243              		.loc 1 216 0
 244 0008 054B     		ldr	r3, .L12
 245 000a 1B68     		ldr	r3, [r3]
 246 000c FB60     		str	r3, [r7, #12]
 217:Generated_Source\PSoC5/isr_eoc.c **** 
 218:Generated_Source\PSoC5/isr_eoc.c ****     ramVectorTable[CYINT_IRQ_BASE + (uint32)isr_eoc__INTC_NUMBER] = address;
 247              		.loc 1 218 0
 248 000e FB68     		ldr	r3, [r7, #12]
 249 0010 5C33     		adds	r3, r3, #92
 250 0012 7A68     		ldr	r2, [r7, #4]
 251 0014 1A60     		str	r2, [r3]
 219:Generated_Source\PSoC5/isr_eoc.c **** }
 252              		.loc 1 219 0
 253 0016 00BF     		nop
 254 0018 1437     		adds	r7, r7, #20
 255              		.cfi_def_cfa_offset 4
 256 001a BD46     		mov	sp, r7
 257              		.cfi_def_cfa_register 13
 258              		@ sp needed
 259 001c 80BC     		pop	{r7}
 260              		.cfi_restore 7
 261              		.cfi_def_cfa_offset 0
 262 001e 7047     		bx	lr
 263              	.L13:
 264              		.align	2
 265              	.L12:
 266 0020 08ED00E0 		.word	-536810232
 267              		.cfi_endproc
 268              	.LFE67:
 269              		.size	isr_eoc_SetVector, .-isr_eoc_SetVector
 270              		.section	.text.isr_eoc_GetVector,"ax",%progbits
 271              		.align	2
 272              		.global	isr_eoc_GetVector
 273              		.thumb
 274              		.thumb_func
 275              		.type	isr_eoc_GetVector, %function
 276              	isr_eoc_GetVector:
 277              	.LFB68:
 220:Generated_Source\PSoC5/isr_eoc.c **** 
 221:Generated_Source\PSoC5/isr_eoc.c **** 
 222:Generated_Source\PSoC5/isr_eoc.c **** /*******************************************************************************
 223:Generated_Source\PSoC5/isr_eoc.c **** * Function Name: isr_eoc_GetVector
 224:Generated_Source\PSoC5/isr_eoc.c **** ********************************************************************************
 225:Generated_Source\PSoC5/isr_eoc.c **** *
 226:Generated_Source\PSoC5/isr_eoc.c **** * Summary:
 227:Generated_Source\PSoC5/isr_eoc.c **** *   Gets the "address" of the current ISR vector for the Interrupt.
 228:Generated_Source\PSoC5/isr_eoc.c **** *
 229:Generated_Source\PSoC5/isr_eoc.c **** * Parameters:
 230:Generated_Source\PSoC5/isr_eoc.c **** *   None
 231:Generated_Source\PSoC5/isr_eoc.c **** *
 232:Generated_Source\PSoC5/isr_eoc.c **** * Return:
 233:Generated_Source\PSoC5/isr_eoc.c **** *   Address of the ISR in the interrupt vector table.
 234:Generated_Source\PSoC5/isr_eoc.c **** *
 235:Generated_Source\PSoC5/isr_eoc.c **** *******************************************************************************/
 236:Generated_Source\PSoC5/isr_eoc.c **** cyisraddress isr_eoc_GetVector(void)
ARM GAS  C:\Users\ylee818\AppData\Local\Temp\ccugIPnv.s 			page 10


 237:Generated_Source\PSoC5/isr_eoc.c **** {
 278              		.loc 1 237 0
 279              		.cfi_startproc
 280              		@ args = 0, pretend = 0, frame = 8
 281              		@ frame_needed = 1, uses_anonymous_args = 0
 282              		@ link register save eliminated.
 283 0000 80B4     		push	{r7}
 284              		.cfi_def_cfa_offset 4
 285              		.cfi_offset 7, -4
 286 0002 83B0     		sub	sp, sp, #12
 287              		.cfi_def_cfa_offset 16
 288 0004 00AF     		add	r7, sp, #0
 289              		.cfi_def_cfa_register 7
 238:Generated_Source\PSoC5/isr_eoc.c ****     cyisraddress * ramVectorTable;
 239:Generated_Source\PSoC5/isr_eoc.c **** 
 240:Generated_Source\PSoC5/isr_eoc.c ****     ramVectorTable = (cyisraddress *) *CYINT_VECT_TABLE;
 290              		.loc 1 240 0
 291 0006 054B     		ldr	r3, .L16
 292 0008 1B68     		ldr	r3, [r3]
 293 000a 7B60     		str	r3, [r7, #4]
 241:Generated_Source\PSoC5/isr_eoc.c **** 
 242:Generated_Source\PSoC5/isr_eoc.c ****     return ramVectorTable[CYINT_IRQ_BASE + (uint32)isr_eoc__INTC_NUMBER];
 294              		.loc 1 242 0
 295 000c 7B68     		ldr	r3, [r7, #4]
 296 000e DB6D     		ldr	r3, [r3, #92]
 243:Generated_Source\PSoC5/isr_eoc.c **** }
 297              		.loc 1 243 0
 298 0010 1846     		mov	r0, r3
 299 0012 0C37     		adds	r7, r7, #12
 300              		.cfi_def_cfa_offset 4
 301 0014 BD46     		mov	sp, r7
 302              		.cfi_def_cfa_register 13
 303              		@ sp needed
 304 0016 80BC     		pop	{r7}
 305              		.cfi_restore 7
 306              		.cfi_def_cfa_offset 0
 307 0018 7047     		bx	lr
 308              	.L17:
 309 001a 00BF     		.align	2
 310              	.L16:
 311 001c 08ED00E0 		.word	-536810232
 312              		.cfi_endproc
 313              	.LFE68:
 314              		.size	isr_eoc_GetVector, .-isr_eoc_GetVector
 315              		.section	.text.isr_eoc_SetPriority,"ax",%progbits
 316              		.align	2
 317              		.global	isr_eoc_SetPriority
 318              		.thumb
 319              		.thumb_func
 320              		.type	isr_eoc_SetPriority, %function
 321              	isr_eoc_SetPriority:
 322              	.LFB69:
 244:Generated_Source\PSoC5/isr_eoc.c **** 
 245:Generated_Source\PSoC5/isr_eoc.c **** 
 246:Generated_Source\PSoC5/isr_eoc.c **** /*******************************************************************************
 247:Generated_Source\PSoC5/isr_eoc.c **** * Function Name: isr_eoc_SetPriority
 248:Generated_Source\PSoC5/isr_eoc.c **** ********************************************************************************
ARM GAS  C:\Users\ylee818\AppData\Local\Temp\ccugIPnv.s 			page 11


 249:Generated_Source\PSoC5/isr_eoc.c **** *
 250:Generated_Source\PSoC5/isr_eoc.c **** * Summary:
 251:Generated_Source\PSoC5/isr_eoc.c **** *   Sets the Priority of the Interrupt. 
 252:Generated_Source\PSoC5/isr_eoc.c **** *
 253:Generated_Source\PSoC5/isr_eoc.c **** *   Note calling isr_eoc_Start or isr_eoc_StartEx will 
 254:Generated_Source\PSoC5/isr_eoc.c **** *   override any effect this API would have had. This API should only be called
 255:Generated_Source\PSoC5/isr_eoc.c **** *   after isr_eoc_Start or isr_eoc_StartEx has been called. 
 256:Generated_Source\PSoC5/isr_eoc.c **** *   To set the initial priority for the component, use the Design-Wide Resources
 257:Generated_Source\PSoC5/isr_eoc.c **** *   Interrupt Editor.
 258:Generated_Source\PSoC5/isr_eoc.c **** *
 259:Generated_Source\PSoC5/isr_eoc.c **** *   Note This API has no effect on Non-maskable interrupt NMI).
 260:Generated_Source\PSoC5/isr_eoc.c **** *
 261:Generated_Source\PSoC5/isr_eoc.c **** * Parameters:
 262:Generated_Source\PSoC5/isr_eoc.c **** *   priority: Priority of the interrupt, 0 being the highest priority
 263:Generated_Source\PSoC5/isr_eoc.c **** *             PSoC 3 and PSoC 5LP: Priority is from 0 to 7.
 264:Generated_Source\PSoC5/isr_eoc.c **** *             PSoC 4: Priority is from 0 to 3.
 265:Generated_Source\PSoC5/isr_eoc.c **** *
 266:Generated_Source\PSoC5/isr_eoc.c **** * Return:
 267:Generated_Source\PSoC5/isr_eoc.c **** *   None
 268:Generated_Source\PSoC5/isr_eoc.c **** *
 269:Generated_Source\PSoC5/isr_eoc.c **** *******************************************************************************/
 270:Generated_Source\PSoC5/isr_eoc.c **** void isr_eoc_SetPriority(uint8 priority)
 271:Generated_Source\PSoC5/isr_eoc.c **** {
 323              		.loc 1 271 0
 324              		.cfi_startproc
 325              		@ args = 0, pretend = 0, frame = 8
 326              		@ frame_needed = 1, uses_anonymous_args = 0
 327              		@ link register save eliminated.
 328 0000 80B4     		push	{r7}
 329              		.cfi_def_cfa_offset 4
 330              		.cfi_offset 7, -4
 331 0002 83B0     		sub	sp, sp, #12
 332              		.cfi_def_cfa_offset 16
 333 0004 00AF     		add	r7, sp, #0
 334              		.cfi_def_cfa_register 7
 335 0006 0346     		mov	r3, r0
 336 0008 FB71     		strb	r3, [r7, #7]
 272:Generated_Source\PSoC5/isr_eoc.c ****     *isr_eoc_INTC_PRIOR = priority << 5;
 337              		.loc 1 272 0
 338 000a 054A     		ldr	r2, .L19
 339 000c FB79     		ldrb	r3, [r7, #7]
 340 000e 5B01     		lsls	r3, r3, #5
 341 0010 DBB2     		uxtb	r3, r3
 342 0012 1370     		strb	r3, [r2]
 273:Generated_Source\PSoC5/isr_eoc.c **** }
 343              		.loc 1 273 0
 344 0014 00BF     		nop
 345 0016 0C37     		adds	r7, r7, #12
 346              		.cfi_def_cfa_offset 4
 347 0018 BD46     		mov	sp, r7
 348              		.cfi_def_cfa_register 13
 349              		@ sp needed
 350 001a 80BC     		pop	{r7}
 351              		.cfi_restore 7
 352              		.cfi_def_cfa_offset 0
 353 001c 7047     		bx	lr
 354              	.L20:
ARM GAS  C:\Users\ylee818\AppData\Local\Temp\ccugIPnv.s 			page 12


 355 001e 00BF     		.align	2
 356              	.L19:
 357 0020 07E400E0 		.word	-536812537
 358              		.cfi_endproc
 359              	.LFE69:
 360              		.size	isr_eoc_SetPriority, .-isr_eoc_SetPriority
 361              		.section	.text.isr_eoc_GetPriority,"ax",%progbits
 362              		.align	2
 363              		.global	isr_eoc_GetPriority
 364              		.thumb
 365              		.thumb_func
 366              		.type	isr_eoc_GetPriority, %function
 367              	isr_eoc_GetPriority:
 368              	.LFB70:
 274:Generated_Source\PSoC5/isr_eoc.c **** 
 275:Generated_Source\PSoC5/isr_eoc.c **** 
 276:Generated_Source\PSoC5/isr_eoc.c **** /*******************************************************************************
 277:Generated_Source\PSoC5/isr_eoc.c **** * Function Name: isr_eoc_GetPriority
 278:Generated_Source\PSoC5/isr_eoc.c **** ********************************************************************************
 279:Generated_Source\PSoC5/isr_eoc.c **** *
 280:Generated_Source\PSoC5/isr_eoc.c **** * Summary:
 281:Generated_Source\PSoC5/isr_eoc.c **** *   Gets the Priority of the Interrupt.
 282:Generated_Source\PSoC5/isr_eoc.c **** *
 283:Generated_Source\PSoC5/isr_eoc.c **** * Parameters:
 284:Generated_Source\PSoC5/isr_eoc.c **** *   None
 285:Generated_Source\PSoC5/isr_eoc.c **** *
 286:Generated_Source\PSoC5/isr_eoc.c **** * Return:
 287:Generated_Source\PSoC5/isr_eoc.c **** *   Priority of the interrupt, 0 being the highest priority
 288:Generated_Source\PSoC5/isr_eoc.c **** *    PSoC 3 and PSoC 5LP: Priority is from 0 to 7.
 289:Generated_Source\PSoC5/isr_eoc.c **** *    PSoC 4: Priority is from 0 to 3.
 290:Generated_Source\PSoC5/isr_eoc.c **** *
 291:Generated_Source\PSoC5/isr_eoc.c **** *******************************************************************************/
 292:Generated_Source\PSoC5/isr_eoc.c **** uint8 isr_eoc_GetPriority(void)
 293:Generated_Source\PSoC5/isr_eoc.c **** {
 369              		.loc 1 293 0
 370              		.cfi_startproc
 371              		@ args = 0, pretend = 0, frame = 8
 372              		@ frame_needed = 1, uses_anonymous_args = 0
 373              		@ link register save eliminated.
 374 0000 80B4     		push	{r7}
 375              		.cfi_def_cfa_offset 4
 376              		.cfi_offset 7, -4
 377 0002 83B0     		sub	sp, sp, #12
 378              		.cfi_def_cfa_offset 16
 379 0004 00AF     		add	r7, sp, #0
 380              		.cfi_def_cfa_register 7
 294:Generated_Source\PSoC5/isr_eoc.c ****     uint8 priority;
 295:Generated_Source\PSoC5/isr_eoc.c **** 
 296:Generated_Source\PSoC5/isr_eoc.c **** 
 297:Generated_Source\PSoC5/isr_eoc.c ****     priority = *isr_eoc_INTC_PRIOR >> 5;
 381              		.loc 1 297 0
 382 0006 054B     		ldr	r3, .L23
 383 0008 1B78     		ldrb	r3, [r3]
 384 000a DBB2     		uxtb	r3, r3
 385 000c 5B09     		lsrs	r3, r3, #5
 386 000e FB71     		strb	r3, [r7, #7]
 298:Generated_Source\PSoC5/isr_eoc.c **** 
ARM GAS  C:\Users\ylee818\AppData\Local\Temp\ccugIPnv.s 			page 13


 299:Generated_Source\PSoC5/isr_eoc.c ****     return priority;
 387              		.loc 1 299 0
 388 0010 FB79     		ldrb	r3, [r7, #7]	@ zero_extendqisi2
 300:Generated_Source\PSoC5/isr_eoc.c **** }
 389              		.loc 1 300 0
 390 0012 1846     		mov	r0, r3
 391 0014 0C37     		adds	r7, r7, #12
 392              		.cfi_def_cfa_offset 4
 393 0016 BD46     		mov	sp, r7
 394              		.cfi_def_cfa_register 13
 395              		@ sp needed
 396 0018 80BC     		pop	{r7}
 397              		.cfi_restore 7
 398              		.cfi_def_cfa_offset 0
 399 001a 7047     		bx	lr
 400              	.L24:
 401              		.align	2
 402              	.L23:
 403 001c 07E400E0 		.word	-536812537
 404              		.cfi_endproc
 405              	.LFE70:
 406              		.size	isr_eoc_GetPriority, .-isr_eoc_GetPriority
 407              		.section	.text.isr_eoc_Enable,"ax",%progbits
 408              		.align	2
 409              		.global	isr_eoc_Enable
 410              		.thumb
 411              		.thumb_func
 412              		.type	isr_eoc_Enable, %function
 413              	isr_eoc_Enable:
 414              	.LFB71:
 301:Generated_Source\PSoC5/isr_eoc.c **** 
 302:Generated_Source\PSoC5/isr_eoc.c **** 
 303:Generated_Source\PSoC5/isr_eoc.c **** /*******************************************************************************
 304:Generated_Source\PSoC5/isr_eoc.c **** * Function Name: isr_eoc_Enable
 305:Generated_Source\PSoC5/isr_eoc.c **** ********************************************************************************
 306:Generated_Source\PSoC5/isr_eoc.c **** *
 307:Generated_Source\PSoC5/isr_eoc.c **** * Summary:
 308:Generated_Source\PSoC5/isr_eoc.c **** *   Enables the interrupt to the interrupt controller. Do not call this function
 309:Generated_Source\PSoC5/isr_eoc.c **** *   unless ISR_Start() has been called or the functionality of the ISR_Start() 
 310:Generated_Source\PSoC5/isr_eoc.c **** *   function, which sets the vector and the priority, has been called.
 311:Generated_Source\PSoC5/isr_eoc.c **** *
 312:Generated_Source\PSoC5/isr_eoc.c **** * Parameters:
 313:Generated_Source\PSoC5/isr_eoc.c **** *   None
 314:Generated_Source\PSoC5/isr_eoc.c **** *
 315:Generated_Source\PSoC5/isr_eoc.c **** * Return:
 316:Generated_Source\PSoC5/isr_eoc.c **** *   None
 317:Generated_Source\PSoC5/isr_eoc.c **** *
 318:Generated_Source\PSoC5/isr_eoc.c **** *******************************************************************************/
 319:Generated_Source\PSoC5/isr_eoc.c **** void isr_eoc_Enable(void)
 320:Generated_Source\PSoC5/isr_eoc.c **** {
 415              		.loc 1 320 0
 416              		.cfi_startproc
 417              		@ args = 0, pretend = 0, frame = 0
 418              		@ frame_needed = 1, uses_anonymous_args = 0
 419              		@ link register save eliminated.
 420 0000 80B4     		push	{r7}
 421              		.cfi_def_cfa_offset 4
ARM GAS  C:\Users\ylee818\AppData\Local\Temp\ccugIPnv.s 			page 14


 422              		.cfi_offset 7, -4
 423 0002 00AF     		add	r7, sp, #0
 424              		.cfi_def_cfa_register 7
 321:Generated_Source\PSoC5/isr_eoc.c ****     /* Enable the general interrupt. */
 322:Generated_Source\PSoC5/isr_eoc.c ****     *isr_eoc_INTC_SET_EN = isr_eoc__INTC_MASK;
 425              		.loc 1 322 0
 426 0004 034B     		ldr	r3, .L26
 427 0006 8022     		movs	r2, #128
 428 0008 1A60     		str	r2, [r3]
 323:Generated_Source\PSoC5/isr_eoc.c **** }
 429              		.loc 1 323 0
 430 000a 00BF     		nop
 431 000c BD46     		mov	sp, r7
 432              		.cfi_def_cfa_register 13
 433              		@ sp needed
 434 000e 80BC     		pop	{r7}
 435              		.cfi_restore 7
 436              		.cfi_def_cfa_offset 0
 437 0010 7047     		bx	lr
 438              	.L27:
 439 0012 00BF     		.align	2
 440              	.L26:
 441 0014 00E100E0 		.word	-536813312
 442              		.cfi_endproc
 443              	.LFE71:
 444              		.size	isr_eoc_Enable, .-isr_eoc_Enable
 445              		.section	.text.isr_eoc_GetState,"ax",%progbits
 446              		.align	2
 447              		.global	isr_eoc_GetState
 448              		.thumb
 449              		.thumb_func
 450              		.type	isr_eoc_GetState, %function
 451              	isr_eoc_GetState:
 452              	.LFB72:
 324:Generated_Source\PSoC5/isr_eoc.c **** 
 325:Generated_Source\PSoC5/isr_eoc.c **** 
 326:Generated_Source\PSoC5/isr_eoc.c **** /*******************************************************************************
 327:Generated_Source\PSoC5/isr_eoc.c **** * Function Name: isr_eoc_GetState
 328:Generated_Source\PSoC5/isr_eoc.c **** ********************************************************************************
 329:Generated_Source\PSoC5/isr_eoc.c **** *
 330:Generated_Source\PSoC5/isr_eoc.c **** * Summary:
 331:Generated_Source\PSoC5/isr_eoc.c **** *   Gets the state (enabled, disabled) of the Interrupt.
 332:Generated_Source\PSoC5/isr_eoc.c **** *
 333:Generated_Source\PSoC5/isr_eoc.c **** * Parameters:
 334:Generated_Source\PSoC5/isr_eoc.c **** *   None
 335:Generated_Source\PSoC5/isr_eoc.c **** *
 336:Generated_Source\PSoC5/isr_eoc.c **** * Return:
 337:Generated_Source\PSoC5/isr_eoc.c **** *   1 if enabled, 0 if disabled.
 338:Generated_Source\PSoC5/isr_eoc.c **** *
 339:Generated_Source\PSoC5/isr_eoc.c **** *******************************************************************************/
 340:Generated_Source\PSoC5/isr_eoc.c **** uint8 isr_eoc_GetState(void)
 341:Generated_Source\PSoC5/isr_eoc.c **** {
 453              		.loc 1 341 0
 454              		.cfi_startproc
 455              		@ args = 0, pretend = 0, frame = 0
 456              		@ frame_needed = 1, uses_anonymous_args = 0
 457              		@ link register save eliminated.
ARM GAS  C:\Users\ylee818\AppData\Local\Temp\ccugIPnv.s 			page 15


 458 0000 80B4     		push	{r7}
 459              		.cfi_def_cfa_offset 4
 460              		.cfi_offset 7, -4
 461 0002 00AF     		add	r7, sp, #0
 462              		.cfi_def_cfa_register 7
 342:Generated_Source\PSoC5/isr_eoc.c ****     /* Get the state of the general interrupt. */
 343:Generated_Source\PSoC5/isr_eoc.c ****     return ((*isr_eoc_INTC_SET_EN & (uint32)isr_eoc__INTC_MASK) != 0u) ? 1u:0u;
 463              		.loc 1 343 0
 464 0004 064B     		ldr	r3, .L32
 465 0006 1B68     		ldr	r3, [r3]
 466 0008 03F08003 		and	r3, r3, #128
 467 000c 002B     		cmp	r3, #0
 468 000e 01D0     		beq	.L29
 469              		.loc 1 343 0 is_stmt 0 discriminator 1
 470 0010 0123     		movs	r3, #1
 471 0012 00E0     		b	.L30
 472              	.L29:
 473              		.loc 1 343 0 discriminator 2
 474 0014 0023     		movs	r3, #0
 475              	.L30:
 344:Generated_Source\PSoC5/isr_eoc.c **** }
 476              		.loc 1 344 0 is_stmt 1 discriminator 4
 477 0016 1846     		mov	r0, r3
 478 0018 BD46     		mov	sp, r7
 479              		.cfi_def_cfa_register 13
 480              		@ sp needed
 481 001a 80BC     		pop	{r7}
 482              		.cfi_restore 7
 483              		.cfi_def_cfa_offset 0
 484 001c 7047     		bx	lr
 485              	.L33:
 486 001e 00BF     		.align	2
 487              	.L32:
 488 0020 00E100E0 		.word	-536813312
 489              		.cfi_endproc
 490              	.LFE72:
 491              		.size	isr_eoc_GetState, .-isr_eoc_GetState
 492              		.section	.text.isr_eoc_Disable,"ax",%progbits
 493              		.align	2
 494              		.global	isr_eoc_Disable
 495              		.thumb
 496              		.thumb_func
 497              		.type	isr_eoc_Disable, %function
 498              	isr_eoc_Disable:
 499              	.LFB73:
 345:Generated_Source\PSoC5/isr_eoc.c **** 
 346:Generated_Source\PSoC5/isr_eoc.c **** 
 347:Generated_Source\PSoC5/isr_eoc.c **** /*******************************************************************************
 348:Generated_Source\PSoC5/isr_eoc.c **** * Function Name: isr_eoc_Disable
 349:Generated_Source\PSoC5/isr_eoc.c **** ********************************************************************************
 350:Generated_Source\PSoC5/isr_eoc.c **** *
 351:Generated_Source\PSoC5/isr_eoc.c **** * Summary:
 352:Generated_Source\PSoC5/isr_eoc.c **** *   Disables the Interrupt in the interrupt controller.
 353:Generated_Source\PSoC5/isr_eoc.c **** *
 354:Generated_Source\PSoC5/isr_eoc.c **** * Parameters:
 355:Generated_Source\PSoC5/isr_eoc.c **** *   None
 356:Generated_Source\PSoC5/isr_eoc.c **** *
ARM GAS  C:\Users\ylee818\AppData\Local\Temp\ccugIPnv.s 			page 16


 357:Generated_Source\PSoC5/isr_eoc.c **** * Return:
 358:Generated_Source\PSoC5/isr_eoc.c **** *   None
 359:Generated_Source\PSoC5/isr_eoc.c **** *
 360:Generated_Source\PSoC5/isr_eoc.c **** *******************************************************************************/
 361:Generated_Source\PSoC5/isr_eoc.c **** void isr_eoc_Disable(void)
 362:Generated_Source\PSoC5/isr_eoc.c **** {
 500              		.loc 1 362 0
 501              		.cfi_startproc
 502              		@ args = 0, pretend = 0, frame = 0
 503              		@ frame_needed = 1, uses_anonymous_args = 0
 504              		@ link register save eliminated.
 505 0000 80B4     		push	{r7}
 506              		.cfi_def_cfa_offset 4
 507              		.cfi_offset 7, -4
 508 0002 00AF     		add	r7, sp, #0
 509              		.cfi_def_cfa_register 7
 363:Generated_Source\PSoC5/isr_eoc.c ****     /* Disable the general interrupt. */
 364:Generated_Source\PSoC5/isr_eoc.c ****     *isr_eoc_INTC_CLR_EN = isr_eoc__INTC_MASK;
 510              		.loc 1 364 0
 511 0004 034B     		ldr	r3, .L35
 512 0006 8022     		movs	r2, #128
 513 0008 1A60     		str	r2, [r3]
 365:Generated_Source\PSoC5/isr_eoc.c **** }
 514              		.loc 1 365 0
 515 000a 00BF     		nop
 516 000c BD46     		mov	sp, r7
 517              		.cfi_def_cfa_register 13
 518              		@ sp needed
 519 000e 80BC     		pop	{r7}
 520              		.cfi_restore 7
 521              		.cfi_def_cfa_offset 0
 522 0010 7047     		bx	lr
 523              	.L36:
 524 0012 00BF     		.align	2
 525              	.L35:
 526 0014 80E100E0 		.word	-536813184
 527              		.cfi_endproc
 528              	.LFE73:
 529              		.size	isr_eoc_Disable, .-isr_eoc_Disable
 530              		.section	.text.isr_eoc_SetPending,"ax",%progbits
 531              		.align	2
 532              		.global	isr_eoc_SetPending
 533              		.thumb
 534              		.thumb_func
 535              		.type	isr_eoc_SetPending, %function
 536              	isr_eoc_SetPending:
 537              	.LFB74:
 366:Generated_Source\PSoC5/isr_eoc.c **** 
 367:Generated_Source\PSoC5/isr_eoc.c **** 
 368:Generated_Source\PSoC5/isr_eoc.c **** /*******************************************************************************
 369:Generated_Source\PSoC5/isr_eoc.c **** * Function Name: isr_eoc_SetPending
 370:Generated_Source\PSoC5/isr_eoc.c **** ********************************************************************************
 371:Generated_Source\PSoC5/isr_eoc.c **** *
 372:Generated_Source\PSoC5/isr_eoc.c **** * Summary:
 373:Generated_Source\PSoC5/isr_eoc.c **** *   Causes the Interrupt to enter the pending state, a software method of
 374:Generated_Source\PSoC5/isr_eoc.c **** *   generating the interrupt.
 375:Generated_Source\PSoC5/isr_eoc.c **** *
ARM GAS  C:\Users\ylee818\AppData\Local\Temp\ccugIPnv.s 			page 17


 376:Generated_Source\PSoC5/isr_eoc.c **** * Parameters:
 377:Generated_Source\PSoC5/isr_eoc.c **** *   None
 378:Generated_Source\PSoC5/isr_eoc.c **** *
 379:Generated_Source\PSoC5/isr_eoc.c **** * Return:
 380:Generated_Source\PSoC5/isr_eoc.c **** *   None
 381:Generated_Source\PSoC5/isr_eoc.c **** *
 382:Generated_Source\PSoC5/isr_eoc.c **** * Side Effects:
 383:Generated_Source\PSoC5/isr_eoc.c **** *   If interrupts are enabled and the interrupt is set up properly, the ISR is
 384:Generated_Source\PSoC5/isr_eoc.c **** *   entered (depending on the priority of this interrupt and other pending 
 385:Generated_Source\PSoC5/isr_eoc.c **** *   interrupts).
 386:Generated_Source\PSoC5/isr_eoc.c **** *
 387:Generated_Source\PSoC5/isr_eoc.c **** *******************************************************************************/
 388:Generated_Source\PSoC5/isr_eoc.c **** void isr_eoc_SetPending(void)
 389:Generated_Source\PSoC5/isr_eoc.c **** {
 538              		.loc 1 389 0
 539              		.cfi_startproc
 540              		@ args = 0, pretend = 0, frame = 0
 541              		@ frame_needed = 1, uses_anonymous_args = 0
 542              		@ link register save eliminated.
 543 0000 80B4     		push	{r7}
 544              		.cfi_def_cfa_offset 4
 545              		.cfi_offset 7, -4
 546 0002 00AF     		add	r7, sp, #0
 547              		.cfi_def_cfa_register 7
 390:Generated_Source\PSoC5/isr_eoc.c ****     *isr_eoc_INTC_SET_PD = isr_eoc__INTC_MASK;
 548              		.loc 1 390 0
 549 0004 034B     		ldr	r3, .L38
 550 0006 8022     		movs	r2, #128
 551 0008 1A60     		str	r2, [r3]
 391:Generated_Source\PSoC5/isr_eoc.c **** }
 552              		.loc 1 391 0
 553 000a 00BF     		nop
 554 000c BD46     		mov	sp, r7
 555              		.cfi_def_cfa_register 13
 556              		@ sp needed
 557 000e 80BC     		pop	{r7}
 558              		.cfi_restore 7
 559              		.cfi_def_cfa_offset 0
 560 0010 7047     		bx	lr
 561              	.L39:
 562 0012 00BF     		.align	2
 563              	.L38:
 564 0014 00E200E0 		.word	-536813056
 565              		.cfi_endproc
 566              	.LFE74:
 567              		.size	isr_eoc_SetPending, .-isr_eoc_SetPending
 568              		.section	.text.isr_eoc_ClearPending,"ax",%progbits
 569              		.align	2
 570              		.global	isr_eoc_ClearPending
 571              		.thumb
 572              		.thumb_func
 573              		.type	isr_eoc_ClearPending, %function
 574              	isr_eoc_ClearPending:
 575              	.LFB75:
 392:Generated_Source\PSoC5/isr_eoc.c **** 
 393:Generated_Source\PSoC5/isr_eoc.c **** 
 394:Generated_Source\PSoC5/isr_eoc.c **** /*******************************************************************************
ARM GAS  C:\Users\ylee818\AppData\Local\Temp\ccugIPnv.s 			page 18


 395:Generated_Source\PSoC5/isr_eoc.c **** * Function Name: isr_eoc_ClearPending
 396:Generated_Source\PSoC5/isr_eoc.c **** ********************************************************************************
 397:Generated_Source\PSoC5/isr_eoc.c **** *
 398:Generated_Source\PSoC5/isr_eoc.c **** * Summary:
 399:Generated_Source\PSoC5/isr_eoc.c **** *   Clears a pending interrupt in the interrupt controller.
 400:Generated_Source\PSoC5/isr_eoc.c **** *
 401:Generated_Source\PSoC5/isr_eoc.c **** *   Note Some interrupt sources are clear-on-read and require the block 
 402:Generated_Source\PSoC5/isr_eoc.c **** *   interrupt/status register to be read/cleared with the appropriate block API 
 403:Generated_Source\PSoC5/isr_eoc.c **** *   (GPIO, UART, and so on). Otherwise the ISR will continue to remain in 
 404:Generated_Source\PSoC5/isr_eoc.c **** *   pending state even though the interrupt itself is cleared using this API.
 405:Generated_Source\PSoC5/isr_eoc.c **** *
 406:Generated_Source\PSoC5/isr_eoc.c **** * Parameters:
 407:Generated_Source\PSoC5/isr_eoc.c **** *   None
 408:Generated_Source\PSoC5/isr_eoc.c **** *
 409:Generated_Source\PSoC5/isr_eoc.c **** * Return:
 410:Generated_Source\PSoC5/isr_eoc.c **** *   None
 411:Generated_Source\PSoC5/isr_eoc.c **** *
 412:Generated_Source\PSoC5/isr_eoc.c **** *******************************************************************************/
 413:Generated_Source\PSoC5/isr_eoc.c **** void isr_eoc_ClearPending(void)
 414:Generated_Source\PSoC5/isr_eoc.c **** {
 576              		.loc 1 414 0
 577              		.cfi_startproc
 578              		@ args = 0, pretend = 0, frame = 0
 579              		@ frame_needed = 1, uses_anonymous_args = 0
 580              		@ link register save eliminated.
 581 0000 80B4     		push	{r7}
 582              		.cfi_def_cfa_offset 4
 583              		.cfi_offset 7, -4
 584 0002 00AF     		add	r7, sp, #0
 585              		.cfi_def_cfa_register 7
 415:Generated_Source\PSoC5/isr_eoc.c ****     *isr_eoc_INTC_CLR_PD = isr_eoc__INTC_MASK;
 586              		.loc 1 415 0
 587 0004 034B     		ldr	r3, .L41
 588 0006 8022     		movs	r2, #128
 589 0008 1A60     		str	r2, [r3]
 416:Generated_Source\PSoC5/isr_eoc.c **** }
 590              		.loc 1 416 0
 591 000a 00BF     		nop
 592 000c BD46     		mov	sp, r7
 593              		.cfi_def_cfa_register 13
 594              		@ sp needed
 595 000e 80BC     		pop	{r7}
 596              		.cfi_restore 7
 597              		.cfi_def_cfa_offset 0
 598 0010 7047     		bx	lr
 599              	.L42:
 600 0012 00BF     		.align	2
 601              	.L41:
 602 0014 80E200E0 		.word	-536812928
 603              		.cfi_endproc
 604              	.LFE75:
 605              		.size	isr_eoc_ClearPending, .-isr_eoc_ClearPending
 606              		.text
 607              	.Letext0:
 608              		.file 2 "c:\\program files (x86)\\cypress\\psoc creator\\4.2\\psoc creator\\import\\gnu\\arm\\5.4.
 609              		.file 3 "c:\\program files (x86)\\cypress\\psoc creator\\4.2\\psoc creator\\import\\gnu\\arm\\5.4.
 610              		.file 4 "Generated_Source\\PSoC5/cytypes.h"
ARM GAS  C:\Users\ylee818\AppData\Local\Temp\ccugIPnv.s 			page 19


 611              		.file 5 "Generated_Source\\PSoC5/core_cm3.h"
 612              		.section	.debug_info,"",%progbits
 613              	.Ldebug_info0:
 614 0000 96020000 		.4byte	0x296
 615 0004 0400     		.2byte	0x4
 616 0006 00000000 		.4byte	.Ldebug_abbrev0
 617 000a 04       		.byte	0x4
 618 000b 01       		.uleb128 0x1
 619 000c 15000000 		.4byte	.LASF40
 620 0010 0C       		.byte	0xc
 621 0011 C1000000 		.4byte	.LASF41
 622 0015 BE020000 		.4byte	.LASF42
 623 0019 00000000 		.4byte	.Ldebug_ranges0+0
 624 001d 00000000 		.4byte	0
 625 0021 00000000 		.4byte	.Ldebug_line0
 626 0025 02       		.uleb128 0x2
 627 0026 04       		.byte	0x4
 628 0027 05       		.byte	0x5
 629 0028 696E7400 		.ascii	"int\000"
 630 002c 03       		.uleb128 0x3
 631 002d 04       		.byte	0x4
 632 002e 07       		.byte	0x7
 633 002f A5010000 		.4byte	.LASF0
 634 0033 03       		.uleb128 0x3
 635 0034 08       		.byte	0x8
 636 0035 05       		.byte	0x5
 637 0036 09020000 		.4byte	.LASF1
 638 003a 03       		.uleb128 0x3
 639 003b 08       		.byte	0x8
 640 003c 04       		.byte	0x4
 641 003d 74020000 		.4byte	.LASF2
 642 0041 03       		.uleb128 0x3
 643 0042 01       		.byte	0x1
 644 0043 06       		.byte	0x6
 645 0044 91020000 		.4byte	.LASF3
 646 0048 03       		.uleb128 0x3
 647 0049 01       		.byte	0x1
 648 004a 08       		.byte	0x8
 649 004b 1B010000 		.4byte	.LASF4
 650 004f 03       		.uleb128 0x3
 651 0050 02       		.byte	0x2
 652 0051 05       		.byte	0x5
 653 0052 40020000 		.4byte	.LASF5
 654 0056 03       		.uleb128 0x3
 655 0057 02       		.byte	0x2
 656 0058 07       		.byte	0x7
 657 0059 64010000 		.4byte	.LASF6
 658 005d 04       		.uleb128 0x4
 659 005e B7000000 		.4byte	.LASF12
 660 0062 02       		.byte	0x2
 661 0063 3F       		.byte	0x3f
 662 0064 68000000 		.4byte	0x68
 663 0068 03       		.uleb128 0x3
 664 0069 04       		.byte	0x4
 665 006a 05       		.byte	0x5
 666 006b 6B020000 		.4byte	.LASF7
 667 006f 03       		.uleb128 0x3
ARM GAS  C:\Users\ylee818\AppData\Local\Temp\ccugIPnv.s 			page 20


 668 0070 04       		.byte	0x4
 669 0071 07       		.byte	0x7
 670 0072 52010000 		.4byte	.LASF8
 671 0076 03       		.uleb128 0x3
 672 0077 08       		.byte	0x8
 673 0078 07       		.byte	0x7
 674 0079 BA010000 		.4byte	.LASF9
 675 007d 03       		.uleb128 0x3
 676 007e 04       		.byte	0x4
 677 007f 07       		.byte	0x7
 678 0080 00020000 		.4byte	.LASF10
 679 0084 03       		.uleb128 0x3
 680 0085 01       		.byte	0x1
 681 0086 08       		.byte	0x8
 682 0087 17020000 		.4byte	.LASF11
 683 008b 05       		.uleb128 0x5
 684 008c 04       		.byte	0x4
 685 008d 91000000 		.4byte	0x91
 686 0091 06       		.uleb128 0x6
 687 0092 04       		.uleb128 0x4
 688 0093 F8010000 		.4byte	.LASF13
 689 0097 03       		.byte	0x3
 690 0098 2C       		.byte	0x2c
 691 0099 5D000000 		.4byte	0x5d
 692 009d 07       		.uleb128 0x7
 693 009e 4A020000 		.4byte	.LASF14
 694 00a2 04       		.byte	0x4
 695 00a3 E701     		.2byte	0x1e7
 696 00a5 48000000 		.4byte	0x48
 697 00a9 07       		.uleb128 0x7
 698 00aa 97010000 		.4byte	.LASF15
 699 00ae 04       		.byte	0x4
 700 00af E801     		.2byte	0x1e8
 701 00b1 56000000 		.4byte	0x56
 702 00b5 07       		.uleb128 0x7
 703 00b6 9E010000 		.4byte	.LASF16
 704 00ba 04       		.byte	0x4
 705 00bb E901     		.2byte	0x1e9
 706 00bd 6F000000 		.4byte	0x6f
 707 00c1 03       		.uleb128 0x3
 708 00c2 04       		.byte	0x4
 709 00c3 04       		.byte	0x4
 710 00c4 15010000 		.4byte	.LASF17
 711 00c8 03       		.uleb128 0x3
 712 00c9 08       		.byte	0x8
 713 00ca 04       		.byte	0x4
 714 00cb 80010000 		.4byte	.LASF18
 715 00cf 07       		.uleb128 0x7
 716 00d0 39010000 		.4byte	.LASF19
 717 00d4 04       		.byte	0x4
 718 00d5 9102     		.2byte	0x291
 719 00d7 DB000000 		.4byte	0xdb
 720 00db 08       		.uleb128 0x8
 721 00dc 9D000000 		.4byte	0x9d
 722 00e0 07       		.uleb128 0x7
 723 00e1 00000000 		.4byte	.LASF20
 724 00e5 04       		.byte	0x4
ARM GAS  C:\Users\ylee818\AppData\Local\Temp\ccugIPnv.s 			page 21


 725 00e6 9302     		.2byte	0x293
 726 00e8 EC000000 		.4byte	0xec
 727 00ec 08       		.uleb128 0x8
 728 00ed B5000000 		.4byte	0xb5
 729 00f1 07       		.uleb128 0x7
 730 00f2 D1010000 		.4byte	.LASF21
 731 00f6 04       		.byte	0x4
 732 00f7 A302     		.2byte	0x2a3
 733 00f9 8B000000 		.4byte	0x8b
 734 00fd 09       		.uleb128 0x9
 735 00fe B0020000 		.4byte	.LASF22
 736 0102 01       		.byte	0x1
 737 0103 40       		.byte	0x40
 738 0104 00000000 		.4byte	.LFB63
 739 0108 20000000 		.4byte	.LFE63-.LFB63
 740 010c 01       		.uleb128 0x1
 741 010d 9C       		.byte	0x9c
 742 010e 0A       		.uleb128 0xa
 743 010f 29010000 		.4byte	.LASF25
 744 0113 01       		.byte	0x1
 745 0114 6B       		.byte	0x6b
 746 0115 00000000 		.4byte	.LFB64
 747 0119 24000000 		.4byte	.LFE64-.LFB64
 748 011d 01       		.uleb128 0x1
 749 011e 9C       		.byte	0x9c
 750 011f 32010000 		.4byte	0x132
 751 0123 0B       		.uleb128 0xb
 752 0124 B2010000 		.4byte	.LASF27
 753 0128 01       		.byte	0x1
 754 0129 6B       		.byte	0x6b
 755 012a F1000000 		.4byte	0xf1
 756 012e 02       		.uleb128 0x2
 757 012f 91       		.byte	0x91
 758 0130 74       		.sleb128 -12
 759 0131 00       		.byte	0
 760 0132 09       		.uleb128 0x9
 761 0133 EB010000 		.4byte	.LASF23
 762 0137 01       		.byte	0x1
 763 0138 89       		.byte	0x89
 764 0139 00000000 		.4byte	.LFB65
 765 013d 18000000 		.4byte	.LFE65-.LFB65
 766 0141 01       		.uleb128 0x1
 767 0142 9C       		.byte	0x9c
 768 0143 09       		.uleb128 0x9
 769 0144 03010000 		.4byte	.LASF24
 770 0148 01       		.byte	0x1
 771 0149 A3       		.byte	0xa3
 772 014a 00000000 		.4byte	.LFB66
 773 014e 88000000 		.4byte	.LFE66-.LFB66
 774 0152 01       		.uleb128 0x1
 775 0153 9C       		.byte	0x9c
 776 0154 0C       		.uleb128 0xc
 777 0155 59020000 		.4byte	.LASF26
 778 0159 01       		.byte	0x1
 779 015a D4       		.byte	0xd4
 780 015b 00000000 		.4byte	.LFB67
 781 015f 24000000 		.4byte	.LFE67-.LFB67
ARM GAS  C:\Users\ylee818\AppData\Local\Temp\ccugIPnv.s 			page 22


 782 0163 01       		.uleb128 0x1
 783 0164 9C       		.byte	0x9c
 784 0165 86010000 		.4byte	0x186
 785 0169 0B       		.uleb128 0xb
 786 016a B2010000 		.4byte	.LASF27
 787 016e 01       		.byte	0x1
 788 016f D4       		.byte	0xd4
 789 0170 F1000000 		.4byte	0xf1
 790 0174 02       		.uleb128 0x2
 791 0175 91       		.byte	0x91
 792 0176 6C       		.sleb128 -20
 793 0177 0D       		.uleb128 0xd
 794 0178 1C020000 		.4byte	.LASF28
 795 017c 01       		.byte	0x1
 796 017d D6       		.byte	0xd6
 797 017e 86010000 		.4byte	0x186
 798 0182 02       		.uleb128 0x2
 799 0183 91       		.byte	0x91
 800 0184 74       		.sleb128 -12
 801 0185 00       		.byte	0
 802 0186 05       		.uleb128 0x5
 803 0187 04       		.byte	0x4
 804 0188 F1000000 		.4byte	0xf1
 805 018c 0E       		.uleb128 0xe
 806 018d F1000000 		.4byte	.LASF31
 807 0191 01       		.byte	0x1
 808 0192 EC       		.byte	0xec
 809 0193 F1000000 		.4byte	0xf1
 810 0197 00000000 		.4byte	.LFB68
 811 019b 20000000 		.4byte	.LFE68-.LFB68
 812 019f 01       		.uleb128 0x1
 813 01a0 9C       		.byte	0x9c
 814 01a1 B4010000 		.4byte	0x1b4
 815 01a5 0D       		.uleb128 0xd
 816 01a6 1C020000 		.4byte	.LASF28
 817 01aa 01       		.byte	0x1
 818 01ab EE       		.byte	0xee
 819 01ac 86010000 		.4byte	0x186
 820 01b0 02       		.uleb128 0x2
 821 01b1 91       		.byte	0x91
 822 01b2 74       		.sleb128 -12
 823 01b3 00       		.byte	0
 824 01b4 0F       		.uleb128 0xf
 825 01b5 3E010000 		.4byte	.LASF29
 826 01b9 01       		.byte	0x1
 827 01ba 0E01     		.2byte	0x10e
 828 01bc 00000000 		.4byte	.LFB69
 829 01c0 24000000 		.4byte	.LFE69-.LFB69
 830 01c4 01       		.uleb128 0x1
 831 01c5 9C       		.byte	0x9c
 832 01c6 DA010000 		.4byte	0x1da
 833 01ca 10       		.uleb128 0x10
 834 01cb 77010000 		.4byte	.LASF30
 835 01cf 01       		.byte	0x1
 836 01d0 0E01     		.2byte	0x10e
 837 01d2 9D000000 		.4byte	0x9d
 838 01d6 02       		.uleb128 0x2
ARM GAS  C:\Users\ylee818\AppData\Local\Temp\ccugIPnv.s 			page 23


 839 01d7 91       		.byte	0x91
 840 01d8 77       		.sleb128 -9
 841 01d9 00       		.byte	0
 842 01da 11       		.uleb128 0x11
 843 01db A3000000 		.4byte	.LASF32
 844 01df 01       		.byte	0x1
 845 01e0 2401     		.2byte	0x124
 846 01e2 9D000000 		.4byte	0x9d
 847 01e6 00000000 		.4byte	.LFB70
 848 01ea 20000000 		.4byte	.LFE70-.LFB70
 849 01ee 01       		.uleb128 0x1
 850 01ef 9C       		.byte	0x9c
 851 01f0 04020000 		.4byte	0x204
 852 01f4 12       		.uleb128 0x12
 853 01f5 77010000 		.4byte	.LASF30
 854 01f9 01       		.byte	0x1
 855 01fa 2601     		.2byte	0x126
 856 01fc 9D000000 		.4byte	0x9d
 857 0200 02       		.uleb128 0x2
 858 0201 91       		.byte	0x91
 859 0202 77       		.sleb128 -9
 860 0203 00       		.byte	0
 861 0204 13       		.uleb128 0x13
 862 0205 E2000000 		.4byte	.LASF33
 863 0209 01       		.byte	0x1
 864 020a 3F01     		.2byte	0x13f
 865 020c 00000000 		.4byte	.LFB71
 866 0210 18000000 		.4byte	.LFE71-.LFB71
 867 0214 01       		.uleb128 0x1
 868 0215 9C       		.byte	0x9c
 869 0216 14       		.uleb128 0x14
 870 0217 80020000 		.4byte	.LASF43
 871 021b 01       		.byte	0x1
 872 021c 5401     		.2byte	0x154
 873 021e 9D000000 		.4byte	0x9d
 874 0222 00000000 		.4byte	.LFB72
 875 0226 24000000 		.4byte	.LFE72-.LFB72
 876 022a 01       		.uleb128 0x1
 877 022b 9C       		.byte	0x9c
 878 022c 13       		.uleb128 0x13
 879 022d 87010000 		.4byte	.LASF34
 880 0231 01       		.byte	0x1
 881 0232 6901     		.2byte	0x169
 882 0234 00000000 		.4byte	.LFB73
 883 0238 18000000 		.4byte	.LFE73-.LFB73
 884 023c 01       		.uleb128 0x1
 885 023d 9C       		.byte	0x9c
 886 023e 13       		.uleb128 0x13
 887 023f 9D020000 		.4byte	.LASF35
 888 0243 01       		.byte	0x1
 889 0244 8401     		.2byte	0x184
 890 0246 00000000 		.4byte	.LFB74
 891 024a 18000000 		.4byte	.LFE74-.LFB74
 892 024e 01       		.uleb128 0x1
 893 024f 9C       		.byte	0x9c
 894 0250 13       		.uleb128 0x13
 895 0251 2B020000 		.4byte	.LASF36
ARM GAS  C:\Users\ylee818\AppData\Local\Temp\ccugIPnv.s 			page 24


 896 0255 01       		.byte	0x1
 897 0256 9D01     		.2byte	0x19d
 898 0258 00000000 		.4byte	.LFB75
 899 025c 18000000 		.4byte	.LFE75-.LFB75
 900 0260 01       		.uleb128 0x1
 901 0261 9C       		.byte	0x9c
 902 0262 15       		.uleb128 0x15
 903 0263 DE010000 		.4byte	.LASF37
 904 0267 05       		.byte	0x5
 905 0268 1207     		.2byte	0x712
 906 026a 6E020000 		.4byte	0x26e
 907 026e 08       		.uleb128 0x8
 908 026f 92000000 		.4byte	0x92
 909 0273 16       		.uleb128 0x16
 910 0274 A9000000 		.4byte	0xa9
 911 0278 83020000 		.4byte	0x283
 912 027c 17       		.uleb128 0x17
 913 027d 7D000000 		.4byte	0x7d
 914 0281 07       		.byte	0x7
 915 0282 00       		.byte	0
 916 0283 18       		.uleb128 0x18
 917 0284 50020000 		.4byte	.LASF38
 918 0288 01       		.byte	0x1
 919 0289 20       		.byte	0x20
 920 028a 73020000 		.4byte	0x273
 921 028e 18       		.uleb128 0x18
 922 028f 06000000 		.4byte	.LASF39
 923 0293 01       		.byte	0x1
 924 0294 21       		.byte	0x21
 925 0295 9D000000 		.4byte	0x9d
 926 0299 00       		.byte	0
 927              		.section	.debug_abbrev,"",%progbits
 928              	.Ldebug_abbrev0:
 929 0000 01       		.uleb128 0x1
 930 0001 11       		.uleb128 0x11
 931 0002 01       		.byte	0x1
 932 0003 25       		.uleb128 0x25
 933 0004 0E       		.uleb128 0xe
 934 0005 13       		.uleb128 0x13
 935 0006 0B       		.uleb128 0xb
 936 0007 03       		.uleb128 0x3
 937 0008 0E       		.uleb128 0xe
 938 0009 1B       		.uleb128 0x1b
 939 000a 0E       		.uleb128 0xe
 940 000b 55       		.uleb128 0x55
 941 000c 17       		.uleb128 0x17
 942 000d 11       		.uleb128 0x11
 943 000e 01       		.uleb128 0x1
 944 000f 10       		.uleb128 0x10
 945 0010 17       		.uleb128 0x17
 946 0011 00       		.byte	0
 947 0012 00       		.byte	0
 948 0013 02       		.uleb128 0x2
 949 0014 24       		.uleb128 0x24
 950 0015 00       		.byte	0
 951 0016 0B       		.uleb128 0xb
 952 0017 0B       		.uleb128 0xb
ARM GAS  C:\Users\ylee818\AppData\Local\Temp\ccugIPnv.s 			page 25


 953 0018 3E       		.uleb128 0x3e
 954 0019 0B       		.uleb128 0xb
 955 001a 03       		.uleb128 0x3
 956 001b 08       		.uleb128 0x8
 957 001c 00       		.byte	0
 958 001d 00       		.byte	0
 959 001e 03       		.uleb128 0x3
 960 001f 24       		.uleb128 0x24
 961 0020 00       		.byte	0
 962 0021 0B       		.uleb128 0xb
 963 0022 0B       		.uleb128 0xb
 964 0023 3E       		.uleb128 0x3e
 965 0024 0B       		.uleb128 0xb
 966 0025 03       		.uleb128 0x3
 967 0026 0E       		.uleb128 0xe
 968 0027 00       		.byte	0
 969 0028 00       		.byte	0
 970 0029 04       		.uleb128 0x4
 971 002a 16       		.uleb128 0x16
 972 002b 00       		.byte	0
 973 002c 03       		.uleb128 0x3
 974 002d 0E       		.uleb128 0xe
 975 002e 3A       		.uleb128 0x3a
 976 002f 0B       		.uleb128 0xb
 977 0030 3B       		.uleb128 0x3b
 978 0031 0B       		.uleb128 0xb
 979 0032 49       		.uleb128 0x49
 980 0033 13       		.uleb128 0x13
 981 0034 00       		.byte	0
 982 0035 00       		.byte	0
 983 0036 05       		.uleb128 0x5
 984 0037 0F       		.uleb128 0xf
 985 0038 00       		.byte	0
 986 0039 0B       		.uleb128 0xb
 987 003a 0B       		.uleb128 0xb
 988 003b 49       		.uleb128 0x49
 989 003c 13       		.uleb128 0x13
 990 003d 00       		.byte	0
 991 003e 00       		.byte	0
 992 003f 06       		.uleb128 0x6
 993 0040 15       		.uleb128 0x15
 994 0041 00       		.byte	0
 995 0042 27       		.uleb128 0x27
 996 0043 19       		.uleb128 0x19
 997 0044 00       		.byte	0
 998 0045 00       		.byte	0
 999 0046 07       		.uleb128 0x7
 1000 0047 16       		.uleb128 0x16
 1001 0048 00       		.byte	0
 1002 0049 03       		.uleb128 0x3
 1003 004a 0E       		.uleb128 0xe
 1004 004b 3A       		.uleb128 0x3a
 1005 004c 0B       		.uleb128 0xb
 1006 004d 3B       		.uleb128 0x3b
 1007 004e 05       		.uleb128 0x5
 1008 004f 49       		.uleb128 0x49
 1009 0050 13       		.uleb128 0x13
ARM GAS  C:\Users\ylee818\AppData\Local\Temp\ccugIPnv.s 			page 26


 1010 0051 00       		.byte	0
 1011 0052 00       		.byte	0
 1012 0053 08       		.uleb128 0x8
 1013 0054 35       		.uleb128 0x35
 1014 0055 00       		.byte	0
 1015 0056 49       		.uleb128 0x49
 1016 0057 13       		.uleb128 0x13
 1017 0058 00       		.byte	0
 1018 0059 00       		.byte	0
 1019 005a 09       		.uleb128 0x9
 1020 005b 2E       		.uleb128 0x2e
 1021 005c 00       		.byte	0
 1022 005d 3F       		.uleb128 0x3f
 1023 005e 19       		.uleb128 0x19
 1024 005f 03       		.uleb128 0x3
 1025 0060 0E       		.uleb128 0xe
 1026 0061 3A       		.uleb128 0x3a
 1027 0062 0B       		.uleb128 0xb
 1028 0063 3B       		.uleb128 0x3b
 1029 0064 0B       		.uleb128 0xb
 1030 0065 27       		.uleb128 0x27
 1031 0066 19       		.uleb128 0x19
 1032 0067 11       		.uleb128 0x11
 1033 0068 01       		.uleb128 0x1
 1034 0069 12       		.uleb128 0x12
 1035 006a 06       		.uleb128 0x6
 1036 006b 40       		.uleb128 0x40
 1037 006c 18       		.uleb128 0x18
 1038 006d 9642     		.uleb128 0x2116
 1039 006f 19       		.uleb128 0x19
 1040 0070 00       		.byte	0
 1041 0071 00       		.byte	0
 1042 0072 0A       		.uleb128 0xa
 1043 0073 2E       		.uleb128 0x2e
 1044 0074 01       		.byte	0x1
 1045 0075 3F       		.uleb128 0x3f
 1046 0076 19       		.uleb128 0x19
 1047 0077 03       		.uleb128 0x3
 1048 0078 0E       		.uleb128 0xe
 1049 0079 3A       		.uleb128 0x3a
 1050 007a 0B       		.uleb128 0xb
 1051 007b 3B       		.uleb128 0x3b
 1052 007c 0B       		.uleb128 0xb
 1053 007d 27       		.uleb128 0x27
 1054 007e 19       		.uleb128 0x19
 1055 007f 11       		.uleb128 0x11
 1056 0080 01       		.uleb128 0x1
 1057 0081 12       		.uleb128 0x12
 1058 0082 06       		.uleb128 0x6
 1059 0083 40       		.uleb128 0x40
 1060 0084 18       		.uleb128 0x18
 1061 0085 9642     		.uleb128 0x2116
 1062 0087 19       		.uleb128 0x19
 1063 0088 01       		.uleb128 0x1
 1064 0089 13       		.uleb128 0x13
 1065 008a 00       		.byte	0
 1066 008b 00       		.byte	0
ARM GAS  C:\Users\ylee818\AppData\Local\Temp\ccugIPnv.s 			page 27


 1067 008c 0B       		.uleb128 0xb
 1068 008d 05       		.uleb128 0x5
 1069 008e 00       		.byte	0
 1070 008f 03       		.uleb128 0x3
 1071 0090 0E       		.uleb128 0xe
 1072 0091 3A       		.uleb128 0x3a
 1073 0092 0B       		.uleb128 0xb
 1074 0093 3B       		.uleb128 0x3b
 1075 0094 0B       		.uleb128 0xb
 1076 0095 49       		.uleb128 0x49
 1077 0096 13       		.uleb128 0x13
 1078 0097 02       		.uleb128 0x2
 1079 0098 18       		.uleb128 0x18
 1080 0099 00       		.byte	0
 1081 009a 00       		.byte	0
 1082 009b 0C       		.uleb128 0xc
 1083 009c 2E       		.uleb128 0x2e
 1084 009d 01       		.byte	0x1
 1085 009e 3F       		.uleb128 0x3f
 1086 009f 19       		.uleb128 0x19
 1087 00a0 03       		.uleb128 0x3
 1088 00a1 0E       		.uleb128 0xe
 1089 00a2 3A       		.uleb128 0x3a
 1090 00a3 0B       		.uleb128 0xb
 1091 00a4 3B       		.uleb128 0x3b
 1092 00a5 0B       		.uleb128 0xb
 1093 00a6 27       		.uleb128 0x27
 1094 00a7 19       		.uleb128 0x19
 1095 00a8 11       		.uleb128 0x11
 1096 00a9 01       		.uleb128 0x1
 1097 00aa 12       		.uleb128 0x12
 1098 00ab 06       		.uleb128 0x6
 1099 00ac 40       		.uleb128 0x40
 1100 00ad 18       		.uleb128 0x18
 1101 00ae 9742     		.uleb128 0x2117
 1102 00b0 19       		.uleb128 0x19
 1103 00b1 01       		.uleb128 0x1
 1104 00b2 13       		.uleb128 0x13
 1105 00b3 00       		.byte	0
 1106 00b4 00       		.byte	0
 1107 00b5 0D       		.uleb128 0xd
 1108 00b6 34       		.uleb128 0x34
 1109 00b7 00       		.byte	0
 1110 00b8 03       		.uleb128 0x3
 1111 00b9 0E       		.uleb128 0xe
 1112 00ba 3A       		.uleb128 0x3a
 1113 00bb 0B       		.uleb128 0xb
 1114 00bc 3B       		.uleb128 0x3b
 1115 00bd 0B       		.uleb128 0xb
 1116 00be 49       		.uleb128 0x49
 1117 00bf 13       		.uleb128 0x13
 1118 00c0 02       		.uleb128 0x2
 1119 00c1 18       		.uleb128 0x18
 1120 00c2 00       		.byte	0
 1121 00c3 00       		.byte	0
 1122 00c4 0E       		.uleb128 0xe
 1123 00c5 2E       		.uleb128 0x2e
ARM GAS  C:\Users\ylee818\AppData\Local\Temp\ccugIPnv.s 			page 28


 1124 00c6 01       		.byte	0x1
 1125 00c7 3F       		.uleb128 0x3f
 1126 00c8 19       		.uleb128 0x19
 1127 00c9 03       		.uleb128 0x3
 1128 00ca 0E       		.uleb128 0xe
 1129 00cb 3A       		.uleb128 0x3a
 1130 00cc 0B       		.uleb128 0xb
 1131 00cd 3B       		.uleb128 0x3b
 1132 00ce 0B       		.uleb128 0xb
 1133 00cf 27       		.uleb128 0x27
 1134 00d0 19       		.uleb128 0x19
 1135 00d1 49       		.uleb128 0x49
 1136 00d2 13       		.uleb128 0x13
 1137 00d3 11       		.uleb128 0x11
 1138 00d4 01       		.uleb128 0x1
 1139 00d5 12       		.uleb128 0x12
 1140 00d6 06       		.uleb128 0x6
 1141 00d7 40       		.uleb128 0x40
 1142 00d8 18       		.uleb128 0x18
 1143 00d9 9742     		.uleb128 0x2117
 1144 00db 19       		.uleb128 0x19
 1145 00dc 01       		.uleb128 0x1
 1146 00dd 13       		.uleb128 0x13
 1147 00de 00       		.byte	0
 1148 00df 00       		.byte	0
 1149 00e0 0F       		.uleb128 0xf
 1150 00e1 2E       		.uleb128 0x2e
 1151 00e2 01       		.byte	0x1
 1152 00e3 3F       		.uleb128 0x3f
 1153 00e4 19       		.uleb128 0x19
 1154 00e5 03       		.uleb128 0x3
 1155 00e6 0E       		.uleb128 0xe
 1156 00e7 3A       		.uleb128 0x3a
 1157 00e8 0B       		.uleb128 0xb
 1158 00e9 3B       		.uleb128 0x3b
 1159 00ea 05       		.uleb128 0x5
 1160 00eb 27       		.uleb128 0x27
 1161 00ec 19       		.uleb128 0x19
 1162 00ed 11       		.uleb128 0x11
 1163 00ee 01       		.uleb128 0x1
 1164 00ef 12       		.uleb128 0x12
 1165 00f0 06       		.uleb128 0x6
 1166 00f1 40       		.uleb128 0x40
 1167 00f2 18       		.uleb128 0x18
 1168 00f3 9742     		.uleb128 0x2117
 1169 00f5 19       		.uleb128 0x19
 1170 00f6 01       		.uleb128 0x1
 1171 00f7 13       		.uleb128 0x13
 1172 00f8 00       		.byte	0
 1173 00f9 00       		.byte	0
 1174 00fa 10       		.uleb128 0x10
 1175 00fb 05       		.uleb128 0x5
 1176 00fc 00       		.byte	0
 1177 00fd 03       		.uleb128 0x3
 1178 00fe 0E       		.uleb128 0xe
 1179 00ff 3A       		.uleb128 0x3a
 1180 0100 0B       		.uleb128 0xb
ARM GAS  C:\Users\ylee818\AppData\Local\Temp\ccugIPnv.s 			page 29


 1181 0101 3B       		.uleb128 0x3b
 1182 0102 05       		.uleb128 0x5
 1183 0103 49       		.uleb128 0x49
 1184 0104 13       		.uleb128 0x13
 1185 0105 02       		.uleb128 0x2
 1186 0106 18       		.uleb128 0x18
 1187 0107 00       		.byte	0
 1188 0108 00       		.byte	0
 1189 0109 11       		.uleb128 0x11
 1190 010a 2E       		.uleb128 0x2e
 1191 010b 01       		.byte	0x1
 1192 010c 3F       		.uleb128 0x3f
 1193 010d 19       		.uleb128 0x19
 1194 010e 03       		.uleb128 0x3
 1195 010f 0E       		.uleb128 0xe
 1196 0110 3A       		.uleb128 0x3a
 1197 0111 0B       		.uleb128 0xb
 1198 0112 3B       		.uleb128 0x3b
 1199 0113 05       		.uleb128 0x5
 1200 0114 27       		.uleb128 0x27
 1201 0115 19       		.uleb128 0x19
 1202 0116 49       		.uleb128 0x49
 1203 0117 13       		.uleb128 0x13
 1204 0118 11       		.uleb128 0x11
 1205 0119 01       		.uleb128 0x1
 1206 011a 12       		.uleb128 0x12
 1207 011b 06       		.uleb128 0x6
 1208 011c 40       		.uleb128 0x40
 1209 011d 18       		.uleb128 0x18
 1210 011e 9742     		.uleb128 0x2117
 1211 0120 19       		.uleb128 0x19
 1212 0121 01       		.uleb128 0x1
 1213 0122 13       		.uleb128 0x13
 1214 0123 00       		.byte	0
 1215 0124 00       		.byte	0
 1216 0125 12       		.uleb128 0x12
 1217 0126 34       		.uleb128 0x34
 1218 0127 00       		.byte	0
 1219 0128 03       		.uleb128 0x3
 1220 0129 0E       		.uleb128 0xe
 1221 012a 3A       		.uleb128 0x3a
 1222 012b 0B       		.uleb128 0xb
 1223 012c 3B       		.uleb128 0x3b
 1224 012d 05       		.uleb128 0x5
 1225 012e 49       		.uleb128 0x49
 1226 012f 13       		.uleb128 0x13
 1227 0130 02       		.uleb128 0x2
 1228 0131 18       		.uleb128 0x18
 1229 0132 00       		.byte	0
 1230 0133 00       		.byte	0
 1231 0134 13       		.uleb128 0x13
 1232 0135 2E       		.uleb128 0x2e
 1233 0136 00       		.byte	0
 1234 0137 3F       		.uleb128 0x3f
 1235 0138 19       		.uleb128 0x19
 1236 0139 03       		.uleb128 0x3
 1237 013a 0E       		.uleb128 0xe
ARM GAS  C:\Users\ylee818\AppData\Local\Temp\ccugIPnv.s 			page 30


 1238 013b 3A       		.uleb128 0x3a
 1239 013c 0B       		.uleb128 0xb
 1240 013d 3B       		.uleb128 0x3b
 1241 013e 05       		.uleb128 0x5
 1242 013f 27       		.uleb128 0x27
 1243 0140 19       		.uleb128 0x19
 1244 0141 11       		.uleb128 0x11
 1245 0142 01       		.uleb128 0x1
 1246 0143 12       		.uleb128 0x12
 1247 0144 06       		.uleb128 0x6
 1248 0145 40       		.uleb128 0x40
 1249 0146 18       		.uleb128 0x18
 1250 0147 9742     		.uleb128 0x2117
 1251 0149 19       		.uleb128 0x19
 1252 014a 00       		.byte	0
 1253 014b 00       		.byte	0
 1254 014c 14       		.uleb128 0x14
 1255 014d 2E       		.uleb128 0x2e
 1256 014e 00       		.byte	0
 1257 014f 3F       		.uleb128 0x3f
 1258 0150 19       		.uleb128 0x19
 1259 0151 03       		.uleb128 0x3
 1260 0152 0E       		.uleb128 0xe
 1261 0153 3A       		.uleb128 0x3a
 1262 0154 0B       		.uleb128 0xb
 1263 0155 3B       		.uleb128 0x3b
 1264 0156 05       		.uleb128 0x5
 1265 0157 27       		.uleb128 0x27
 1266 0158 19       		.uleb128 0x19
 1267 0159 49       		.uleb128 0x49
 1268 015a 13       		.uleb128 0x13
 1269 015b 11       		.uleb128 0x11
 1270 015c 01       		.uleb128 0x1
 1271 015d 12       		.uleb128 0x12
 1272 015e 06       		.uleb128 0x6
 1273 015f 40       		.uleb128 0x40
 1274 0160 18       		.uleb128 0x18
 1275 0161 9742     		.uleb128 0x2117
 1276 0163 19       		.uleb128 0x19
 1277 0164 00       		.byte	0
 1278 0165 00       		.byte	0
 1279 0166 15       		.uleb128 0x15
 1280 0167 34       		.uleb128 0x34
 1281 0168 00       		.byte	0
 1282 0169 03       		.uleb128 0x3
 1283 016a 0E       		.uleb128 0xe
 1284 016b 3A       		.uleb128 0x3a
 1285 016c 0B       		.uleb128 0xb
 1286 016d 3B       		.uleb128 0x3b
 1287 016e 05       		.uleb128 0x5
 1288 016f 49       		.uleb128 0x49
 1289 0170 13       		.uleb128 0x13
 1290 0171 3F       		.uleb128 0x3f
 1291 0172 19       		.uleb128 0x19
 1292 0173 3C       		.uleb128 0x3c
 1293 0174 19       		.uleb128 0x19
 1294 0175 00       		.byte	0
ARM GAS  C:\Users\ylee818\AppData\Local\Temp\ccugIPnv.s 			page 31


 1295 0176 00       		.byte	0
 1296 0177 16       		.uleb128 0x16
 1297 0178 01       		.uleb128 0x1
 1298 0179 01       		.byte	0x1
 1299 017a 49       		.uleb128 0x49
 1300 017b 13       		.uleb128 0x13
 1301 017c 01       		.uleb128 0x1
 1302 017d 13       		.uleb128 0x13
 1303 017e 00       		.byte	0
 1304 017f 00       		.byte	0
 1305 0180 17       		.uleb128 0x17
 1306 0181 21       		.uleb128 0x21
 1307 0182 00       		.byte	0
 1308 0183 49       		.uleb128 0x49
 1309 0184 13       		.uleb128 0x13
 1310 0185 2F       		.uleb128 0x2f
 1311 0186 0B       		.uleb128 0xb
 1312 0187 00       		.byte	0
 1313 0188 00       		.byte	0
 1314 0189 18       		.uleb128 0x18
 1315 018a 34       		.uleb128 0x34
 1316 018b 00       		.byte	0
 1317 018c 03       		.uleb128 0x3
 1318 018d 0E       		.uleb128 0xe
 1319 018e 3A       		.uleb128 0x3a
 1320 018f 0B       		.uleb128 0xb
 1321 0190 3B       		.uleb128 0x3b
 1322 0191 0B       		.uleb128 0xb
 1323 0192 49       		.uleb128 0x49
 1324 0193 13       		.uleb128 0x13
 1325 0194 3F       		.uleb128 0x3f
 1326 0195 19       		.uleb128 0x19
 1327 0196 3C       		.uleb128 0x3c
 1328 0197 19       		.uleb128 0x19
 1329 0198 00       		.byte	0
 1330 0199 00       		.byte	0
 1331 019a 00       		.byte	0
 1332              		.section	.debug_aranges,"",%progbits
 1333 0000 7C000000 		.4byte	0x7c
 1334 0004 0200     		.2byte	0x2
 1335 0006 00000000 		.4byte	.Ldebug_info0
 1336 000a 04       		.byte	0x4
 1337 000b 00       		.byte	0
 1338 000c 0000     		.2byte	0
 1339 000e 0000     		.2byte	0
 1340 0010 00000000 		.4byte	.LFB63
 1341 0014 20000000 		.4byte	.LFE63-.LFB63
 1342 0018 00000000 		.4byte	.LFB64
 1343 001c 24000000 		.4byte	.LFE64-.LFB64
 1344 0020 00000000 		.4byte	.LFB65
 1345 0024 18000000 		.4byte	.LFE65-.LFB65
 1346 0028 00000000 		.4byte	.LFB66
 1347 002c 88000000 		.4byte	.LFE66-.LFB66
 1348 0030 00000000 		.4byte	.LFB67
 1349 0034 24000000 		.4byte	.LFE67-.LFB67
 1350 0038 00000000 		.4byte	.LFB68
 1351 003c 20000000 		.4byte	.LFE68-.LFB68
ARM GAS  C:\Users\ylee818\AppData\Local\Temp\ccugIPnv.s 			page 32


 1352 0040 00000000 		.4byte	.LFB69
 1353 0044 24000000 		.4byte	.LFE69-.LFB69
 1354 0048 00000000 		.4byte	.LFB70
 1355 004c 20000000 		.4byte	.LFE70-.LFB70
 1356 0050 00000000 		.4byte	.LFB71
 1357 0054 18000000 		.4byte	.LFE71-.LFB71
 1358 0058 00000000 		.4byte	.LFB72
 1359 005c 24000000 		.4byte	.LFE72-.LFB72
 1360 0060 00000000 		.4byte	.LFB73
 1361 0064 18000000 		.4byte	.LFE73-.LFB73
 1362 0068 00000000 		.4byte	.LFB74
 1363 006c 18000000 		.4byte	.LFE74-.LFB74
 1364 0070 00000000 		.4byte	.LFB75
 1365 0074 18000000 		.4byte	.LFE75-.LFB75
 1366 0078 00000000 		.4byte	0
 1367 007c 00000000 		.4byte	0
 1368              		.section	.debug_ranges,"",%progbits
 1369              	.Ldebug_ranges0:
 1370 0000 00000000 		.4byte	.LFB63
 1371 0004 20000000 		.4byte	.LFE63
 1372 0008 00000000 		.4byte	.LFB64
 1373 000c 24000000 		.4byte	.LFE64
 1374 0010 00000000 		.4byte	.LFB65
 1375 0014 18000000 		.4byte	.LFE65
 1376 0018 00000000 		.4byte	.LFB66
 1377 001c 88000000 		.4byte	.LFE66
 1378 0020 00000000 		.4byte	.LFB67
 1379 0024 24000000 		.4byte	.LFE67
 1380 0028 00000000 		.4byte	.LFB68
 1381 002c 20000000 		.4byte	.LFE68
 1382 0030 00000000 		.4byte	.LFB69
 1383 0034 24000000 		.4byte	.LFE69
 1384 0038 00000000 		.4byte	.LFB70
 1385 003c 20000000 		.4byte	.LFE70
 1386 0040 00000000 		.4byte	.LFB71
 1387 0044 18000000 		.4byte	.LFE71
 1388 0048 00000000 		.4byte	.LFB72
 1389 004c 24000000 		.4byte	.LFE72
 1390 0050 00000000 		.4byte	.LFB73
 1391 0054 18000000 		.4byte	.LFE73
 1392 0058 00000000 		.4byte	.LFB74
 1393 005c 18000000 		.4byte	.LFE74
 1394 0060 00000000 		.4byte	.LFB75
 1395 0064 18000000 		.4byte	.LFE75
 1396 0068 00000000 		.4byte	0
 1397 006c 00000000 		.4byte	0
 1398              		.section	.debug_line,"",%progbits
 1399              	.Ldebug_line0:
 1400 0000 61020000 		.section	.debug_str,"MS",%progbits,1
 1400      02004F01 
 1400      00000201 
 1400      FB0E0D00 
 1400      01010101 
 1401              	.LASF20:
 1402 0000 72656733 		.ascii	"reg32\000"
 1402      3200
 1403              	.LASF39:
ARM GAS  C:\Users\ylee818\AppData\Local\Temp\ccugIPnv.s 			page 33


 1404 0006 64617461 		.ascii	"dataready_flag\000"
 1404      72656164 
 1404      795F666C 
 1404      616700
 1405              	.LASF40:
 1406 0015 474E5520 		.ascii	"GNU C11 5.4.1 20160609 (release) [ARM/embedded-5-br"
 1406      43313120 
 1406      352E342E 
 1406      31203230 
 1406      31363036 
 1407 0048 616E6368 		.ascii	"anch revision 237715] -mcpu=cortex-m3 -mthumb -g -O"
 1407      20726576 
 1407      6973696F 
 1407      6E203233 
 1407      37373135 
 1408 007b 30202D66 		.ascii	"0 -ffunction-sections -ffat-lto-objects\000"
 1408      66756E63 
 1408      74696F6E 
 1408      2D736563 
 1408      74696F6E 
 1409              	.LASF32:
 1410 00a3 6973725F 		.ascii	"isr_eoc_GetPriority\000"
 1410      656F635F 
 1410      47657450 
 1410      72696F72 
 1410      69747900 
 1411              	.LASF12:
 1412 00b7 5F5F696E 		.ascii	"__int32_t\000"
 1412      7433325F 
 1412      7400
 1413              	.LASF41:
 1414 00c1 47656E65 		.ascii	"Generated_Source\\PSoC5\\isr_eoc.c\000"
 1414      72617465 
 1414      645F536F 
 1414      75726365 
 1414      5C50536F 
 1415              	.LASF33:
 1416 00e2 6973725F 		.ascii	"isr_eoc_Enable\000"
 1416      656F635F 
 1416      456E6162 
 1416      6C6500
 1417              	.LASF31:
 1418 00f1 6973725F 		.ascii	"isr_eoc_GetVector\000"
 1418      656F635F 
 1418      47657456 
 1418      6563746F 
 1418      7200
 1419              	.LASF24:
 1420 0103 6973725F 		.ascii	"isr_eoc_Interrupt\000"
 1420      656F635F 
 1420      496E7465 
 1420      72727570 
 1420      7400
 1421              	.LASF17:
 1422 0115 666C6F61 		.ascii	"float\000"
 1422      7400
 1423              	.LASF4:
ARM GAS  C:\Users\ylee818\AppData\Local\Temp\ccugIPnv.s 			page 34


 1424 011b 756E7369 		.ascii	"unsigned char\000"
 1424      676E6564 
 1424      20636861 
 1424      7200
 1425              	.LASF25:
 1426 0129 6973725F 		.ascii	"isr_eoc_StartEx\000"
 1426      656F635F 
 1426      53746172 
 1426      74457800 
 1427              	.LASF19:
 1428 0139 72656738 		.ascii	"reg8\000"
 1428      00
 1429              	.LASF29:
 1430 013e 6973725F 		.ascii	"isr_eoc_SetPriority\000"
 1430      656F635F 
 1430      53657450 
 1430      72696F72 
 1430      69747900 
 1431              	.LASF8:
 1432 0152 6C6F6E67 		.ascii	"long unsigned int\000"
 1432      20756E73 
 1432      69676E65 
 1432      6420696E 
 1432      7400
 1433              	.LASF6:
 1434 0164 73686F72 		.ascii	"short unsigned int\000"
 1434      7420756E 
 1434      7369676E 
 1434      65642069 
 1434      6E7400
 1435              	.LASF30:
 1436 0177 7072696F 		.ascii	"priority\000"
 1436      72697479 
 1436      00
 1437              	.LASF18:
 1438 0180 646F7562 		.ascii	"double\000"
 1438      6C6500
 1439              	.LASF34:
 1440 0187 6973725F 		.ascii	"isr_eoc_Disable\000"
 1440      656F635F 
 1440      44697361 
 1440      626C6500 
 1441              	.LASF15:
 1442 0197 75696E74 		.ascii	"uint16\000"
 1442      313600
 1443              	.LASF16:
 1444 019e 75696E74 		.ascii	"uint32\000"
 1444      333200
 1445              	.LASF0:
 1446 01a5 756E7369 		.ascii	"unsigned int\000"
 1446      676E6564 
 1446      20696E74 
 1446      00
 1447              	.LASF27:
 1448 01b2 61646472 		.ascii	"address\000"
 1448      65737300 
 1449              	.LASF9:
ARM GAS  C:\Users\ylee818\AppData\Local\Temp\ccugIPnv.s 			page 35


 1450 01ba 6C6F6E67 		.ascii	"long long unsigned int\000"
 1450      206C6F6E 
 1450      6720756E 
 1450      7369676E 
 1450      65642069 
 1451              	.LASF21:
 1452 01d1 63796973 		.ascii	"cyisraddress\000"
 1452      72616464 
 1452      72657373 
 1452      00
 1453              	.LASF37:
 1454 01de 49544D5F 		.ascii	"ITM_RxBuffer\000"
 1454      52784275 
 1454      66666572 
 1454      00
 1455              	.LASF23:
 1456 01eb 6973725F 		.ascii	"isr_eoc_Stop\000"
 1456      656F635F 
 1456      53746F70 
 1456      00
 1457              	.LASF13:
 1458 01f8 696E7433 		.ascii	"int32_t\000"
 1458      325F7400 
 1459              	.LASF10:
 1460 0200 73697A65 		.ascii	"sizetype\000"
 1460      74797065 
 1460      00
 1461              	.LASF1:
 1462 0209 6C6F6E67 		.ascii	"long long int\000"
 1462      206C6F6E 
 1462      6720696E 
 1462      7400
 1463              	.LASF11:
 1464 0217 63686172 		.ascii	"char\000"
 1464      00
 1465              	.LASF28:
 1466 021c 72616D56 		.ascii	"ramVectorTable\000"
 1466      6563746F 
 1466      72546162 
 1466      6C6500
 1467              	.LASF36:
 1468 022b 6973725F 		.ascii	"isr_eoc_ClearPending\000"
 1468      656F635F 
 1468      436C6561 
 1468      7250656E 
 1468      64696E67 
 1469              	.LASF5:
 1470 0240 73686F72 		.ascii	"short int\000"
 1470      7420696E 
 1470      7400
 1471              	.LASF14:
 1472 024a 75696E74 		.ascii	"uint8\000"
 1472      3800
 1473              	.LASF38:
 1474 0250 61646376 		.ascii	"adcvalue\000"
 1474      616C7565 
 1474      00
ARM GAS  C:\Users\ylee818\AppData\Local\Temp\ccugIPnv.s 			page 36


 1475              	.LASF26:
 1476 0259 6973725F 		.ascii	"isr_eoc_SetVector\000"
 1476      656F635F 
 1476      53657456 
 1476      6563746F 
 1476      7200
 1477              	.LASF7:
 1478 026b 6C6F6E67 		.ascii	"long int\000"
 1478      20696E74 
 1478      00
 1479              	.LASF2:
 1480 0274 6C6F6E67 		.ascii	"long double\000"
 1480      20646F75 
 1480      626C6500 
 1481              	.LASF43:
 1482 0280 6973725F 		.ascii	"isr_eoc_GetState\000"
 1482      656F635F 
 1482      47657453 
 1482      74617465 
 1482      00
 1483              	.LASF3:
 1484 0291 7369676E 		.ascii	"signed char\000"
 1484      65642063 
 1484      68617200 
 1485              	.LASF35:
 1486 029d 6973725F 		.ascii	"isr_eoc_SetPending\000"
 1486      656F635F 
 1486      53657450 
 1486      656E6469 
 1486      6E6700
 1487              	.LASF22:
 1488 02b0 6973725F 		.ascii	"isr_eoc_Start\000"
 1488      656F635F 
 1488      53746172 
 1488      7400
 1489              	.LASF42:
 1490 02be 433A5C55 		.ascii	"C:\\Users\\ylee818\\Documents\\GitHub\\COMPSYS301\\"
 1490      73657273 
 1490      5C796C65 
 1490      65383138 
 1490      5C446F63 
 1491 02eb 42656E63 		.ascii	"Benchmarktest___combined\\Benchmarktest___combined\\"
 1491      686D6172 
 1491      6B746573 
 1491      745F5F5F 
 1491      636F6D62 
 1492 031d 70736F63 		.ascii	"psoc student pack\\psoc_code_base\\CS301_Class.cyds"
 1492      20737475 
 1492      64656E74 
 1492      20706163 
 1492      6B5C7073 
 1493 034e 6E00     		.ascii	"n\000"
 1494              		.ident	"GCC: (GNU Tools for ARM Embedded Processors) 5.4.1 20160609 (release) [ARM/embedded-5-bran
