ARM GAS  C:\Users\ylee818\AppData\Local\Temp\ccSQKZwa.s 			page 1


   1              		.syntax unified
   2              		.cpu cortex-m3
   3              		.fpu softvfp
   4              		.eabi_attribute 20, 1
   5              		.eabi_attribute 21, 1
   6              		.eabi_attribute 23, 3
   7              		.eabi_attribute 24, 1
   8              		.eabi_attribute 25, 1
   9              		.eabi_attribute 26, 1
  10              		.eabi_attribute 30, 6
  11              		.eabi_attribute 34, 1
  12              		.eabi_attribute 18, 4
  13              		.thumb
  14              		.syntax unified
  15              		.file	"QuadDec_M2.c"
  16              		.text
  17              	.Ltext0:
  18              		.cfi_sections	.debug_frame
  19              		.global	QuadDec_M2_initVar
  20              		.bss
  21              		.type	QuadDec_M2_initVar, %object
  22              		.size	QuadDec_M2_initVar, 1
  23              	QuadDec_M2_initVar:
  24 0000 00       		.space	1
  25              		.section	.text.QuadDec_M2_Init,"ax",%progbits
  26              		.align	2
  27              		.global	QuadDec_M2_Init
  28              		.thumb
  29              		.thumb_func
  30              		.type	QuadDec_M2_Init, %function
  31              	QuadDec_M2_Init:
  32              	.LFB0:
  33              		.file 1 "Generated_Source\\PSoC5\\QuadDec_M2.c"
   1:Generated_Source\PSoC5/QuadDec_M2.c **** /*******************************************************************************
   2:Generated_Source\PSoC5/QuadDec_M2.c **** * File Name: QuadDec_M2.c  
   3:Generated_Source\PSoC5/QuadDec_M2.c **** * Version 3.0
   4:Generated_Source\PSoC5/QuadDec_M2.c **** *
   5:Generated_Source\PSoC5/QuadDec_M2.c **** * Description:
   6:Generated_Source\PSoC5/QuadDec_M2.c **** *  This file provides the source code to the API for the Quadrature Decoder
   7:Generated_Source\PSoC5/QuadDec_M2.c **** *  component.
   8:Generated_Source\PSoC5/QuadDec_M2.c **** *
   9:Generated_Source\PSoC5/QuadDec_M2.c **** * Note:
  10:Generated_Source\PSoC5/QuadDec_M2.c **** *  None.
  11:Generated_Source\PSoC5/QuadDec_M2.c **** *   
  12:Generated_Source\PSoC5/QuadDec_M2.c **** ********************************************************************************
  13:Generated_Source\PSoC5/QuadDec_M2.c **** * Copyright 2008-2014, Cypress Semiconductor Corporation.  All rights reserved.
  14:Generated_Source\PSoC5/QuadDec_M2.c **** * You may use this file only in accordance with the license, terms, conditions, 
  15:Generated_Source\PSoC5/QuadDec_M2.c **** * disclaimers, and limitations in the end user license agreement accompanying 
  16:Generated_Source\PSoC5/QuadDec_M2.c **** * the software package with which this file was provided.
  17:Generated_Source\PSoC5/QuadDec_M2.c **** *******************************************************************************/
  18:Generated_Source\PSoC5/QuadDec_M2.c **** 
  19:Generated_Source\PSoC5/QuadDec_M2.c **** #include "QuadDec_M2.h"
  20:Generated_Source\PSoC5/QuadDec_M2.c **** 
  21:Generated_Source\PSoC5/QuadDec_M2.c **** #if (QuadDec_M2_COUNTER_SIZE == QuadDec_M2_COUNTER_SIZE_32_BIT)
  22:Generated_Source\PSoC5/QuadDec_M2.c ****     #include "QuadDec_M2_PVT.h"
  23:Generated_Source\PSoC5/QuadDec_M2.c **** #endif /* QuadDec_M2_COUNTER_SIZE == QuadDec_M2_COUNTER_SIZE_32_BIT */
  24:Generated_Source\PSoC5/QuadDec_M2.c **** 
ARM GAS  C:\Users\ylee818\AppData\Local\Temp\ccSQKZwa.s 			page 2


  25:Generated_Source\PSoC5/QuadDec_M2.c **** uint8 QuadDec_M2_initVar = 0u;
  26:Generated_Source\PSoC5/QuadDec_M2.c **** 
  27:Generated_Source\PSoC5/QuadDec_M2.c **** 
  28:Generated_Source\PSoC5/QuadDec_M2.c **** /*******************************************************************************
  29:Generated_Source\PSoC5/QuadDec_M2.c **** * Function Name: QuadDec_M2_Init
  30:Generated_Source\PSoC5/QuadDec_M2.c **** ********************************************************************************
  31:Generated_Source\PSoC5/QuadDec_M2.c **** *
  32:Generated_Source\PSoC5/QuadDec_M2.c **** * Summary:
  33:Generated_Source\PSoC5/QuadDec_M2.c **** *  Inits/Restores default QuadDec configuration provided with customizer.
  34:Generated_Source\PSoC5/QuadDec_M2.c **** *
  35:Generated_Source\PSoC5/QuadDec_M2.c **** * Parameters:
  36:Generated_Source\PSoC5/QuadDec_M2.c **** *  None.
  37:Generated_Source\PSoC5/QuadDec_M2.c **** *
  38:Generated_Source\PSoC5/QuadDec_M2.c **** * Return:
  39:Generated_Source\PSoC5/QuadDec_M2.c **** *  None.
  40:Generated_Source\PSoC5/QuadDec_M2.c **** *
  41:Generated_Source\PSoC5/QuadDec_M2.c **** *******************************************************************************/
  42:Generated_Source\PSoC5/QuadDec_M2.c **** void QuadDec_M2_Init(void) 
  43:Generated_Source\PSoC5/QuadDec_M2.c **** {
  34              		.loc 1 43 0
  35              		.cfi_startproc
  36              		@ args = 0, pretend = 0, frame = 0
  37              		@ frame_needed = 1, uses_anonymous_args = 0
  38              		@ link register save eliminated.
  39 0000 80B4     		push	{r7}
  40              		.cfi_def_cfa_offset 4
  41              		.cfi_offset 7, -4
  42 0002 00AF     		add	r7, sp, #0
  43              		.cfi_def_cfa_register 7
  44:Generated_Source\PSoC5/QuadDec_M2.c ****     #if (QuadDec_M2_COUNTER_SIZE == QuadDec_M2_COUNTER_SIZE_32_BIT)
  45:Generated_Source\PSoC5/QuadDec_M2.c ****         /* Disable Interrupt. */
  46:Generated_Source\PSoC5/QuadDec_M2.c ****         CyIntDisable(QuadDec_M2_ISR_NUMBER);
  47:Generated_Source\PSoC5/QuadDec_M2.c ****         /* Set the ISR to point to the QuadDec_M2_isr Interrupt. */
  48:Generated_Source\PSoC5/QuadDec_M2.c ****         (void) CyIntSetVector(QuadDec_M2_ISR_NUMBER, & QuadDec_M2_ISR);
  49:Generated_Source\PSoC5/QuadDec_M2.c ****         /* Set the priority. */
  50:Generated_Source\PSoC5/QuadDec_M2.c ****         CyIntSetPriority(QuadDec_M2_ISR_NUMBER, QuadDec_M2_ISR_PRIORITY);
  51:Generated_Source\PSoC5/QuadDec_M2.c ****     #endif /* QuadDec_M2_COUNTER_SIZE == QuadDec_M2_COUNTER_SIZE_32_BIT */
  52:Generated_Source\PSoC5/QuadDec_M2.c **** }
  44              		.loc 1 52 0
  45 0004 00BF     		nop
  46 0006 BD46     		mov	sp, r7
  47              		.cfi_def_cfa_register 13
  48              		@ sp needed
  49 0008 80BC     		pop	{r7}
  50              		.cfi_restore 7
  51              		.cfi_def_cfa_offset 0
  52 000a 7047     		bx	lr
  53              		.cfi_endproc
  54              	.LFE0:
  55              		.size	QuadDec_M2_Init, .-QuadDec_M2_Init
  56              		.section	.text.QuadDec_M2_Enable,"ax",%progbits
  57              		.align	2
  58              		.global	QuadDec_M2_Enable
  59              		.thumb
  60              		.thumb_func
  61              		.type	QuadDec_M2_Enable, %function
  62              	QuadDec_M2_Enable:
ARM GAS  C:\Users\ylee818\AppData\Local\Temp\ccSQKZwa.s 			page 3


  63              	.LFB1:
  53:Generated_Source\PSoC5/QuadDec_M2.c **** 
  54:Generated_Source\PSoC5/QuadDec_M2.c **** 
  55:Generated_Source\PSoC5/QuadDec_M2.c **** /*******************************************************************************
  56:Generated_Source\PSoC5/QuadDec_M2.c **** * Function Name: QuadDec_M2_Enable
  57:Generated_Source\PSoC5/QuadDec_M2.c **** ********************************************************************************
  58:Generated_Source\PSoC5/QuadDec_M2.c **** *
  59:Generated_Source\PSoC5/QuadDec_M2.c **** * Summary:
  60:Generated_Source\PSoC5/QuadDec_M2.c **** *  This function enable interrupts from Component and also enable Component's
  61:Generated_Source\PSoC5/QuadDec_M2.c **** *  ISR in case of 32-bit counter.
  62:Generated_Source\PSoC5/QuadDec_M2.c **** *
  63:Generated_Source\PSoC5/QuadDec_M2.c **** * Parameters:
  64:Generated_Source\PSoC5/QuadDec_M2.c **** *  None.
  65:Generated_Source\PSoC5/QuadDec_M2.c **** *
  66:Generated_Source\PSoC5/QuadDec_M2.c **** * Return:
  67:Generated_Source\PSoC5/QuadDec_M2.c **** *  None.
  68:Generated_Source\PSoC5/QuadDec_M2.c **** *
  69:Generated_Source\PSoC5/QuadDec_M2.c **** *******************************************************************************/
  70:Generated_Source\PSoC5/QuadDec_M2.c **** void QuadDec_M2_Enable(void) 
  71:Generated_Source\PSoC5/QuadDec_M2.c **** {
  64              		.loc 1 71 0
  65              		.cfi_startproc
  66              		@ args = 0, pretend = 0, frame = 8
  67              		@ frame_needed = 1, uses_anonymous_args = 0
  68 0000 80B5     		push	{r7, lr}
  69              		.cfi_def_cfa_offset 8
  70              		.cfi_offset 7, -8
  71              		.cfi_offset 14, -4
  72 0002 82B0     		sub	sp, sp, #8
  73              		.cfi_def_cfa_offset 16
  74 0004 00AF     		add	r7, sp, #0
  75              		.cfi_def_cfa_register 7
  72:Generated_Source\PSoC5/QuadDec_M2.c ****     uint8 enableInterrupts;
  73:Generated_Source\PSoC5/QuadDec_M2.c **** 
  74:Generated_Source\PSoC5/QuadDec_M2.c ****     QuadDec_M2_SetInterruptMask(QuadDec_M2_INIT_INT_MASK);
  76              		.loc 1 74 0
  77 0006 0F20     		movs	r0, #15
  78 0008 FFF7FEFF 		bl	QuadDec_M2_SetInterruptMask
  75:Generated_Source\PSoC5/QuadDec_M2.c **** 
  76:Generated_Source\PSoC5/QuadDec_M2.c ****     /* Clear pending interrupts. */
  77:Generated_Source\PSoC5/QuadDec_M2.c ****     (void) QuadDec_M2_GetEvents();
  79              		.loc 1 77 0
  80 000c FFF7FEFF 		bl	QuadDec_M2_GetEvents
  78:Generated_Source\PSoC5/QuadDec_M2.c ****     
  79:Generated_Source\PSoC5/QuadDec_M2.c ****     enableInterrupts = CyEnterCriticalSection();
  81              		.loc 1 79 0
  82 0010 FFF7FEFF 		bl	CyEnterCriticalSection
  83 0014 0346     		mov	r3, r0
  84 0016 FB71     		strb	r3, [r7, #7]
  80:Generated_Source\PSoC5/QuadDec_M2.c **** 
  81:Generated_Source\PSoC5/QuadDec_M2.c ****     /* Enable interrupts from Statusi register */
  82:Generated_Source\PSoC5/QuadDec_M2.c ****     QuadDec_M2_SR_AUX_CONTROL |= QuadDec_M2_INTERRUPTS_ENABLE;
  85              		.loc 1 82 0
  86 0018 074A     		ldr	r2, .L3
  87 001a 074B     		ldr	r3, .L3
  88 001c 1B78     		ldrb	r3, [r3]
  89 001e DBB2     		uxtb	r3, r3
ARM GAS  C:\Users\ylee818\AppData\Local\Temp\ccSQKZwa.s 			page 4


  90 0020 43F01003 		orr	r3, r3, #16
  91 0024 DBB2     		uxtb	r3, r3
  92 0026 1370     		strb	r3, [r2]
  83:Generated_Source\PSoC5/QuadDec_M2.c **** 
  84:Generated_Source\PSoC5/QuadDec_M2.c ****     CyExitCriticalSection(enableInterrupts);        
  93              		.loc 1 84 0
  94 0028 FB79     		ldrb	r3, [r7, #7]	@ zero_extendqisi2
  95 002a 1846     		mov	r0, r3
  96 002c FFF7FEFF 		bl	CyExitCriticalSection
  85:Generated_Source\PSoC5/QuadDec_M2.c **** 
  86:Generated_Source\PSoC5/QuadDec_M2.c ****     #if (QuadDec_M2_COUNTER_SIZE == QuadDec_M2_COUNTER_SIZE_32_BIT)
  87:Generated_Source\PSoC5/QuadDec_M2.c ****         /* Enable Component interrupts */
  88:Generated_Source\PSoC5/QuadDec_M2.c ****         CyIntEnable(QuadDec_M2_ISR_NUMBER);
  89:Generated_Source\PSoC5/QuadDec_M2.c ****     #endif /* QuadDec_M2_COUNTER_SIZE == QuadDec_M2_COUNTER_SIZE_32_BIT */
  90:Generated_Source\PSoC5/QuadDec_M2.c **** }
  97              		.loc 1 90 0
  98 0030 00BF     		nop
  99 0032 0837     		adds	r7, r7, #8
 100              		.cfi_def_cfa_offset 8
 101 0034 BD46     		mov	sp, r7
 102              		.cfi_def_cfa_register 13
 103              		@ sp needed
 104 0036 80BD     		pop	{r7, pc}
 105              	.L4:
 106              		.align	2
 107              	.L3:
 108 0038 96650040 		.word	1073767830
 109              		.cfi_endproc
 110              	.LFE1:
 111              		.size	QuadDec_M2_Enable, .-QuadDec_M2_Enable
 112              		.section	.text.QuadDec_M2_Start,"ax",%progbits
 113              		.align	2
 114              		.global	QuadDec_M2_Start
 115              		.thumb
 116              		.thumb_func
 117              		.type	QuadDec_M2_Start, %function
 118              	QuadDec_M2_Start:
 119              	.LFB2:
  91:Generated_Source\PSoC5/QuadDec_M2.c **** 
  92:Generated_Source\PSoC5/QuadDec_M2.c **** 
  93:Generated_Source\PSoC5/QuadDec_M2.c **** /*******************************************************************************
  94:Generated_Source\PSoC5/QuadDec_M2.c **** * Function Name: QuadDec_M2_Start
  95:Generated_Source\PSoC5/QuadDec_M2.c **** ********************************************************************************
  96:Generated_Source\PSoC5/QuadDec_M2.c **** *
  97:Generated_Source\PSoC5/QuadDec_M2.c **** * Summary:
  98:Generated_Source\PSoC5/QuadDec_M2.c **** *  Initializes UDBs and other relevant hardware.
  99:Generated_Source\PSoC5/QuadDec_M2.c **** *  Resets counter, enables or disables all relevant interrupts.
 100:Generated_Source\PSoC5/QuadDec_M2.c **** *  Starts monitoring the inputs and counting.
 101:Generated_Source\PSoC5/QuadDec_M2.c **** *
 102:Generated_Source\PSoC5/QuadDec_M2.c **** * Parameters:
 103:Generated_Source\PSoC5/QuadDec_M2.c **** *  None.
 104:Generated_Source\PSoC5/QuadDec_M2.c **** *
 105:Generated_Source\PSoC5/QuadDec_M2.c **** * Return:
 106:Generated_Source\PSoC5/QuadDec_M2.c **** *  None.
 107:Generated_Source\PSoC5/QuadDec_M2.c **** *
 108:Generated_Source\PSoC5/QuadDec_M2.c **** * Global variables:
 109:Generated_Source\PSoC5/QuadDec_M2.c **** *  QuadDec_M2_initVar - used to check initial configuration, modified on
ARM GAS  C:\Users\ylee818\AppData\Local\Temp\ccSQKZwa.s 			page 5


 110:Generated_Source\PSoC5/QuadDec_M2.c **** *  first function call.
 111:Generated_Source\PSoC5/QuadDec_M2.c **** *
 112:Generated_Source\PSoC5/QuadDec_M2.c **** * Reentrant:
 113:Generated_Source\PSoC5/QuadDec_M2.c **** *  No.
 114:Generated_Source\PSoC5/QuadDec_M2.c **** *
 115:Generated_Source\PSoC5/QuadDec_M2.c **** *******************************************************************************/
 116:Generated_Source\PSoC5/QuadDec_M2.c **** void QuadDec_M2_Start(void) 
 117:Generated_Source\PSoC5/QuadDec_M2.c **** {
 120              		.loc 1 117 0
 121              		.cfi_startproc
 122              		@ args = 0, pretend = 0, frame = 0
 123              		@ frame_needed = 1, uses_anonymous_args = 0
 124 0000 80B5     		push	{r7, lr}
 125              		.cfi_def_cfa_offset 8
 126              		.cfi_offset 7, -8
 127              		.cfi_offset 14, -4
 128 0002 00AF     		add	r7, sp, #0
 129              		.cfi_def_cfa_register 7
 118:Generated_Source\PSoC5/QuadDec_M2.c ****     #if (QuadDec_M2_COUNTER_SIZE == QuadDec_M2_COUNTER_SIZE_8_BIT)
 119:Generated_Source\PSoC5/QuadDec_M2.c ****         QuadDec_M2_Cnt8_Start();
 120:Generated_Source\PSoC5/QuadDec_M2.c ****         QuadDec_M2_Cnt8_WriteCounter(QuadDec_M2_COUNTER_INIT_VALUE);
 121:Generated_Source\PSoC5/QuadDec_M2.c ****     #else
 122:Generated_Source\PSoC5/QuadDec_M2.c ****         /* (QuadDec_M2_COUNTER_SIZE == QuadDec_M2_COUNTER_SIZE_16_BIT) || 
 123:Generated_Source\PSoC5/QuadDec_M2.c ****         *  (QuadDec_M2_COUNTER_SIZE == QuadDec_M2_COUNTER_SIZE_32_BIT) 
 124:Generated_Source\PSoC5/QuadDec_M2.c ****         */
 125:Generated_Source\PSoC5/QuadDec_M2.c ****         QuadDec_M2_Cnt16_Start();
 130              		.loc 1 125 0
 131 0004 FFF7FEFF 		bl	QuadDec_M2_Cnt16_Start
 126:Generated_Source\PSoC5/QuadDec_M2.c ****         QuadDec_M2_Cnt16_WriteCounter(QuadDec_M2_COUNTER_INIT_VALUE);
 132              		.loc 1 126 0
 133 0008 4FF40040 		mov	r0, #32768
 134 000c FFF7FEFF 		bl	QuadDec_M2_Cnt16_WriteCounter
 127:Generated_Source\PSoC5/QuadDec_M2.c ****     #endif /* QuadDec_M2_COUNTER_SIZE == QuadDec_M2_COUNTER_SIZE_8_BIT */
 128:Generated_Source\PSoC5/QuadDec_M2.c ****     
 129:Generated_Source\PSoC5/QuadDec_M2.c ****     #if (QuadDec_M2_COUNTER_SIZE == QuadDec_M2_COUNTER_SIZE_32_BIT)        
 130:Generated_Source\PSoC5/QuadDec_M2.c ****        QuadDec_M2_count32SoftPart = 0;
 131:Generated_Source\PSoC5/QuadDec_M2.c ****     #endif /* QuadDec_M2_COUNTER_SIZE == QuadDec_M2_COUNTER_SIZE_32_BIT */
 132:Generated_Source\PSoC5/QuadDec_M2.c **** 
 133:Generated_Source\PSoC5/QuadDec_M2.c ****     if (QuadDec_M2_initVar == 0u)
 135              		.loc 1 133 0
 136 0010 064B     		ldr	r3, .L7
 137 0012 1B78     		ldrb	r3, [r3]	@ zero_extendqisi2
 138 0014 002B     		cmp	r3, #0
 139 0016 04D1     		bne	.L6
 134:Generated_Source\PSoC5/QuadDec_M2.c ****     {
 135:Generated_Source\PSoC5/QuadDec_M2.c ****         QuadDec_M2_Init();
 140              		.loc 1 135 0
 141 0018 FFF7FEFF 		bl	QuadDec_M2_Init
 136:Generated_Source\PSoC5/QuadDec_M2.c ****         QuadDec_M2_initVar = 1u;
 142              		.loc 1 136 0
 143 001c 034B     		ldr	r3, .L7
 144 001e 0122     		movs	r2, #1
 145 0020 1A70     		strb	r2, [r3]
 146              	.L6:
 137:Generated_Source\PSoC5/QuadDec_M2.c ****     }
 138:Generated_Source\PSoC5/QuadDec_M2.c **** 
 139:Generated_Source\PSoC5/QuadDec_M2.c ****     QuadDec_M2_Enable();
ARM GAS  C:\Users\ylee818\AppData\Local\Temp\ccSQKZwa.s 			page 6


 147              		.loc 1 139 0
 148 0022 FFF7FEFF 		bl	QuadDec_M2_Enable
 140:Generated_Source\PSoC5/QuadDec_M2.c **** }
 149              		.loc 1 140 0
 150 0026 00BF     		nop
 151 0028 80BD     		pop	{r7, pc}
 152              	.L8:
 153 002a 00BF     		.align	2
 154              	.L7:
 155 002c 00000000 		.word	QuadDec_M2_initVar
 156              		.cfi_endproc
 157              	.LFE2:
 158              		.size	QuadDec_M2_Start, .-QuadDec_M2_Start
 159              		.section	.text.QuadDec_M2_Stop,"ax",%progbits
 160              		.align	2
 161              		.global	QuadDec_M2_Stop
 162              		.thumb
 163              		.thumb_func
 164              		.type	QuadDec_M2_Stop, %function
 165              	QuadDec_M2_Stop:
 166              	.LFB3:
 141:Generated_Source\PSoC5/QuadDec_M2.c **** 
 142:Generated_Source\PSoC5/QuadDec_M2.c **** 
 143:Generated_Source\PSoC5/QuadDec_M2.c **** /*******************************************************************************
 144:Generated_Source\PSoC5/QuadDec_M2.c **** * Function Name: QuadDec_M2_Stop
 145:Generated_Source\PSoC5/QuadDec_M2.c **** ********************************************************************************
 146:Generated_Source\PSoC5/QuadDec_M2.c **** *
 147:Generated_Source\PSoC5/QuadDec_M2.c **** * Summary:
 148:Generated_Source\PSoC5/QuadDec_M2.c **** *  Turns off UDBs and other relevant hardware.
 149:Generated_Source\PSoC5/QuadDec_M2.c **** *
 150:Generated_Source\PSoC5/QuadDec_M2.c **** * Parameters:
 151:Generated_Source\PSoC5/QuadDec_M2.c **** *  None.
 152:Generated_Source\PSoC5/QuadDec_M2.c **** *
 153:Generated_Source\PSoC5/QuadDec_M2.c **** * Return:
 154:Generated_Source\PSoC5/QuadDec_M2.c **** *  None.
 155:Generated_Source\PSoC5/QuadDec_M2.c **** *
 156:Generated_Source\PSoC5/QuadDec_M2.c **** *******************************************************************************/
 157:Generated_Source\PSoC5/QuadDec_M2.c **** void QuadDec_M2_Stop(void) 
 158:Generated_Source\PSoC5/QuadDec_M2.c **** {
 167              		.loc 1 158 0
 168              		.cfi_startproc
 169              		@ args = 0, pretend = 0, frame = 8
 170              		@ frame_needed = 1, uses_anonymous_args = 0
 171 0000 80B5     		push	{r7, lr}
 172              		.cfi_def_cfa_offset 8
 173              		.cfi_offset 7, -8
 174              		.cfi_offset 14, -4
 175 0002 82B0     		sub	sp, sp, #8
 176              		.cfi_def_cfa_offset 16
 177 0004 00AF     		add	r7, sp, #0
 178              		.cfi_def_cfa_register 7
 159:Generated_Source\PSoC5/QuadDec_M2.c ****     uint8 enableInterrupts;
 160:Generated_Source\PSoC5/QuadDec_M2.c **** 
 161:Generated_Source\PSoC5/QuadDec_M2.c ****     #if (QuadDec_M2_COUNTER_SIZE == QuadDec_M2_COUNTER_SIZE_8_BIT)
 162:Generated_Source\PSoC5/QuadDec_M2.c ****         QuadDec_M2_Cnt8_Stop();
 163:Generated_Source\PSoC5/QuadDec_M2.c ****     #else 
 164:Generated_Source\PSoC5/QuadDec_M2.c ****         /* (QuadDec_M2_COUNTER_SIZE == QuadDec_M2_COUNTER_SIZE_16_BIT) ||
ARM GAS  C:\Users\ylee818\AppData\Local\Temp\ccSQKZwa.s 			page 7


 165:Generated_Source\PSoC5/QuadDec_M2.c ****         *  (QuadDec_M2_COUNTER_SIZE == QuadDec_M2_COUNTER_SIZE_32_BIT)
 166:Generated_Source\PSoC5/QuadDec_M2.c ****         */
 167:Generated_Source\PSoC5/QuadDec_M2.c ****         QuadDec_M2_Cnt16_Stop();    /* counter disable */
 179              		.loc 1 167 0
 180 0006 FFF7FEFF 		bl	QuadDec_M2_Cnt16_Stop
 168:Generated_Source\PSoC5/QuadDec_M2.c ****     #endif /* (QuadDec_M2_COUNTER_SIZE == QuadDec_M2_COUNTER_SIZE_8_BIT) */
 169:Generated_Source\PSoC5/QuadDec_M2.c ****  
 170:Generated_Source\PSoC5/QuadDec_M2.c ****     enableInterrupts = CyEnterCriticalSection();
 181              		.loc 1 170 0
 182 000a FFF7FEFF 		bl	CyEnterCriticalSection
 183 000e 0346     		mov	r3, r0
 184 0010 FB71     		strb	r3, [r7, #7]
 171:Generated_Source\PSoC5/QuadDec_M2.c **** 
 172:Generated_Source\PSoC5/QuadDec_M2.c ****     /* Disable interrupts interrupts from Statusi register */
 173:Generated_Source\PSoC5/QuadDec_M2.c ****     QuadDec_M2_SR_AUX_CONTROL &= (uint8) (~QuadDec_M2_INTERRUPTS_ENABLE);
 185              		.loc 1 173 0
 186 0012 084A     		ldr	r2, .L10
 187 0014 074B     		ldr	r3, .L10
 188 0016 1B78     		ldrb	r3, [r3]
 189 0018 DBB2     		uxtb	r3, r3
 190 001a 23F01003 		bic	r3, r3, #16
 191 001e DBB2     		uxtb	r3, r3
 192 0020 1370     		strb	r3, [r2]
 174:Generated_Source\PSoC5/QuadDec_M2.c **** 
 175:Generated_Source\PSoC5/QuadDec_M2.c ****     CyExitCriticalSection(enableInterrupts);
 193              		.loc 1 175 0
 194 0022 FB79     		ldrb	r3, [r7, #7]	@ zero_extendqisi2
 195 0024 1846     		mov	r0, r3
 196 0026 FFF7FEFF 		bl	CyExitCriticalSection
 176:Generated_Source\PSoC5/QuadDec_M2.c **** 
 177:Generated_Source\PSoC5/QuadDec_M2.c ****     #if (QuadDec_M2_COUNTER_SIZE == QuadDec_M2_COUNTER_SIZE_32_BIT)
 178:Generated_Source\PSoC5/QuadDec_M2.c ****         CyIntDisable(QuadDec_M2_ISR_NUMBER);    /* interrupt disable */
 179:Generated_Source\PSoC5/QuadDec_M2.c ****     #endif /* QuadDec_M2_COUNTER_SIZE == QuadDec_M2_COUNTER_SIZE_32_BIT */
 180:Generated_Source\PSoC5/QuadDec_M2.c **** }
 197              		.loc 1 180 0
 198 002a 00BF     		nop
 199 002c 0837     		adds	r7, r7, #8
 200              		.cfi_def_cfa_offset 8
 201 002e BD46     		mov	sp, r7
 202              		.cfi_def_cfa_register 13
 203              		@ sp needed
 204 0030 80BD     		pop	{r7, pc}
 205              	.L11:
 206 0032 00BF     		.align	2
 207              	.L10:
 208 0034 96650040 		.word	1073767830
 209              		.cfi_endproc
 210              	.LFE3:
 211              		.size	QuadDec_M2_Stop, .-QuadDec_M2_Stop
 212              		.section	.text.QuadDec_M2_GetCounter,"ax",%progbits
 213              		.align	2
 214              		.global	QuadDec_M2_GetCounter
 215              		.thumb
 216              		.thumb_func
 217              		.type	QuadDec_M2_GetCounter, %function
 218              	QuadDec_M2_GetCounter:
 219              	.LFB4:
ARM GAS  C:\Users\ylee818\AppData\Local\Temp\ccSQKZwa.s 			page 8


 181:Generated_Source\PSoC5/QuadDec_M2.c **** 
 182:Generated_Source\PSoC5/QuadDec_M2.c **** 
 183:Generated_Source\PSoC5/QuadDec_M2.c **** /*******************************************************************************
 184:Generated_Source\PSoC5/QuadDec_M2.c **** * Function Name: QuadDec_M2_GetCounter
 185:Generated_Source\PSoC5/QuadDec_M2.c **** ********************************************************************************
 186:Generated_Source\PSoC5/QuadDec_M2.c **** *
 187:Generated_Source\PSoC5/QuadDec_M2.c **** * Summary:
 188:Generated_Source\PSoC5/QuadDec_M2.c **** *  Reports the current value of the counter.
 189:Generated_Source\PSoC5/QuadDec_M2.c **** *
 190:Generated_Source\PSoC5/QuadDec_M2.c **** * Parameters:
 191:Generated_Source\PSoC5/QuadDec_M2.c **** *  None.
 192:Generated_Source\PSoC5/QuadDec_M2.c **** *
 193:Generated_Source\PSoC5/QuadDec_M2.c **** * Return:
 194:Generated_Source\PSoC5/QuadDec_M2.c **** *  The counter value. Return type is signed and per the counter size setting.
 195:Generated_Source\PSoC5/QuadDec_M2.c **** *  A positive value indicates clockwise movement (B before A).
 196:Generated_Source\PSoC5/QuadDec_M2.c **** *
 197:Generated_Source\PSoC5/QuadDec_M2.c **** * Global variables:
 198:Generated_Source\PSoC5/QuadDec_M2.c **** *  QuadDec_M2_count32SoftPart - used to get hi 16 bit for current value
 199:Generated_Source\PSoC5/QuadDec_M2.c **** *  of the 32-bit counter, when Counter size equal 32-bit.
 200:Generated_Source\PSoC5/QuadDec_M2.c **** *
 201:Generated_Source\PSoC5/QuadDec_M2.c **** *******************************************************************************/
 202:Generated_Source\PSoC5/QuadDec_M2.c **** int16 QuadDec_M2_GetCounter(void) 
 203:Generated_Source\PSoC5/QuadDec_M2.c **** {
 220              		.loc 1 203 0
 221              		.cfi_startproc
 222              		@ args = 0, pretend = 0, frame = 8
 223              		@ frame_needed = 1, uses_anonymous_args = 0
 224 0000 80B5     		push	{r7, lr}
 225              		.cfi_def_cfa_offset 8
 226              		.cfi_offset 7, -8
 227              		.cfi_offset 14, -4
 228 0002 82B0     		sub	sp, sp, #8
 229              		.cfi_def_cfa_offset 16
 230 0004 00AF     		add	r7, sp, #0
 231              		.cfi_def_cfa_register 7
 204:Generated_Source\PSoC5/QuadDec_M2.c ****     int16 count;
 205:Generated_Source\PSoC5/QuadDec_M2.c ****     uint16 tmpCnt;
 206:Generated_Source\PSoC5/QuadDec_M2.c **** 
 207:Generated_Source\PSoC5/QuadDec_M2.c ****     #if (QuadDec_M2_COUNTER_SIZE == QuadDec_M2_COUNTER_SIZE_32_BIT)
 208:Generated_Source\PSoC5/QuadDec_M2.c ****         int16 hwCount;
 209:Generated_Source\PSoC5/QuadDec_M2.c **** 
 210:Generated_Source\PSoC5/QuadDec_M2.c ****         CyIntDisable(QuadDec_M2_ISR_NUMBER);
 211:Generated_Source\PSoC5/QuadDec_M2.c **** 
 212:Generated_Source\PSoC5/QuadDec_M2.c ****         tmpCnt = QuadDec_M2_Cnt16_ReadCounter();
 213:Generated_Source\PSoC5/QuadDec_M2.c ****         hwCount = (int16) ((int32) tmpCnt - (int32) QuadDec_M2_COUNTER_INIT_VALUE);
 214:Generated_Source\PSoC5/QuadDec_M2.c ****         count = QuadDec_M2_count32SoftPart + hwCount;
 215:Generated_Source\PSoC5/QuadDec_M2.c **** 
 216:Generated_Source\PSoC5/QuadDec_M2.c ****         CyIntEnable(QuadDec_M2_ISR_NUMBER);
 217:Generated_Source\PSoC5/QuadDec_M2.c ****     #else 
 218:Generated_Source\PSoC5/QuadDec_M2.c ****         /* (QuadDec_M2_COUNTER_SIZE == QuadDec_M2_COUNTER_SIZE_8_BIT) || 
 219:Generated_Source\PSoC5/QuadDec_M2.c ****         *  (QuadDec_M2_COUNTER_SIZE == QuadDec_M2_COUNTER_SIZE_16_BIT)
 220:Generated_Source\PSoC5/QuadDec_M2.c ****         */
 221:Generated_Source\PSoC5/QuadDec_M2.c ****         #if (QuadDec_M2_COUNTER_SIZE == QuadDec_M2_COUNTER_SIZE_8_BIT)
 222:Generated_Source\PSoC5/QuadDec_M2.c ****             tmpCnt = QuadDec_M2_Cnt8_ReadCounter();
 223:Generated_Source\PSoC5/QuadDec_M2.c ****         #else /* (QuadDec_M2_COUNTER_SIZE == QuadDec_M2_COUNTER_SIZE_16_BIT) */
 224:Generated_Source\PSoC5/QuadDec_M2.c ****             tmpCnt = QuadDec_M2_Cnt16_ReadCounter();
 232              		.loc 1 224 0
ARM GAS  C:\Users\ylee818\AppData\Local\Temp\ccSQKZwa.s 			page 9


 233 0006 FFF7FEFF 		bl	QuadDec_M2_Cnt16_ReadCounter
 234 000a 0346     		mov	r3, r0
 235 000c FB80     		strh	r3, [r7, #6]	@ movhi
 225:Generated_Source\PSoC5/QuadDec_M2.c ****         #endif  /* QuadDec_M2_COUNTER_SIZE == QuadDec_M2_COUNTER_SIZE_8_BIT */
 226:Generated_Source\PSoC5/QuadDec_M2.c **** 
 227:Generated_Source\PSoC5/QuadDec_M2.c ****         count = (int16) ((int32) tmpCnt -
 236              		.loc 1 227 0
 237 000e FB88     		ldrh	r3, [r7, #6]	@ movhi
 238 0010 A3F50043 		sub	r3, r3, #32768
 239 0014 9BB2     		uxth	r3, r3
 240 0016 BB80     		strh	r3, [r7, #4]	@ movhi
 228:Generated_Source\PSoC5/QuadDec_M2.c ****                 (int32) QuadDec_M2_COUNTER_INIT_VALUE);
 229:Generated_Source\PSoC5/QuadDec_M2.c **** 
 230:Generated_Source\PSoC5/QuadDec_M2.c ****     #endif /* QuadDec_M2_COUNTER_SIZE == QuadDec_M2_COUNTER_SIZE_32_BIT */ 
 231:Generated_Source\PSoC5/QuadDec_M2.c **** 
 232:Generated_Source\PSoC5/QuadDec_M2.c ****     return (count);
 241              		.loc 1 232 0
 242 0018 B7F90430 		ldrsh	r3, [r7, #4]
 233:Generated_Source\PSoC5/QuadDec_M2.c **** }
 243              		.loc 1 233 0
 244 001c 1846     		mov	r0, r3
 245 001e 0837     		adds	r7, r7, #8
 246              		.cfi_def_cfa_offset 8
 247 0020 BD46     		mov	sp, r7
 248              		.cfi_def_cfa_register 13
 249              		@ sp needed
 250 0022 80BD     		pop	{r7, pc}
 251              		.cfi_endproc
 252              	.LFE4:
 253              		.size	QuadDec_M2_GetCounter, .-QuadDec_M2_GetCounter
 254              		.section	.text.QuadDec_M2_SetCounter,"ax",%progbits
 255              		.align	2
 256              		.global	QuadDec_M2_SetCounter
 257              		.thumb
 258              		.thumb_func
 259              		.type	QuadDec_M2_SetCounter, %function
 260              	QuadDec_M2_SetCounter:
 261              	.LFB5:
 234:Generated_Source\PSoC5/QuadDec_M2.c **** 
 235:Generated_Source\PSoC5/QuadDec_M2.c **** 
 236:Generated_Source\PSoC5/QuadDec_M2.c **** /*******************************************************************************
 237:Generated_Source\PSoC5/QuadDec_M2.c **** * Function Name: QuadDec_M2_SetCounter
 238:Generated_Source\PSoC5/QuadDec_M2.c **** ********************************************************************************
 239:Generated_Source\PSoC5/QuadDec_M2.c **** *
 240:Generated_Source\PSoC5/QuadDec_M2.c **** * Summary:
 241:Generated_Source\PSoC5/QuadDec_M2.c **** *  Sets the current value of the counter.
 242:Generated_Source\PSoC5/QuadDec_M2.c **** *
 243:Generated_Source\PSoC5/QuadDec_M2.c **** * Parameters:
 244:Generated_Source\PSoC5/QuadDec_M2.c **** *  value:  The new value. Parameter type is signed and per the counter size
 245:Generated_Source\PSoC5/QuadDec_M2.c **** *  setting.
 246:Generated_Source\PSoC5/QuadDec_M2.c **** *
 247:Generated_Source\PSoC5/QuadDec_M2.c **** * Return:
 248:Generated_Source\PSoC5/QuadDec_M2.c **** *  None.
 249:Generated_Source\PSoC5/QuadDec_M2.c **** *
 250:Generated_Source\PSoC5/QuadDec_M2.c **** * Global variables:
 251:Generated_Source\PSoC5/QuadDec_M2.c **** *  QuadDec_M2_count32SoftPart - modified to set hi 16 bit for current
 252:Generated_Source\PSoC5/QuadDec_M2.c **** *  value of the 32-bit counter, when Counter size equal 32-bit.
ARM GAS  C:\Users\ylee818\AppData\Local\Temp\ccSQKZwa.s 			page 10


 253:Generated_Source\PSoC5/QuadDec_M2.c **** *
 254:Generated_Source\PSoC5/QuadDec_M2.c **** * Reentrant:
 255:Generated_Source\PSoC5/QuadDec_M2.c **** *  No.
 256:Generated_Source\PSoC5/QuadDec_M2.c **** *
 257:Generated_Source\PSoC5/QuadDec_M2.c **** *******************************************************************************/
 258:Generated_Source\PSoC5/QuadDec_M2.c **** void QuadDec_M2_SetCounter(int16 value) 
 259:Generated_Source\PSoC5/QuadDec_M2.c **** {
 262              		.loc 1 259 0
 263              		.cfi_startproc
 264              		@ args = 0, pretend = 0, frame = 16
 265              		@ frame_needed = 1, uses_anonymous_args = 0
 266 0000 80B5     		push	{r7, lr}
 267              		.cfi_def_cfa_offset 8
 268              		.cfi_offset 7, -8
 269              		.cfi_offset 14, -4
 270 0002 84B0     		sub	sp, sp, #16
 271              		.cfi_def_cfa_offset 24
 272 0004 00AF     		add	r7, sp, #0
 273              		.cfi_def_cfa_register 7
 274 0006 0346     		mov	r3, r0
 275 0008 FB80     		strh	r3, [r7, #6]	@ movhi
 260:Generated_Source\PSoC5/QuadDec_M2.c ****     #if ((QuadDec_M2_COUNTER_SIZE == QuadDec_M2_COUNTER_SIZE_8_BIT) || \
 261:Generated_Source\PSoC5/QuadDec_M2.c ****          (QuadDec_M2_COUNTER_SIZE == QuadDec_M2_COUNTER_SIZE_16_BIT))
 262:Generated_Source\PSoC5/QuadDec_M2.c ****         uint16 count;
 263:Generated_Source\PSoC5/QuadDec_M2.c ****         
 264:Generated_Source\PSoC5/QuadDec_M2.c ****         if (value >= 0)
 276              		.loc 1 264 0
 277 000a B7F90630 		ldrsh	r3, [r7, #6]
 278 000e 002B     		cmp	r3, #0
 279 0010 04DB     		blt	.L15
 265:Generated_Source\PSoC5/QuadDec_M2.c ****         {
 266:Generated_Source\PSoC5/QuadDec_M2.c ****             count = (uint16) value + QuadDec_M2_COUNTER_INIT_VALUE;
 280              		.loc 1 266 0
 281 0012 FB88     		ldrh	r3, [r7, #6]
 282 0014 A3F50043 		sub	r3, r3, #32768
 283 0018 FB81     		strh	r3, [r7, #14]	@ movhi
 284 001a 03E0     		b	.L16
 285              	.L15:
 267:Generated_Source\PSoC5/QuadDec_M2.c ****         }
 268:Generated_Source\PSoC5/QuadDec_M2.c ****         else
 269:Generated_Source\PSoC5/QuadDec_M2.c ****         {
 270:Generated_Source\PSoC5/QuadDec_M2.c ****             count = QuadDec_M2_COUNTER_INIT_VALUE - (uint16)(-value);
 286              		.loc 1 270 0
 287 001c FB88     		ldrh	r3, [r7, #6]
 288 001e A3F50043 		sub	r3, r3, #32768
 289 0022 FB81     		strh	r3, [r7, #14]	@ movhi
 290              	.L16:
 271:Generated_Source\PSoC5/QuadDec_M2.c ****         }
 272:Generated_Source\PSoC5/QuadDec_M2.c ****         #if (QuadDec_M2_COUNTER_SIZE == QuadDec_M2_COUNTER_SIZE_8_BIT)
 273:Generated_Source\PSoC5/QuadDec_M2.c ****             QuadDec_M2_Cnt8_WriteCounter(count);
 274:Generated_Source\PSoC5/QuadDec_M2.c ****         #else /* (QuadDec_M2_COUNTER_SIZE == QuadDec_M2_COUNTER_SIZE_16_BIT) */
 275:Generated_Source\PSoC5/QuadDec_M2.c ****             QuadDec_M2_Cnt16_WriteCounter(count);
 291              		.loc 1 275 0
 292 0024 FB89     		ldrh	r3, [r7, #14]
 293 0026 1846     		mov	r0, r3
 294 0028 FFF7FEFF 		bl	QuadDec_M2_Cnt16_WriteCounter
 276:Generated_Source\PSoC5/QuadDec_M2.c ****         #endif  /* QuadDec_M2_COUNTER_SIZE == QuadDec_M2_COUNTER_SIZE_8_BIT */
ARM GAS  C:\Users\ylee818\AppData\Local\Temp\ccSQKZwa.s 			page 11


 277:Generated_Source\PSoC5/QuadDec_M2.c ****     #else /* (QuadDec_M2_COUNTER_SIZE == QuadDec_M2_COUNTER_SIZE_32_BIT) */
 278:Generated_Source\PSoC5/QuadDec_M2.c ****         CyIntDisable(QuadDec_M2_ISR_NUMBER);
 279:Generated_Source\PSoC5/QuadDec_M2.c **** 
 280:Generated_Source\PSoC5/QuadDec_M2.c ****         QuadDec_M2_Cnt16_WriteCounter(QuadDec_M2_COUNTER_INIT_VALUE);
 281:Generated_Source\PSoC5/QuadDec_M2.c ****         QuadDec_M2_count32SoftPart = value;
 282:Generated_Source\PSoC5/QuadDec_M2.c **** 
 283:Generated_Source\PSoC5/QuadDec_M2.c ****         CyIntEnable(QuadDec_M2_ISR_NUMBER);
 284:Generated_Source\PSoC5/QuadDec_M2.c ****     #endif  /* (QuadDec_M2_COUNTER_SIZE == QuadDec_M2_COUNTER_SIZE_8_BIT) ||
 285:Generated_Source\PSoC5/QuadDec_M2.c ****              * (QuadDec_M2_COUNTER_SIZE == QuadDec_M2_COUNTER_SIZE_16_BIT)
 286:Generated_Source\PSoC5/QuadDec_M2.c ****              */
 287:Generated_Source\PSoC5/QuadDec_M2.c **** }
 295              		.loc 1 287 0
 296 002c 00BF     		nop
 297 002e 1037     		adds	r7, r7, #16
 298              		.cfi_def_cfa_offset 8
 299 0030 BD46     		mov	sp, r7
 300              		.cfi_def_cfa_register 13
 301              		@ sp needed
 302 0032 80BD     		pop	{r7, pc}
 303              		.cfi_endproc
 304              	.LFE5:
 305              		.size	QuadDec_M2_SetCounter, .-QuadDec_M2_SetCounter
 306              		.section	.text.QuadDec_M2_GetEvents,"ax",%progbits
 307              		.align	2
 308              		.global	QuadDec_M2_GetEvents
 309              		.thumb
 310              		.thumb_func
 311              		.type	QuadDec_M2_GetEvents, %function
 312              	QuadDec_M2_GetEvents:
 313              	.LFB6:
 288:Generated_Source\PSoC5/QuadDec_M2.c **** 
 289:Generated_Source\PSoC5/QuadDec_M2.c **** 
 290:Generated_Source\PSoC5/QuadDec_M2.c **** /*******************************************************************************
 291:Generated_Source\PSoC5/QuadDec_M2.c **** * Function Name: QuadDec_M2_GetEvents
 292:Generated_Source\PSoC5/QuadDec_M2.c **** ********************************************************************************
 293:Generated_Source\PSoC5/QuadDec_M2.c **** * 
 294:Generated_Source\PSoC5/QuadDec_M2.c **** * Summary:
 295:Generated_Source\PSoC5/QuadDec_M2.c **** *   Reports the current status of events. This function clears the bits of the 
 296:Generated_Source\PSoC5/QuadDec_M2.c **** *   status register.
 297:Generated_Source\PSoC5/QuadDec_M2.c **** *
 298:Generated_Source\PSoC5/QuadDec_M2.c **** * Parameters:
 299:Generated_Source\PSoC5/QuadDec_M2.c **** *  None.
 300:Generated_Source\PSoC5/QuadDec_M2.c **** *
 301:Generated_Source\PSoC5/QuadDec_M2.c **** * Return:
 302:Generated_Source\PSoC5/QuadDec_M2.c **** *  The events, as bits in an unsigned 8-bit value:
 303:Generated_Source\PSoC5/QuadDec_M2.c **** *    Bit      Description
 304:Generated_Source\PSoC5/QuadDec_M2.c **** *     0        Counter overflow.
 305:Generated_Source\PSoC5/QuadDec_M2.c **** *     1        Counter underflow.
 306:Generated_Source\PSoC5/QuadDec_M2.c **** *     2        Counter reset due to index, if index input is used.
 307:Generated_Source\PSoC5/QuadDec_M2.c **** *     3        Invalid A, B inputs state transition.
 308:Generated_Source\PSoC5/QuadDec_M2.c **** *
 309:Generated_Source\PSoC5/QuadDec_M2.c **** *******************************************************************************/
 310:Generated_Source\PSoC5/QuadDec_M2.c **** uint8 QuadDec_M2_GetEvents(void) 
 311:Generated_Source\PSoC5/QuadDec_M2.c **** {
 314              		.loc 1 311 0
 315              		.cfi_startproc
 316              		@ args = 0, pretend = 0, frame = 0
ARM GAS  C:\Users\ylee818\AppData\Local\Temp\ccSQKZwa.s 			page 12


 317              		@ frame_needed = 1, uses_anonymous_args = 0
 318              		@ link register save eliminated.
 319 0000 80B4     		push	{r7}
 320              		.cfi_def_cfa_offset 4
 321              		.cfi_offset 7, -4
 322 0002 00AF     		add	r7, sp, #0
 323              		.cfi_def_cfa_register 7
 312:Generated_Source\PSoC5/QuadDec_M2.c ****     return (QuadDec_M2_STATUS_REG & QuadDec_M2_INIT_INT_MASK);
 324              		.loc 1 312 0
 325 0004 044B     		ldr	r3, .L19
 326 0006 1B78     		ldrb	r3, [r3]
 327 0008 DBB2     		uxtb	r3, r3
 328 000a 03F00F03 		and	r3, r3, #15
 329 000e DBB2     		uxtb	r3, r3
 313:Generated_Source\PSoC5/QuadDec_M2.c **** }
 330              		.loc 1 313 0
 331 0010 1846     		mov	r0, r3
 332 0012 BD46     		mov	sp, r7
 333              		.cfi_def_cfa_register 13
 334              		@ sp needed
 335 0014 80BC     		pop	{r7}
 336              		.cfi_restore 7
 337              		.cfi_def_cfa_offset 0
 338 0016 7047     		bx	lr
 339              	.L20:
 340              		.align	2
 341              	.L19:
 342 0018 66650040 		.word	1073767782
 343              		.cfi_endproc
 344              	.LFE6:
 345              		.size	QuadDec_M2_GetEvents, .-QuadDec_M2_GetEvents
 346              		.section	.text.QuadDec_M2_SetInterruptMask,"ax",%progbits
 347              		.align	2
 348              		.global	QuadDec_M2_SetInterruptMask
 349              		.thumb
 350              		.thumb_func
 351              		.type	QuadDec_M2_SetInterruptMask, %function
 352              	QuadDec_M2_SetInterruptMask:
 353              	.LFB7:
 314:Generated_Source\PSoC5/QuadDec_M2.c **** 
 315:Generated_Source\PSoC5/QuadDec_M2.c **** 
 316:Generated_Source\PSoC5/QuadDec_M2.c **** /*******************************************************************************
 317:Generated_Source\PSoC5/QuadDec_M2.c **** * Function Name: QuadDec_M2_SetInterruptMask
 318:Generated_Source\PSoC5/QuadDec_M2.c **** ********************************************************************************
 319:Generated_Source\PSoC5/QuadDec_M2.c **** *
 320:Generated_Source\PSoC5/QuadDec_M2.c **** * Summary:
 321:Generated_Source\PSoC5/QuadDec_M2.c **** *  Enables / disables interrupts due to the events.
 322:Generated_Source\PSoC5/QuadDec_M2.c **** *  For the 32-bit counter, the overflow, underflow and reset interrupts cannot
 323:Generated_Source\PSoC5/QuadDec_M2.c **** *  be disabled, these bits are ignored.
 324:Generated_Source\PSoC5/QuadDec_M2.c **** *
 325:Generated_Source\PSoC5/QuadDec_M2.c **** * Parameters:
 326:Generated_Source\PSoC5/QuadDec_M2.c **** *  mask: Enable / disable bits in an 8-bit value, where 1 enables the interrupt.
 327:Generated_Source\PSoC5/QuadDec_M2.c **** *
 328:Generated_Source\PSoC5/QuadDec_M2.c **** * Return:
 329:Generated_Source\PSoC5/QuadDec_M2.c **** *  None.
 330:Generated_Source\PSoC5/QuadDec_M2.c **** *
 331:Generated_Source\PSoC5/QuadDec_M2.c **** *******************************************************************************/
ARM GAS  C:\Users\ylee818\AppData\Local\Temp\ccSQKZwa.s 			page 13


 332:Generated_Source\PSoC5/QuadDec_M2.c **** void QuadDec_M2_SetInterruptMask(uint8 mask) 
 333:Generated_Source\PSoC5/QuadDec_M2.c **** {
 354              		.loc 1 333 0
 355              		.cfi_startproc
 356              		@ args = 0, pretend = 0, frame = 8
 357              		@ frame_needed = 1, uses_anonymous_args = 0
 358              		@ link register save eliminated.
 359 0000 80B4     		push	{r7}
 360              		.cfi_def_cfa_offset 4
 361              		.cfi_offset 7, -4
 362 0002 83B0     		sub	sp, sp, #12
 363              		.cfi_def_cfa_offset 16
 364 0004 00AF     		add	r7, sp, #0
 365              		.cfi_def_cfa_register 7
 366 0006 0346     		mov	r3, r0
 367 0008 FB71     		strb	r3, [r7, #7]
 334:Generated_Source\PSoC5/QuadDec_M2.c ****     #if (QuadDec_M2_COUNTER_SIZE == QuadDec_M2_COUNTER_SIZE_32_BIT)
 335:Generated_Source\PSoC5/QuadDec_M2.c ****         /* Underflow, Overflow and Reset interrupts for 32-bit Counter are always enable */
 336:Generated_Source\PSoC5/QuadDec_M2.c ****         mask |= (QuadDec_M2_COUNTER_OVERFLOW | QuadDec_M2_COUNTER_UNDERFLOW |
 337:Generated_Source\PSoC5/QuadDec_M2.c ****                  QuadDec_M2_COUNTER_RESET);
 338:Generated_Source\PSoC5/QuadDec_M2.c ****     #endif /* QuadDec_M2_COUNTER_SIZE == QuadDec_M2_COUNTER_SIZE_32_BIT */
 339:Generated_Source\PSoC5/QuadDec_M2.c **** 
 340:Generated_Source\PSoC5/QuadDec_M2.c ****     QuadDec_M2_STATUS_MASK = mask;
 368              		.loc 1 340 0
 369 000a 044A     		ldr	r2, .L22
 370 000c FB79     		ldrb	r3, [r7, #7]
 371 000e 1370     		strb	r3, [r2]
 341:Generated_Source\PSoC5/QuadDec_M2.c **** }
 372              		.loc 1 341 0
 373 0010 00BF     		nop
 374 0012 0C37     		adds	r7, r7, #12
 375              		.cfi_def_cfa_offset 4
 376 0014 BD46     		mov	sp, r7
 377              		.cfi_def_cfa_register 13
 378              		@ sp needed
 379 0016 80BC     		pop	{r7}
 380              		.cfi_restore 7
 381              		.cfi_def_cfa_offset 0
 382 0018 7047     		bx	lr
 383              	.L23:
 384 001a 00BF     		.align	2
 385              	.L22:
 386 001c 86650040 		.word	1073767814
 387              		.cfi_endproc
 388              	.LFE7:
 389              		.size	QuadDec_M2_SetInterruptMask, .-QuadDec_M2_SetInterruptMask
 390              		.section	.text.QuadDec_M2_GetInterruptMask,"ax",%progbits
 391              		.align	2
 392              		.global	QuadDec_M2_GetInterruptMask
 393              		.thumb
 394              		.thumb_func
 395              		.type	QuadDec_M2_GetInterruptMask, %function
 396              	QuadDec_M2_GetInterruptMask:
 397              	.LFB8:
 342:Generated_Source\PSoC5/QuadDec_M2.c **** 
 343:Generated_Source\PSoC5/QuadDec_M2.c **** 
 344:Generated_Source\PSoC5/QuadDec_M2.c **** /*******************************************************************************
ARM GAS  C:\Users\ylee818\AppData\Local\Temp\ccSQKZwa.s 			page 14


 345:Generated_Source\PSoC5/QuadDec_M2.c **** * Function Name: QuadDec_M2_GetInterruptMask
 346:Generated_Source\PSoC5/QuadDec_M2.c **** ********************************************************************************
 347:Generated_Source\PSoC5/QuadDec_M2.c **** *
 348:Generated_Source\PSoC5/QuadDec_M2.c **** * Summary:
 349:Generated_Source\PSoC5/QuadDec_M2.c **** *  Reports the current interrupt mask settings.
 350:Generated_Source\PSoC5/QuadDec_M2.c **** *
 351:Generated_Source\PSoC5/QuadDec_M2.c **** * Parameters:
 352:Generated_Source\PSoC5/QuadDec_M2.c **** *  None.
 353:Generated_Source\PSoC5/QuadDec_M2.c **** *
 354:Generated_Source\PSoC5/QuadDec_M2.c **** * Return:
 355:Generated_Source\PSoC5/QuadDec_M2.c **** *  Enable / disable bits in an 8-bit value, where 1 enables the interrupt.
 356:Generated_Source\PSoC5/QuadDec_M2.c **** *  For the 32-bit counter, the overflow, underflow and reset enable bits are
 357:Generated_Source\PSoC5/QuadDec_M2.c **** *  always set.
 358:Generated_Source\PSoC5/QuadDec_M2.c **** *
 359:Generated_Source\PSoC5/QuadDec_M2.c **** *******************************************************************************/
 360:Generated_Source\PSoC5/QuadDec_M2.c **** uint8 QuadDec_M2_GetInterruptMask(void) 
 361:Generated_Source\PSoC5/QuadDec_M2.c **** {
 398              		.loc 1 361 0
 399              		.cfi_startproc
 400              		@ args = 0, pretend = 0, frame = 0
 401              		@ frame_needed = 1, uses_anonymous_args = 0
 402              		@ link register save eliminated.
 403 0000 80B4     		push	{r7}
 404              		.cfi_def_cfa_offset 4
 405              		.cfi_offset 7, -4
 406 0002 00AF     		add	r7, sp, #0
 407              		.cfi_def_cfa_register 7
 362:Generated_Source\PSoC5/QuadDec_M2.c ****     return (QuadDec_M2_STATUS_MASK & QuadDec_M2_INIT_INT_MASK);
 408              		.loc 1 362 0
 409 0004 044B     		ldr	r3, .L26
 410 0006 1B78     		ldrb	r3, [r3]
 411 0008 DBB2     		uxtb	r3, r3
 412 000a 03F00F03 		and	r3, r3, #15
 413 000e DBB2     		uxtb	r3, r3
 363:Generated_Source\PSoC5/QuadDec_M2.c **** }
 414              		.loc 1 363 0
 415 0010 1846     		mov	r0, r3
 416 0012 BD46     		mov	sp, r7
 417              		.cfi_def_cfa_register 13
 418              		@ sp needed
 419 0014 80BC     		pop	{r7}
 420              		.cfi_restore 7
 421              		.cfi_def_cfa_offset 0
 422 0016 7047     		bx	lr
 423              	.L27:
 424              		.align	2
 425              	.L26:
 426 0018 86650040 		.word	1073767814
 427              		.cfi_endproc
 428              	.LFE8:
 429              		.size	QuadDec_M2_GetInterruptMask, .-QuadDec_M2_GetInterruptMask
 430              		.text
 431              	.Letext0:
 432              		.file 2 "Generated_Source\\PSoC5\\cytypes.h"
 433              		.section	.debug_info,"",%progbits
 434              	.Ldebug_info0:
 435 0000 04020000 		.4byte	0x204
ARM GAS  C:\Users\ylee818\AppData\Local\Temp\ccSQKZwa.s 			page 15


 436 0004 0400     		.2byte	0x4
 437 0006 00000000 		.4byte	.Ldebug_abbrev0
 438 000a 04       		.byte	0x4
 439 000b 01       		.uleb128 0x1
 440 000c 00000000 		.4byte	.LASF32
 441 0010 0C       		.byte	0xc
 442 0011 74010000 		.4byte	.LASF33
 443 0015 73020000 		.4byte	.LASF34
 444 0019 00000000 		.4byte	.Ldebug_ranges0+0
 445 001d 00000000 		.4byte	0
 446 0021 00000000 		.4byte	.Ldebug_line0
 447 0025 02       		.uleb128 0x2
 448 0026 04       		.byte	0x4
 449 0027 05       		.byte	0x5
 450 0028 696E7400 		.ascii	"int\000"
 451 002c 03       		.uleb128 0x3
 452 002d 04       		.byte	0x4
 453 002e 07       		.byte	0x7
 454 002f B5010000 		.4byte	.LASF0
 455 0033 03       		.uleb128 0x3
 456 0034 08       		.byte	0x8
 457 0035 05       		.byte	0x5
 458 0036 E2010000 		.4byte	.LASF1
 459 003a 03       		.uleb128 0x3
 460 003b 08       		.byte	0x8
 461 003c 04       		.byte	0x4
 462 003d 45020000 		.4byte	.LASF2
 463 0041 03       		.uleb128 0x3
 464 0042 01       		.byte	0x1
 465 0043 06       		.byte	0x6
 466 0044 51020000 		.4byte	.LASF3
 467 0048 03       		.uleb128 0x3
 468 0049 01       		.byte	0x1
 469 004a 08       		.byte	0x8
 470 004b 06010000 		.4byte	.LASF4
 471 004f 03       		.uleb128 0x3
 472 0050 02       		.byte	0x2
 473 0051 05       		.byte	0x5
 474 0052 1F020000 		.4byte	.LASF5
 475 0056 03       		.uleb128 0x3
 476 0057 02       		.byte	0x2
 477 0058 07       		.byte	0x7
 478 0059 DD000000 		.4byte	.LASF6
 479 005d 03       		.uleb128 0x3
 480 005e 04       		.byte	0x4
 481 005f 05       		.byte	0x5
 482 0060 3E010000 		.4byte	.LASF7
 483 0064 03       		.uleb128 0x3
 484 0065 04       		.byte	0x4
 485 0066 07       		.byte	0x7
 486 0067 1F010000 		.4byte	.LASF8
 487 006b 03       		.uleb128 0x3
 488 006c 08       		.byte	0x8
 489 006d 07       		.byte	0x7
 490 006e C2010000 		.4byte	.LASF9
 491 0072 03       		.uleb128 0x3
 492 0073 04       		.byte	0x4
ARM GAS  C:\Users\ylee818\AppData\Local\Temp\ccSQKZwa.s 			page 16


 493 0074 07       		.byte	0x7
 494 0075 D9010000 		.4byte	.LASF10
 495 0079 03       		.uleb128 0x3
 496 007a 01       		.byte	0x1
 497 007b 08       		.byte	0x8
 498 007c 40020000 		.4byte	.LASF11
 499 0080 04       		.uleb128 0x4
 500 0081 29020000 		.4byte	.LASF12
 501 0085 02       		.byte	0x2
 502 0086 E701     		.2byte	0x1e7
 503 0088 48000000 		.4byte	0x48
 504 008c 04       		.uleb128 0x4
 505 008d 98010000 		.4byte	.LASF13
 506 0091 02       		.byte	0x2
 507 0092 E801     		.2byte	0x1e8
 508 0094 56000000 		.4byte	0x56
 509 0098 04       		.uleb128 0x4
 510 0099 19010000 		.4byte	.LASF14
 511 009d 02       		.byte	0x2
 512 009e EB01     		.2byte	0x1eb
 513 00a0 4F000000 		.4byte	0x4f
 514 00a4 04       		.uleb128 0x4
 515 00a5 31010000 		.4byte	.LASF15
 516 00a9 02       		.byte	0x2
 517 00aa EC01     		.2byte	0x1ec
 518 00ac 5D000000 		.4byte	0x5d
 519 00b0 03       		.uleb128 0x3
 520 00b1 04       		.byte	0x4
 521 00b2 04       		.byte	0x4
 522 00b3 00010000 		.4byte	.LASF16
 523 00b7 03       		.uleb128 0x3
 524 00b8 08       		.byte	0x8
 525 00b9 04       		.byte	0x4
 526 00ba 58010000 		.4byte	.LASF17
 527 00be 04       		.uleb128 0x4
 528 00bf 14010000 		.4byte	.LASF18
 529 00c3 02       		.byte	0x2
 530 00c4 9102     		.2byte	0x291
 531 00c6 CA000000 		.4byte	0xca
 532 00ca 05       		.uleb128 0x5
 533 00cb 80000000 		.4byte	0x80
 534 00cf 06       		.uleb128 0x6
 535 00d0 AA000000 		.4byte	.LASF19
 536 00d4 01       		.byte	0x1
 537 00d5 2A       		.byte	0x2a
 538 00d6 00000000 		.4byte	.LFB0
 539 00da 0C000000 		.4byte	.LFE0-.LFB0
 540 00de 01       		.uleb128 0x1
 541 00df 9C       		.byte	0x9c
 542 00e0 07       		.uleb128 0x7
 543 00e1 CB000000 		.4byte	.LASF21
 544 00e5 01       		.byte	0x1
 545 00e6 46       		.byte	0x46
 546 00e7 00000000 		.4byte	.LFB1
 547 00eb 3C000000 		.4byte	.LFE1-.LFB1
 548 00ef 01       		.uleb128 0x1
 549 00f0 9C       		.byte	0x9c
ARM GAS  C:\Users\ylee818\AppData\Local\Temp\ccSQKZwa.s 			page 17


 550 00f1 04010000 		.4byte	0x104
 551 00f5 08       		.uleb128 0x8
 552 00f6 47010000 		.4byte	.LASF23
 553 00fa 01       		.byte	0x1
 554 00fb 48       		.byte	0x48
 555 00fc 80000000 		.4byte	0x80
 556 0100 02       		.uleb128 0x2
 557 0101 91       		.byte	0x91
 558 0102 77       		.sleb128 -9
 559 0103 00       		.byte	0
 560 0104 09       		.uleb128 0x9
 561 0105 2F020000 		.4byte	.LASF20
 562 0109 01       		.byte	0x1
 563 010a 74       		.byte	0x74
 564 010b 00000000 		.4byte	.LFB2
 565 010f 30000000 		.4byte	.LFE2-.LFB2
 566 0113 01       		.uleb128 0x1
 567 0114 9C       		.byte	0x9c
 568 0115 07       		.uleb128 0x7
 569 0116 F0000000 		.4byte	.LASF22
 570 011a 01       		.byte	0x1
 571 011b 9D       		.byte	0x9d
 572 011c 00000000 		.4byte	.LFB3
 573 0120 38000000 		.4byte	.LFE3-.LFB3
 574 0124 01       		.uleb128 0x1
 575 0125 9C       		.byte	0x9c
 576 0126 39010000 		.4byte	0x139
 577 012a 08       		.uleb128 0x8
 578 012b 47010000 		.4byte	.LASF23
 579 012f 01       		.byte	0x1
 580 0130 9F       		.byte	0x9f
 581 0131 80000000 		.4byte	0x80
 582 0135 02       		.uleb128 0x2
 583 0136 91       		.byte	0x91
 584 0137 77       		.sleb128 -9
 585 0138 00       		.byte	0
 586 0139 0A       		.uleb128 0xa
 587 013a 9F010000 		.4byte	.LASF35
 588 013e 01       		.byte	0x1
 589 013f CA       		.byte	0xca
 590 0140 98000000 		.4byte	0x98
 591 0144 00000000 		.4byte	.LFB4
 592 0148 24000000 		.4byte	.LFE4-.LFB4
 593 014c 01       		.uleb128 0x1
 594 014d 9C       		.byte	0x9c
 595 014e 6F010000 		.4byte	0x16f
 596 0152 08       		.uleb128 0x8
 597 0153 C0000000 		.4byte	.LASF24
 598 0157 01       		.byte	0x1
 599 0158 CC       		.byte	0xcc
 600 0159 98000000 		.4byte	0x98
 601 015d 02       		.uleb128 0x2
 602 015e 91       		.byte	0x91
 603 015f 74       		.sleb128 -12
 604 0160 08       		.uleb128 0x8
 605 0161 37010000 		.4byte	.LASF25
 606 0165 01       		.byte	0x1
ARM GAS  C:\Users\ylee818\AppData\Local\Temp\ccSQKZwa.s 			page 18


 607 0166 CD       		.byte	0xcd
 608 0167 8C000000 		.4byte	0x8c
 609 016b 02       		.uleb128 0x2
 610 016c 91       		.byte	0x91
 611 016d 76       		.sleb128 -10
 612 016e 00       		.byte	0
 613 016f 0B       		.uleb128 0xb
 614 0170 5D020000 		.4byte	.LASF26
 615 0174 01       		.byte	0x1
 616 0175 0201     		.2byte	0x102
 617 0177 00000000 		.4byte	.LFB5
 618 017b 34000000 		.4byte	.LFE5-.LFB5
 619 017f 01       		.uleb128 0x1
 620 0180 9C       		.byte	0x9c
 621 0181 A4010000 		.4byte	0x1a4
 622 0185 0C       		.uleb128 0xc
 623 0186 BA000000 		.4byte	.LASF28
 624 018a 01       		.byte	0x1
 625 018b 0201     		.2byte	0x102
 626 018d 98000000 		.4byte	0x98
 627 0191 02       		.uleb128 0x2
 628 0192 91       		.byte	0x91
 629 0193 6E       		.sleb128 -18
 630 0194 0D       		.uleb128 0xd
 631 0195 C0000000 		.4byte	.LASF24
 632 0199 01       		.byte	0x1
 633 019a 0601     		.2byte	0x106
 634 019c 8C000000 		.4byte	0x8c
 635 01a0 02       		.uleb128 0x2
 636 01a1 91       		.byte	0x91
 637 01a2 76       		.sleb128 -10
 638 01a3 00       		.byte	0
 639 01a4 0E       		.uleb128 0xe
 640 01a5 5F010000 		.4byte	.LASF30
 641 01a9 01       		.byte	0x1
 642 01aa 3601     		.2byte	0x136
 643 01ac 80000000 		.4byte	0x80
 644 01b0 00000000 		.4byte	.LFB6
 645 01b4 1C000000 		.4byte	.LFE6-.LFB6
 646 01b8 01       		.uleb128 0x1
 647 01b9 9C       		.byte	0x9c
 648 01ba 0F       		.uleb128 0xf
 649 01bb 8E000000 		.4byte	.LASF27
 650 01bf 01       		.byte	0x1
 651 01c0 4C01     		.2byte	0x14c
 652 01c2 00000000 		.4byte	.LFB7
 653 01c6 20000000 		.4byte	.LFE7-.LFB7
 654 01ca 01       		.uleb128 0x1
 655 01cb 9C       		.byte	0x9c
 656 01cc E0010000 		.4byte	0x1e0
 657 01d0 0C       		.uleb128 0xc
 658 01d1 C6000000 		.4byte	.LASF29
 659 01d5 01       		.byte	0x1
 660 01d6 4C01     		.2byte	0x14c
 661 01d8 80000000 		.4byte	0x80
 662 01dc 02       		.uleb128 0x2
 663 01dd 91       		.byte	0x91
ARM GAS  C:\Users\ylee818\AppData\Local\Temp\ccSQKZwa.s 			page 19


 664 01de 77       		.sleb128 -9
 665 01df 00       		.byte	0
 666 01e0 0E       		.uleb128 0xe
 667 01e1 F0010000 		.4byte	.LASF31
 668 01e5 01       		.byte	0x1
 669 01e6 6801     		.2byte	0x168
 670 01e8 80000000 		.4byte	0x80
 671 01ec 00000000 		.4byte	.LFB8
 672 01f0 1C000000 		.4byte	.LFE8-.LFB8
 673 01f4 01       		.uleb128 0x1
 674 01f5 9C       		.byte	0x9c
 675 01f6 10       		.uleb128 0x10
 676 01f7 0C020000 		.4byte	.LASF36
 677 01fb 01       		.byte	0x1
 678 01fc 19       		.byte	0x19
 679 01fd 80000000 		.4byte	0x80
 680 0201 05       		.uleb128 0x5
 681 0202 03       		.byte	0x3
 682 0203 00000000 		.4byte	QuadDec_M2_initVar
 683 0207 00       		.byte	0
 684              		.section	.debug_abbrev,"",%progbits
 685              	.Ldebug_abbrev0:
 686 0000 01       		.uleb128 0x1
 687 0001 11       		.uleb128 0x11
 688 0002 01       		.byte	0x1
 689 0003 25       		.uleb128 0x25
 690 0004 0E       		.uleb128 0xe
 691 0005 13       		.uleb128 0x13
 692 0006 0B       		.uleb128 0xb
 693 0007 03       		.uleb128 0x3
 694 0008 0E       		.uleb128 0xe
 695 0009 1B       		.uleb128 0x1b
 696 000a 0E       		.uleb128 0xe
 697 000b 55       		.uleb128 0x55
 698 000c 17       		.uleb128 0x17
 699 000d 11       		.uleb128 0x11
 700 000e 01       		.uleb128 0x1
 701 000f 10       		.uleb128 0x10
 702 0010 17       		.uleb128 0x17
 703 0011 00       		.byte	0
 704 0012 00       		.byte	0
 705 0013 02       		.uleb128 0x2
 706 0014 24       		.uleb128 0x24
 707 0015 00       		.byte	0
 708 0016 0B       		.uleb128 0xb
 709 0017 0B       		.uleb128 0xb
 710 0018 3E       		.uleb128 0x3e
 711 0019 0B       		.uleb128 0xb
 712 001a 03       		.uleb128 0x3
 713 001b 08       		.uleb128 0x8
 714 001c 00       		.byte	0
 715 001d 00       		.byte	0
 716 001e 03       		.uleb128 0x3
 717 001f 24       		.uleb128 0x24
 718 0020 00       		.byte	0
 719 0021 0B       		.uleb128 0xb
 720 0022 0B       		.uleb128 0xb
ARM GAS  C:\Users\ylee818\AppData\Local\Temp\ccSQKZwa.s 			page 20


 721 0023 3E       		.uleb128 0x3e
 722 0024 0B       		.uleb128 0xb
 723 0025 03       		.uleb128 0x3
 724 0026 0E       		.uleb128 0xe
 725 0027 00       		.byte	0
 726 0028 00       		.byte	0
 727 0029 04       		.uleb128 0x4
 728 002a 16       		.uleb128 0x16
 729 002b 00       		.byte	0
 730 002c 03       		.uleb128 0x3
 731 002d 0E       		.uleb128 0xe
 732 002e 3A       		.uleb128 0x3a
 733 002f 0B       		.uleb128 0xb
 734 0030 3B       		.uleb128 0x3b
 735 0031 05       		.uleb128 0x5
 736 0032 49       		.uleb128 0x49
 737 0033 13       		.uleb128 0x13
 738 0034 00       		.byte	0
 739 0035 00       		.byte	0
 740 0036 05       		.uleb128 0x5
 741 0037 35       		.uleb128 0x35
 742 0038 00       		.byte	0
 743 0039 49       		.uleb128 0x49
 744 003a 13       		.uleb128 0x13
 745 003b 00       		.byte	0
 746 003c 00       		.byte	0
 747 003d 06       		.uleb128 0x6
 748 003e 2E       		.uleb128 0x2e
 749 003f 00       		.byte	0
 750 0040 3F       		.uleb128 0x3f
 751 0041 19       		.uleb128 0x19
 752 0042 03       		.uleb128 0x3
 753 0043 0E       		.uleb128 0xe
 754 0044 3A       		.uleb128 0x3a
 755 0045 0B       		.uleb128 0xb
 756 0046 3B       		.uleb128 0x3b
 757 0047 0B       		.uleb128 0xb
 758 0048 27       		.uleb128 0x27
 759 0049 19       		.uleb128 0x19
 760 004a 11       		.uleb128 0x11
 761 004b 01       		.uleb128 0x1
 762 004c 12       		.uleb128 0x12
 763 004d 06       		.uleb128 0x6
 764 004e 40       		.uleb128 0x40
 765 004f 18       		.uleb128 0x18
 766 0050 9742     		.uleb128 0x2117
 767 0052 19       		.uleb128 0x19
 768 0053 00       		.byte	0
 769 0054 00       		.byte	0
 770 0055 07       		.uleb128 0x7
 771 0056 2E       		.uleb128 0x2e
 772 0057 01       		.byte	0x1
 773 0058 3F       		.uleb128 0x3f
 774 0059 19       		.uleb128 0x19
 775 005a 03       		.uleb128 0x3
 776 005b 0E       		.uleb128 0xe
 777 005c 3A       		.uleb128 0x3a
ARM GAS  C:\Users\ylee818\AppData\Local\Temp\ccSQKZwa.s 			page 21


 778 005d 0B       		.uleb128 0xb
 779 005e 3B       		.uleb128 0x3b
 780 005f 0B       		.uleb128 0xb
 781 0060 27       		.uleb128 0x27
 782 0061 19       		.uleb128 0x19
 783 0062 11       		.uleb128 0x11
 784 0063 01       		.uleb128 0x1
 785 0064 12       		.uleb128 0x12
 786 0065 06       		.uleb128 0x6
 787 0066 40       		.uleb128 0x40
 788 0067 18       		.uleb128 0x18
 789 0068 9642     		.uleb128 0x2116
 790 006a 19       		.uleb128 0x19
 791 006b 01       		.uleb128 0x1
 792 006c 13       		.uleb128 0x13
 793 006d 00       		.byte	0
 794 006e 00       		.byte	0
 795 006f 08       		.uleb128 0x8
 796 0070 34       		.uleb128 0x34
 797 0071 00       		.byte	0
 798 0072 03       		.uleb128 0x3
 799 0073 0E       		.uleb128 0xe
 800 0074 3A       		.uleb128 0x3a
 801 0075 0B       		.uleb128 0xb
 802 0076 3B       		.uleb128 0x3b
 803 0077 0B       		.uleb128 0xb
 804 0078 49       		.uleb128 0x49
 805 0079 13       		.uleb128 0x13
 806 007a 02       		.uleb128 0x2
 807 007b 18       		.uleb128 0x18
 808 007c 00       		.byte	0
 809 007d 00       		.byte	0
 810 007e 09       		.uleb128 0x9
 811 007f 2E       		.uleb128 0x2e
 812 0080 00       		.byte	0
 813 0081 3F       		.uleb128 0x3f
 814 0082 19       		.uleb128 0x19
 815 0083 03       		.uleb128 0x3
 816 0084 0E       		.uleb128 0xe
 817 0085 3A       		.uleb128 0x3a
 818 0086 0B       		.uleb128 0xb
 819 0087 3B       		.uleb128 0x3b
 820 0088 0B       		.uleb128 0xb
 821 0089 27       		.uleb128 0x27
 822 008a 19       		.uleb128 0x19
 823 008b 11       		.uleb128 0x11
 824 008c 01       		.uleb128 0x1
 825 008d 12       		.uleb128 0x12
 826 008e 06       		.uleb128 0x6
 827 008f 40       		.uleb128 0x40
 828 0090 18       		.uleb128 0x18
 829 0091 9642     		.uleb128 0x2116
 830 0093 19       		.uleb128 0x19
 831 0094 00       		.byte	0
 832 0095 00       		.byte	0
 833 0096 0A       		.uleb128 0xa
 834 0097 2E       		.uleb128 0x2e
ARM GAS  C:\Users\ylee818\AppData\Local\Temp\ccSQKZwa.s 			page 22


 835 0098 01       		.byte	0x1
 836 0099 3F       		.uleb128 0x3f
 837 009a 19       		.uleb128 0x19
 838 009b 03       		.uleb128 0x3
 839 009c 0E       		.uleb128 0xe
 840 009d 3A       		.uleb128 0x3a
 841 009e 0B       		.uleb128 0xb
 842 009f 3B       		.uleb128 0x3b
 843 00a0 0B       		.uleb128 0xb
 844 00a1 27       		.uleb128 0x27
 845 00a2 19       		.uleb128 0x19
 846 00a3 49       		.uleb128 0x49
 847 00a4 13       		.uleb128 0x13
 848 00a5 11       		.uleb128 0x11
 849 00a6 01       		.uleb128 0x1
 850 00a7 12       		.uleb128 0x12
 851 00a8 06       		.uleb128 0x6
 852 00a9 40       		.uleb128 0x40
 853 00aa 18       		.uleb128 0x18
 854 00ab 9642     		.uleb128 0x2116
 855 00ad 19       		.uleb128 0x19
 856 00ae 01       		.uleb128 0x1
 857 00af 13       		.uleb128 0x13
 858 00b0 00       		.byte	0
 859 00b1 00       		.byte	0
 860 00b2 0B       		.uleb128 0xb
 861 00b3 2E       		.uleb128 0x2e
 862 00b4 01       		.byte	0x1
 863 00b5 3F       		.uleb128 0x3f
 864 00b6 19       		.uleb128 0x19
 865 00b7 03       		.uleb128 0x3
 866 00b8 0E       		.uleb128 0xe
 867 00b9 3A       		.uleb128 0x3a
 868 00ba 0B       		.uleb128 0xb
 869 00bb 3B       		.uleb128 0x3b
 870 00bc 05       		.uleb128 0x5
 871 00bd 27       		.uleb128 0x27
 872 00be 19       		.uleb128 0x19
 873 00bf 11       		.uleb128 0x11
 874 00c0 01       		.uleb128 0x1
 875 00c1 12       		.uleb128 0x12
 876 00c2 06       		.uleb128 0x6
 877 00c3 40       		.uleb128 0x40
 878 00c4 18       		.uleb128 0x18
 879 00c5 9642     		.uleb128 0x2116
 880 00c7 19       		.uleb128 0x19
 881 00c8 01       		.uleb128 0x1
 882 00c9 13       		.uleb128 0x13
 883 00ca 00       		.byte	0
 884 00cb 00       		.byte	0
 885 00cc 0C       		.uleb128 0xc
 886 00cd 05       		.uleb128 0x5
 887 00ce 00       		.byte	0
 888 00cf 03       		.uleb128 0x3
 889 00d0 0E       		.uleb128 0xe
 890 00d1 3A       		.uleb128 0x3a
 891 00d2 0B       		.uleb128 0xb
ARM GAS  C:\Users\ylee818\AppData\Local\Temp\ccSQKZwa.s 			page 23


 892 00d3 3B       		.uleb128 0x3b
 893 00d4 05       		.uleb128 0x5
 894 00d5 49       		.uleb128 0x49
 895 00d6 13       		.uleb128 0x13
 896 00d7 02       		.uleb128 0x2
 897 00d8 18       		.uleb128 0x18
 898 00d9 00       		.byte	0
 899 00da 00       		.byte	0
 900 00db 0D       		.uleb128 0xd
 901 00dc 34       		.uleb128 0x34
 902 00dd 00       		.byte	0
 903 00de 03       		.uleb128 0x3
 904 00df 0E       		.uleb128 0xe
 905 00e0 3A       		.uleb128 0x3a
 906 00e1 0B       		.uleb128 0xb
 907 00e2 3B       		.uleb128 0x3b
 908 00e3 05       		.uleb128 0x5
 909 00e4 49       		.uleb128 0x49
 910 00e5 13       		.uleb128 0x13
 911 00e6 02       		.uleb128 0x2
 912 00e7 18       		.uleb128 0x18
 913 00e8 00       		.byte	0
 914 00e9 00       		.byte	0
 915 00ea 0E       		.uleb128 0xe
 916 00eb 2E       		.uleb128 0x2e
 917 00ec 00       		.byte	0
 918 00ed 3F       		.uleb128 0x3f
 919 00ee 19       		.uleb128 0x19
 920 00ef 03       		.uleb128 0x3
 921 00f0 0E       		.uleb128 0xe
 922 00f1 3A       		.uleb128 0x3a
 923 00f2 0B       		.uleb128 0xb
 924 00f3 3B       		.uleb128 0x3b
 925 00f4 05       		.uleb128 0x5
 926 00f5 27       		.uleb128 0x27
 927 00f6 19       		.uleb128 0x19
 928 00f7 49       		.uleb128 0x49
 929 00f8 13       		.uleb128 0x13
 930 00f9 11       		.uleb128 0x11
 931 00fa 01       		.uleb128 0x1
 932 00fb 12       		.uleb128 0x12
 933 00fc 06       		.uleb128 0x6
 934 00fd 40       		.uleb128 0x40
 935 00fe 18       		.uleb128 0x18
 936 00ff 9742     		.uleb128 0x2117
 937 0101 19       		.uleb128 0x19
 938 0102 00       		.byte	0
 939 0103 00       		.byte	0
 940 0104 0F       		.uleb128 0xf
 941 0105 2E       		.uleb128 0x2e
 942 0106 01       		.byte	0x1
 943 0107 3F       		.uleb128 0x3f
 944 0108 19       		.uleb128 0x19
 945 0109 03       		.uleb128 0x3
 946 010a 0E       		.uleb128 0xe
 947 010b 3A       		.uleb128 0x3a
 948 010c 0B       		.uleb128 0xb
ARM GAS  C:\Users\ylee818\AppData\Local\Temp\ccSQKZwa.s 			page 24


 949 010d 3B       		.uleb128 0x3b
 950 010e 05       		.uleb128 0x5
 951 010f 27       		.uleb128 0x27
 952 0110 19       		.uleb128 0x19
 953 0111 11       		.uleb128 0x11
 954 0112 01       		.uleb128 0x1
 955 0113 12       		.uleb128 0x12
 956 0114 06       		.uleb128 0x6
 957 0115 40       		.uleb128 0x40
 958 0116 18       		.uleb128 0x18
 959 0117 9742     		.uleb128 0x2117
 960 0119 19       		.uleb128 0x19
 961 011a 01       		.uleb128 0x1
 962 011b 13       		.uleb128 0x13
 963 011c 00       		.byte	0
 964 011d 00       		.byte	0
 965 011e 10       		.uleb128 0x10
 966 011f 34       		.uleb128 0x34
 967 0120 00       		.byte	0
 968 0121 03       		.uleb128 0x3
 969 0122 0E       		.uleb128 0xe
 970 0123 3A       		.uleb128 0x3a
 971 0124 0B       		.uleb128 0xb
 972 0125 3B       		.uleb128 0x3b
 973 0126 0B       		.uleb128 0xb
 974 0127 49       		.uleb128 0x49
 975 0128 13       		.uleb128 0x13
 976 0129 3F       		.uleb128 0x3f
 977 012a 19       		.uleb128 0x19
 978 012b 02       		.uleb128 0x2
 979 012c 18       		.uleb128 0x18
 980 012d 00       		.byte	0
 981 012e 00       		.byte	0
 982 012f 00       		.byte	0
 983              		.section	.debug_aranges,"",%progbits
 984 0000 5C000000 		.4byte	0x5c
 985 0004 0200     		.2byte	0x2
 986 0006 00000000 		.4byte	.Ldebug_info0
 987 000a 04       		.byte	0x4
 988 000b 00       		.byte	0
 989 000c 0000     		.2byte	0
 990 000e 0000     		.2byte	0
 991 0010 00000000 		.4byte	.LFB0
 992 0014 0C000000 		.4byte	.LFE0-.LFB0
 993 0018 00000000 		.4byte	.LFB1
 994 001c 3C000000 		.4byte	.LFE1-.LFB1
 995 0020 00000000 		.4byte	.LFB2
 996 0024 30000000 		.4byte	.LFE2-.LFB2
 997 0028 00000000 		.4byte	.LFB3
 998 002c 38000000 		.4byte	.LFE3-.LFB3
 999 0030 00000000 		.4byte	.LFB4
 1000 0034 24000000 		.4byte	.LFE4-.LFB4
 1001 0038 00000000 		.4byte	.LFB5
 1002 003c 34000000 		.4byte	.LFE5-.LFB5
 1003 0040 00000000 		.4byte	.LFB6
 1004 0044 1C000000 		.4byte	.LFE6-.LFB6
 1005 0048 00000000 		.4byte	.LFB7
ARM GAS  C:\Users\ylee818\AppData\Local\Temp\ccSQKZwa.s 			page 25


 1006 004c 20000000 		.4byte	.LFE7-.LFB7
 1007 0050 00000000 		.4byte	.LFB8
 1008 0054 1C000000 		.4byte	.LFE8-.LFB8
 1009 0058 00000000 		.4byte	0
 1010 005c 00000000 		.4byte	0
 1011              		.section	.debug_ranges,"",%progbits
 1012              	.Ldebug_ranges0:
 1013 0000 00000000 		.4byte	.LFB0
 1014 0004 0C000000 		.4byte	.LFE0
 1015 0008 00000000 		.4byte	.LFB1
 1016 000c 3C000000 		.4byte	.LFE1
 1017 0010 00000000 		.4byte	.LFB2
 1018 0014 30000000 		.4byte	.LFE2
 1019 0018 00000000 		.4byte	.LFB3
 1020 001c 38000000 		.4byte	.LFE3
 1021 0020 00000000 		.4byte	.LFB4
 1022 0024 24000000 		.4byte	.LFE4
 1023 0028 00000000 		.4byte	.LFB5
 1024 002c 34000000 		.4byte	.LFE5
 1025 0030 00000000 		.4byte	.LFB6
 1026 0034 1C000000 		.4byte	.LFE6
 1027 0038 00000000 		.4byte	.LFB7
 1028 003c 20000000 		.4byte	.LFE7
 1029 0040 00000000 		.4byte	.LFB8
 1030 0044 1C000000 		.4byte	.LFE8
 1031 0048 00000000 		.4byte	0
 1032 004c 00000000 		.4byte	0
 1033              		.section	.debug_line,"",%progbits
 1034              	.Ldebug_line0:
 1035 0000 06010000 		.section	.debug_str,"MS",%progbits,1
 1035      02004700 
 1035      00000201 
 1035      FB0E0D00 
 1035      01010101 
 1036              	.LASF32:
 1037 0000 474E5520 		.ascii	"GNU C11 5.4.1 20160609 (release) [ARM/embedded-5-br"
 1037      43313120 
 1037      352E342E 
 1037      31203230 
 1037      31363036 
 1038 0033 616E6368 		.ascii	"anch revision 237715] -mcpu=cortex-m3 -mthumb -g -O"
 1038      20726576 
 1038      6973696F 
 1038      6E203233 
 1038      37373135 
 1039 0066 30202D66 		.ascii	"0 -ffunction-sections -ffat-lto-objects\000"
 1039      66756E63 
 1039      74696F6E 
 1039      2D736563 
 1039      74696F6E 
 1040              	.LASF27:
 1041 008e 51756164 		.ascii	"QuadDec_M2_SetInterruptMask\000"
 1041      4465635F 
 1041      4D325F53 
 1041      6574496E 
 1041      74657272 
 1042              	.LASF19:
ARM GAS  C:\Users\ylee818\AppData\Local\Temp\ccSQKZwa.s 			page 26


 1043 00aa 51756164 		.ascii	"QuadDec_M2_Init\000"
 1043      4465635F 
 1043      4D325F49 
 1043      6E697400 
 1044              	.LASF28:
 1045 00ba 76616C75 		.ascii	"value\000"
 1045      6500
 1046              	.LASF24:
 1047 00c0 636F756E 		.ascii	"count\000"
 1047      7400
 1048              	.LASF29:
 1049 00c6 6D61736B 		.ascii	"mask\000"
 1049      00
 1050              	.LASF21:
 1051 00cb 51756164 		.ascii	"QuadDec_M2_Enable\000"
 1051      4465635F 
 1051      4D325F45 
 1051      6E61626C 
 1051      6500
 1052              	.LASF6:
 1053 00dd 73686F72 		.ascii	"short unsigned int\000"
 1053      7420756E 
 1053      7369676E 
 1053      65642069 
 1053      6E7400
 1054              	.LASF22:
 1055 00f0 51756164 		.ascii	"QuadDec_M2_Stop\000"
 1055      4465635F 
 1055      4D325F53 
 1055      746F7000 
 1056              	.LASF16:
 1057 0100 666C6F61 		.ascii	"float\000"
 1057      7400
 1058              	.LASF4:
 1059 0106 756E7369 		.ascii	"unsigned char\000"
 1059      676E6564 
 1059      20636861 
 1059      7200
 1060              	.LASF18:
 1061 0114 72656738 		.ascii	"reg8\000"
 1061      00
 1062              	.LASF14:
 1063 0119 696E7431 		.ascii	"int16\000"
 1063      3600
 1064              	.LASF8:
 1065 011f 6C6F6E67 		.ascii	"long unsigned int\000"
 1065      20756E73 
 1065      69676E65 
 1065      6420696E 
 1065      7400
 1066              	.LASF15:
 1067 0131 696E7433 		.ascii	"int32\000"
 1067      3200
 1068              	.LASF25:
 1069 0137 746D7043 		.ascii	"tmpCnt\000"
 1069      6E7400
 1070              	.LASF7:
ARM GAS  C:\Users\ylee818\AppData\Local\Temp\ccSQKZwa.s 			page 27


 1071 013e 6C6F6E67 		.ascii	"long int\000"
 1071      20696E74 
 1071      00
 1072              	.LASF23:
 1073 0147 656E6162 		.ascii	"enableInterrupts\000"
 1073      6C65496E 
 1073      74657272 
 1073      75707473 
 1073      00
 1074              	.LASF17:
 1075 0158 646F7562 		.ascii	"double\000"
 1075      6C6500
 1076              	.LASF30:
 1077 015f 51756164 		.ascii	"QuadDec_M2_GetEvents\000"
 1077      4465635F 
 1077      4D325F47 
 1077      65744576 
 1077      656E7473 
 1078              	.LASF33:
 1079 0174 47656E65 		.ascii	"Generated_Source\\PSoC5\\QuadDec_M2.c\000"
 1079      72617465 
 1079      645F536F 
 1079      75726365 
 1079      5C50536F 
 1080              	.LASF13:
 1081 0198 75696E74 		.ascii	"uint16\000"
 1081      313600
 1082              	.LASF35:
 1083 019f 51756164 		.ascii	"QuadDec_M2_GetCounter\000"
 1083      4465635F 
 1083      4D325F47 
 1083      6574436F 
 1083      756E7465 
 1084              	.LASF0:
 1085 01b5 756E7369 		.ascii	"unsigned int\000"
 1085      676E6564 
 1085      20696E74 
 1085      00
 1086              	.LASF9:
 1087 01c2 6C6F6E67 		.ascii	"long long unsigned int\000"
 1087      206C6F6E 
 1087      6720756E 
 1087      7369676E 
 1087      65642069 
 1088              	.LASF10:
 1089 01d9 73697A65 		.ascii	"sizetype\000"
 1089      74797065 
 1089      00
 1090              	.LASF1:
 1091 01e2 6C6F6E67 		.ascii	"long long int\000"
 1091      206C6F6E 
 1091      6720696E 
 1091      7400
 1092              	.LASF31:
 1093 01f0 51756164 		.ascii	"QuadDec_M2_GetInterruptMask\000"
 1093      4465635F 
 1093      4D325F47 
ARM GAS  C:\Users\ylee818\AppData\Local\Temp\ccSQKZwa.s 			page 28


 1093      6574496E 
 1093      74657272 
 1094              	.LASF36:
 1095 020c 51756164 		.ascii	"QuadDec_M2_initVar\000"
 1095      4465635F 
 1095      4D325F69 
 1095      6E697456 
 1095      617200
 1096              	.LASF5:
 1097 021f 73686F72 		.ascii	"short int\000"
 1097      7420696E 
 1097      7400
 1098              	.LASF12:
 1099 0229 75696E74 		.ascii	"uint8\000"
 1099      3800
 1100              	.LASF20:
 1101 022f 51756164 		.ascii	"QuadDec_M2_Start\000"
 1101      4465635F 
 1101      4D325F53 
 1101      74617274 
 1101      00
 1102              	.LASF11:
 1103 0240 63686172 		.ascii	"char\000"
 1103      00
 1104              	.LASF2:
 1105 0245 6C6F6E67 		.ascii	"long double\000"
 1105      20646F75 
 1105      626C6500 
 1106              	.LASF3:
 1107 0251 7369676E 		.ascii	"signed char\000"
 1107      65642063 
 1107      68617200 
 1108              	.LASF26:
 1109 025d 51756164 		.ascii	"QuadDec_M2_SetCounter\000"
 1109      4465635F 
 1109      4D325F53 
 1109      6574436F 
 1109      756E7465 
 1110              	.LASF34:
 1111 0273 433A5C55 		.ascii	"C:\\Users\\ylee818\\Documents\\GitHub\\COMPSYS301\\"
 1111      73657273 
 1111      5C796C65 
 1111      65383138 
 1111      5C446F63 
 1112 02a0 42656E63 		.ascii	"Benchmarktest___combined\\Benchmarktest___combined\\"
 1112      686D6172 
 1112      6B746573 
 1112      745F5F5F 
 1112      636F6D62 
 1113 02d2 70736F63 		.ascii	"psoc student pack\\psoc_code_base\\CS301_Class.cyds"
 1113      20737475 
 1113      64656E74 
 1113      20706163 
 1113      6B5C7073 
 1114 0303 6E00     		.ascii	"n\000"
 1115              		.ident	"GCC: (GNU Tools for ARM Embedded Processors) 5.4.1 20160609 (release) [ARM/embedded-5-bran
